Archive member included because of file (symbol)

C:/Program Files/Microchip/MPLAB C32 Suite/bin/../lib/gcc/pic32mx/3.4.4/../../../../pic32mx/lib\libc.a(memcpy.o)
                              Objects\C32\usb_host_android_protocol_v1.o (memcpy)
C:/Program Files/Microchip/MPLAB C32 Suite/bin/../lib/gcc/pic32mx/3.4.4/../../../../pic32mx/lib\libc.a(memset.o)
                              Objects\C32\usb_host_android_protocol_v1.o (memset)
C:/Program Files/Microchip/MPLAB C32 Suite/bin/../lib/gcc/pic32mx/3.4.4/../../../../pic32mx/lib\libc.a(general-exception.o)
                              C:/Program Files/Microchip/MPLAB C32 Suite/bin/../lib/gcc/pic32mx/3.4.4/../../../../pic32mx/lib/crt0.o (_general_exception_context)
C:/Program Files/Microchip/MPLAB C32 Suite/bin/../lib/gcc/pic32mx/3.4.4/../../../../pic32mx/lib\libc.a(exit.o)
                              C:/Program Files/Microchip/MPLAB C32 Suite/bin/../lib/gcc/pic32mx/3.4.4/../../../../pic32mx/lib/crt0.o (exit)
C:/Program Files/Microchip/MPLAB C32 Suite/bin/../lib/gcc/pic32mx/3.4.4/../../../../pic32mx/lib\libc.a(malloc.o)
                              Objects\C32\usb_host.o (free)
C:/Program Files/Microchip/MPLAB C32 Suite/bin/../lib/gcc/pic32mx/3.4.4/../../../../pic32mx/lib\libc.a(errno.o)
                              C:/Program Files/Microchip/MPLAB C32 Suite/bin/../lib/gcc/pic32mx/3.4.4/../../../../pic32mx/lib\libc.a(malloc.o) (errno)
C:/Program Files/Microchip/MPLAB C32 Suite/bin/../lib/gcc/pic32mx/3.4.4/../../../../pic32mx/lib\libc.a(sbrk.o)
                              C:/Program Files/Microchip/MPLAB C32 Suite/bin/../lib/gcc/pic32mx/3.4.4/../../../../pic32mx/lib\libc.a(malloc.o) (getpagesize)
C:/Program Files/Microchip/MPLAB C32 Suite/bin/../lib/gcc/pic32mx/3.4.4/../../../../pic32mx/lib\libc.a(default-bootstrap-exception-handler.o)
                              C:/Program Files/Microchip/MPLAB C32 Suite/bin/../lib/gcc/pic32mx/3.4.4/../../../../pic32mx/lib/crt0.o (_bootstrap_exception_handler)
C:/Program Files/Microchip/MPLAB C32 Suite/bin/../lib/gcc/pic32mx/3.4.4/../../../../pic32mx/lib\libc.a(default-on-reset.o)
                              C:/Program Files/Microchip/MPLAB C32 Suite/bin/../lib/gcc/pic32mx/3.4.4/../../../../pic32mx/lib/crt0.o (_on_reset)
C:/Program Files/Microchip/MPLAB C32 Suite/bin/../lib/gcc/pic32mx/3.4.4/../../../../pic32mx/lib\libc.a(default-on-bootstrap.o)
                              C:/Program Files/Microchip/MPLAB C32 Suite/bin/../lib/gcc/pic32mx/3.4.4/../../../../pic32mx/lib/crt0.o (_on_bootstrap)
C:/Program Files/Microchip/MPLAB C32 Suite/bin/../lib/gcc/pic32mx/3.4.4/../../../../pic32mx/lib\libc.a(default-nmi-handler.o)
                              C:/Program Files/Microchip/MPLAB C32 Suite/bin/../lib/gcc/pic32mx/3.4.4/../../../../pic32mx/lib/crt0.o (_nmi_handler)
C:/Program Files/Microchip/MPLAB C32 Suite/bin/../lib/gcc/pic32mx/3.4.4/../../../../pic32mx/lib\libc.a(_exit.o)
                              C:/Program Files/Microchip/MPLAB C32 Suite/bin/../lib/gcc/pic32mx/3.4.4/../../../../pic32mx/lib\libc.a(exit.o) (_exit)
C:/Program Files/Microchip/MPLAB C32 Suite/bin/../lib/gcc/pic32mx/3.4.4/../../../../pic32mx/lib\libc.a(stubs.o)
                              C:/Program Files/Microchip/MPLAB C32 Suite/bin/../lib/gcc/pic32mx/3.4.4/../../../../pic32mx/lib\libc.a(sbrk.o) (pthread_mutex_lock)
C:/Program Files/Microchip/MPLAB C32 Suite/bin/../lib/gcc/pic32mx/3.4.4/../../../../pic32mx/lib\libmchp_peripheral_32MX795F512L.a(pcache.o)
                              Objects\C32\main.o (CheKseg0CacheOn)
C:/Program Files/Microchip/MPLAB C32 Suite/bin/../lib/gcc/pic32mx/3.4.4/../../../../pic32mx/lib\libmchp_peripheral_32MX795F512L.a(int_enable_interrupts_lib.o)
                              Objects\C32\main.o (INTEnableInterrupts)
C:/Program Files/Microchip/MPLAB C32 Suite/bin/../lib/gcc/pic32mx/3.4.4/../../../../pic32mx/lib\libmchp_peripheral_32MX795F512L.a(int_disable_interrupts_lib.o)
                              Objects\C32\main.o (INTDisableInterrupts)
C:/Program Files/Microchip/MPLAB C32 Suite/bin/../lib/gcc/pic32mx/3.4.4/../../../../pic32mx/lib\libmchp_peripheral_32MX795F512L.a(int_restore_interrupts_lib.o)
                              Objects\C32\main.o (INTRestoreInterrupts)
C:/Program Files/Microchip/MPLAB C32 Suite/bin/../lib/gcc/pic32mx/3.4.4/../../../../pic32mx/lib\libmchp_peripheral_32MX795F512L.a(int_enable_mv_int_lib.o)
                              Objects\C32\main.o (INTEnableSystemMultiVectoredInt)

Allocating common symbols
Common symbol       size              file

usbOverrideHostState
                    0x2               Objects\C32\usb_host.o
accessoryInfo       0x4               Objects\C32\usb_host_android.o

Microchip PIC32 Memory-Usage Report

kseg0 Program-Memory Usage
section                    address  length [bytes]      (dec)  Description
-------                 ----------  -------------------------  -----------
.text                   0x9d000000         0xba30       47664  Application's executable code 
.rodata                 0x9d00ba30          0x1b8         440  Read-only constant data 
.data                   0x9d00bbe8          0x518        1304  Data-initialization template 
.sdata                  0x9d00c100            0x8           8  Small data-initialization template 
      Total kseg0_program_mem used  :      0xc108       49416  9.4% of 0x80000

kseg0 Boot-Memory Usage
section                    address  length [bytes]      (dec)  Description
-------                 ----------  -------------------------  -----------
.startup                0x9fc00490          0x1e0         480  C startup code 
         Total kseg0_boot_mem used  :       0x1e0         480  19.9% of 0x970

Exception-Memory Usage 
section                    address  length [bytes]      (dec)  Description
-------                 ----------  -------------------------  -----------
.app_excpt              0x9fc01180           0x10          16  General-Exception handler 
.vector_45              0x9fc017a0            0x8           8  Interrupt Vector 45 
          Total exception_mem used  :        0x18          24  0.6% of 0x1000

kseg1 Boot-Memory Usage
section                    address  length [bytes]      (dec)  Description
-------                 ----------  -------------------------  -----------
.reset                  0xbfc00000           0x10          16  Reset handler 
.bev_excpt              0xbfc00380           0x10          16  BEV-Exception handler 
         Total kseg1_boot_mem used  :        0x20          32  2.7% of 0x490
        --------------------------------------------------------------------------
         Total Program Memory used  :      0xc320       49952  9.4% of 0x81e00
        --------------------------------------------------------------------------


kseg1 Data-Memory Usage
section                    address  length [bytes]      (dec)  Description
-------                 ----------  -------------------------  -----------
.data                   0xa0000200          0x518        1304  Initialized data 
.sdata                  0xa0000718            0x8           8  Small initialized data 
.sbss                   0xa0000720           0x54          84  Small uninitialized data 
.bss                    0xa0000800          0xb38        2872  Uninitialized data 
.stack                  0xa0001338          0x400        1024  Minimum space reserved for stack 
         Total kseg1_data_mem used  :      0x14ac        5292  4.0% of 0x20000
        --------------------------------------------------------------------------
            Total Data Memory used  :      0x14ac        5292  4.0% of 0x20000
        --------------------------------------------------------------------------

Discarded input sections

 .reginfo       0x00000000       0x18 C:/Program Files/Microchip/MPLAB C32 Suite/bin/../lib/gcc/pic32mx/3.4.4/../../../../pic32mx/lib/crt0.o
 .pdr           0x00000000       0xa0 C:/Program Files/Microchip/MPLAB C32 Suite/bin/../lib/gcc/pic32mx/3.4.4/../../../../pic32mx/lib/crt0.o
 .reginfo       0x00000000       0x18 Objects\C32\main.o
 .pdr           0x00000000       0xc0 Objects\C32\main.o
 .reginfo       0x00000000       0x18 Objects\C32\usb_host.o
 .pdr           0x00000000      0x4e0 Objects\C32\usb_host.o
 .reginfo       0x00000000       0x18 Objects\C32\usb_host_android_protocol_v1.o
 .pdr           0x00000000      0x160 Objects\C32\usb_host_android_protocol_v1.o
 .reginfo       0x00000000       0x18 Objects\C32\usb_host_android.o
 .pdr           0x00000000      0x160 Objects\C32\usb_host_android.o
 .reginfo       0x00000000       0x18 Objects\C32\usb_config.o
 .pdr           0x00000000        0x0 Objects\C32\usb_config.o
 .reginfo       0x00000000       0x18 Objects\C32\custom_bin_boot.o
 .pdr           0x00000000       0x60 Objects\C32\custom_bin_boot.o
 .reginfo       0x00000000       0x18 Objects\C32\boot_commands.o
 .pdr           0x00000000       0x20 Objects\C32\boot_commands.o
 .reginfo       0x00000000       0x18 Objects\C32\boot_hal_pic32.o
 .pdr           0x00000000       0x40 Objects\C32\boot_hal_pic32.o
 .reginfo       0x00000000       0x18 C:/Program Files/Microchip/MPLAB C32 Suite/bin/../lib/gcc/pic32mx/3.4.4/../../../../pic32mx/lib\libc.a(memcpy.o)
 .pdr           0x00000000       0x20 C:/Program Files/Microchip/MPLAB C32 Suite/bin/../lib/gcc/pic32mx/3.4.4/../../../../pic32mx/lib\libc.a(memcpy.o)
 .reginfo       0x00000000       0x18 C:/Program Files/Microchip/MPLAB C32 Suite/bin/../lib/gcc/pic32mx/3.4.4/../../../../pic32mx/lib\libc.a(memset.o)
 .pdr           0x00000000       0x20 C:/Program Files/Microchip/MPLAB C32 Suite/bin/../lib/gcc/pic32mx/3.4.4/../../../../pic32mx/lib\libc.a(memset.o)
 .reginfo       0x00000000       0x18 C:/Program Files/Microchip/MPLAB C32 Suite/bin/../lib/gcc/pic32mx/3.4.4/../../../../pic32mx/lib\libc.a(general-exception.o)
 .pdr           0x00000000       0x20 C:/Program Files/Microchip/MPLAB C32 Suite/bin/../lib/gcc/pic32mx/3.4.4/../../../../pic32mx/lib\libc.a(general-exception.o)
 .reginfo       0x00000000       0x18 C:/Program Files/Microchip/MPLAB C32 Suite/bin/../lib/gcc/pic32mx/3.4.4/../../../../pic32mx/lib\libc.a(exit.o)
 .pdr           0x00000000       0x20 C:/Program Files/Microchip/MPLAB C32 Suite/bin/../lib/gcc/pic32mx/3.4.4/../../../../pic32mx/lib\libc.a(exit.o)
 .reginfo       0x00000000       0x18 C:/Program Files/Microchip/MPLAB C32 Suite/bin/../lib/gcc/pic32mx/3.4.4/../../../../pic32mx/lib\libc.a(malloc.o)
 .pdr           0x00000000       0x60 C:/Program Files/Microchip/MPLAB C32 Suite/bin/../lib/gcc/pic32mx/3.4.4/../../../../pic32mx/lib\libc.a(malloc.o)
 .reginfo       0x00000000       0x18 C:/Program Files/Microchip/MPLAB C32 Suite/bin/../lib/gcc/pic32mx/3.4.4/../../../../pic32mx/lib\libc.a(errno.o)
 .pdr           0x00000000        0x0 C:/Program Files/Microchip/MPLAB C32 Suite/bin/../lib/gcc/pic32mx/3.4.4/../../../../pic32mx/lib\libc.a(errno.o)
 .reginfo       0x00000000       0x18 C:/Program Files/Microchip/MPLAB C32 Suite/bin/../lib/gcc/pic32mx/3.4.4/../../../../pic32mx/lib\libc.a(sbrk.o)
 .pdr           0x00000000       0xa0 C:/Program Files/Microchip/MPLAB C32 Suite/bin/../lib/gcc/pic32mx/3.4.4/../../../../pic32mx/lib\libc.a(sbrk.o)
 .reginfo       0x00000000       0x18 C:/Program Files/Microchip/MPLAB C32 Suite/bin/../lib/gcc/pic32mx/3.4.4/../../../../pic32mx/lib\libc.a(default-bootstrap-exception-handler.o)
 .pdr           0x00000000       0x20 C:/Program Files/Microchip/MPLAB C32 Suite/bin/../lib/gcc/pic32mx/3.4.4/../../../../pic32mx/lib\libc.a(default-bootstrap-exception-handler.o)
 .reginfo       0x00000000       0x18 C:/Program Files/Microchip/MPLAB C32 Suite/bin/../lib/gcc/pic32mx/3.4.4/../../../../pic32mx/lib\libc.a(default-on-reset.o)
 .pdr           0x00000000       0x20 C:/Program Files/Microchip/MPLAB C32 Suite/bin/../lib/gcc/pic32mx/3.4.4/../../../../pic32mx/lib\libc.a(default-on-reset.o)
 .reginfo       0x00000000       0x18 C:/Program Files/Microchip/MPLAB C32 Suite/bin/../lib/gcc/pic32mx/3.4.4/../../../../pic32mx/lib\libc.a(default-on-bootstrap.o)
 .pdr           0x00000000       0x20 C:/Program Files/Microchip/MPLAB C32 Suite/bin/../lib/gcc/pic32mx/3.4.4/../../../../pic32mx/lib\libc.a(default-on-bootstrap.o)
 .reginfo       0x00000000       0x18 C:/Program Files/Microchip/MPLAB C32 Suite/bin/../lib/gcc/pic32mx/3.4.4/../../../../pic32mx/lib\libc.a(default-nmi-handler.o)
 .pdr           0x00000000       0x20 C:/Program Files/Microchip/MPLAB C32 Suite/bin/../lib/gcc/pic32mx/3.4.4/../../../../pic32mx/lib\libc.a(default-nmi-handler.o)
 .reginfo       0x00000000       0x18 C:/Program Files/Microchip/MPLAB C32 Suite/bin/../lib/gcc/pic32mx/3.4.4/../../../../pic32mx/lib\libc.a(_exit.o)
 .pdr           0x00000000       0x20 C:/Program Files/Microchip/MPLAB C32 Suite/bin/../lib/gcc/pic32mx/3.4.4/../../../../pic32mx/lib\libc.a(_exit.o)
 .reginfo       0x00000000       0x18 C:/Program Files/Microchip/MPLAB C32 Suite/bin/../lib/gcc/pic32mx/3.4.4/../../../../pic32mx/lib\libc.a(stubs.o)
 .pdr           0x00000000      0x2c0 C:/Program Files/Microchip/MPLAB C32 Suite/bin/../lib/gcc/pic32mx/3.4.4/../../../../pic32mx/lib\libc.a(stubs.o)
 .reginfo       0x00000000       0x18 C:/Program Files/Microchip/MPLAB C32 Suite/bin/../lib/gcc/pic32mx/3.4.4/../../../../pic32mx/lib\libmchp_peripheral_32MX795F512L.a(pcache.o)
 .pdr           0x00000000       0x40 C:/Program Files/Microchip/MPLAB C32 Suite/bin/../lib/gcc/pic32mx/3.4.4/../../../../pic32mx/lib\libmchp_peripheral_32MX795F512L.a(pcache.o)
 .reginfo       0x00000000       0x18 C:/Program Files/Microchip/MPLAB C32 Suite/bin/../lib/gcc/pic32mx/3.4.4/../../../../pic32mx/lib\libmchp_peripheral_32MX795F512L.a(int_enable_interrupts_lib.o)
 .pdr           0x00000000       0x20 C:/Program Files/Microchip/MPLAB C32 Suite/bin/../lib/gcc/pic32mx/3.4.4/../../../../pic32mx/lib\libmchp_peripheral_32MX795F512L.a(int_enable_interrupts_lib.o)
 .reginfo       0x00000000       0x18 C:/Program Files/Microchip/MPLAB C32 Suite/bin/../lib/gcc/pic32mx/3.4.4/../../../../pic32mx/lib\libmchp_peripheral_32MX795F512L.a(int_disable_interrupts_lib.o)
 .pdr           0x00000000       0x20 C:/Program Files/Microchip/MPLAB C32 Suite/bin/../lib/gcc/pic32mx/3.4.4/../../../../pic32mx/lib\libmchp_peripheral_32MX795F512L.a(int_disable_interrupts_lib.o)
 .reginfo       0x00000000       0x18 C:/Program Files/Microchip/MPLAB C32 Suite/bin/../lib/gcc/pic32mx/3.4.4/../../../../pic32mx/lib\libmchp_peripheral_32MX795F512L.a(int_restore_interrupts_lib.o)
 .pdr           0x00000000       0x20 C:/Program Files/Microchip/MPLAB C32 Suite/bin/../lib/gcc/pic32mx/3.4.4/../../../../pic32mx/lib\libmchp_peripheral_32MX795F512L.a(int_restore_interrupts_lib.o)
 .reginfo       0x00000000       0x18 C:/Program Files/Microchip/MPLAB C32 Suite/bin/../lib/gcc/pic32mx/3.4.4/../../../../pic32mx/lib\libmchp_peripheral_32MX795F512L.a(int_enable_mv_int_lib.o)
 .pdr           0x00000000       0x20 C:/Program Files/Microchip/MPLAB C32 Suite/bin/../lib/gcc/pic32mx/3.4.4/../../../../pic32mx/lib\libmchp_peripheral_32MX795F512L.a(int_enable_mv_int_lib.o)
 .reginfo       0x00000000       0x18 C:/Program Files/Microchip/MPLAB C32 Suite/bin/../lib/gcc/pic32mx/3.4.4/../../../../pic32mx/lib/./proc/32MX795F512L\processor.o
 .pdr           0x00000000        0x0 C:/Program Files/Microchip/MPLAB C32 Suite/bin/../lib/gcc/pic32mx/3.4.4/../../../../pic32mx/lib/./proc/32MX795F512L\processor.o

Memory Configuration

Name             Origin             Length             Attributes
kseg0_program_mem 0x9d000000         0x00080000         xr
kseg0_boot_mem   0x9fc00490         0x00000970
exception_mem    0x9fc01000         0x00001000
kseg1_boot_mem   0xbfc00000         0x00000490
debug_exec_mem   0xbfc02000         0x00000ff0
config3          0xbfc02ff0         0x00000004
config2          0xbfc02ff4         0x00000004
config1          0xbfc02ff8         0x00000004
config0          0xbfc02ffc         0x00000004
kseg1_data_mem   0xa0000000         0x00020000         w !x
sfrs             0xbf800000         0x00100000
configsfrs       0xbfc02ff0         0x00000010
*default*        0x00000000         0xffffffff

Linker script and memory map

LOAD C:/Program Files/Microchip/MPLAB C32 Suite/bin/../lib/gcc/pic32mx/3.4.4/../../../../pic32mx/lib/crt0.o
                0x00000001                _DEBUGGER = 0x1
LOAD Objects\C32\main.o
LOAD Objects\C32\usb_host.o
LOAD Objects\C32\usb_host_android_protocol_v1.o
LOAD Objects\C32\usb_host_android.o
LOAD Objects\C32\usb_config.o
LOAD Objects\C32\custom_bin_boot.o
LOAD Objects\C32\boot_commands.o
LOAD Objects\C32\boot_hal_pic32.o
                0x00000001                __MPLAB_BUILD = 0x1
                0x00000001                __MPLAB_DEBUG = 0x1
                0x00000001                __MPLAB_DEBUGGER_ICD3 = 0x1
                0x00000001                __ICD2RAM = 0x1
LOAD C:/Program Files/Microchip/MPLAB C32 Suite/bin/../lib/gcc/pic32mx/3.4.4\libgcc.a
START GROUP
LOAD C:/Program Files/Microchip/MPLAB C32 Suite/bin/../lib/gcc/pic32mx/3.4.4/../../../../pic32mx/lib\libdebug.a
LOAD C:/Program Files/Microchip/MPLAB C32 Suite/bin/../lib/gcc/pic32mx/3.4.4/../../../../pic32mx/lib\libc.a
LOAD C:/Program Files/Microchip/MPLAB C32 Suite/bin/../lib/gcc/pic32mx/3.4.4/../../../../pic32mx/lib\libm.a
LOAD C:/Program Files/Microchip/MPLAB C32 Suite/bin/../lib/gcc/pic32mx/3.4.4/../../../../pic32mx/lib\libe.a
LOAD C:/Program Files/Microchip/MPLAB C32 Suite/bin/../lib/gcc/pic32mx/3.4.4/../../../../pic32mx/lib\libdsp.a
LOAD C:/Program Files/Microchip/MPLAB C32 Suite/bin/../lib/gcc/pic32mx/3.4.4/../../../../pic32mx/lib\libmchp_peripheral.a
LOAD C:/Program Files/Microchip/MPLAB C32 Suite/bin/../lib/gcc/pic32mx/3.4.4/../../../../pic32mx/lib\libmchp_peripheral_32MX795F512L.a
END GROUP
LOAD C:/Program Files/Microchip/MPLAB C32 Suite/bin/../lib/gcc/pic32mx/3.4.4\libgcc.a
                0x00000400                PROVIDE (_min_stack_size, 0x400)
                0x00000000                PROVIDE (_min_heap_size, 0x0)
LOAD C:/Program Files/Microchip/MPLAB C32 Suite/bin/../lib/gcc/pic32mx/3.4.4/../../../../pic32mx/lib/./proc/32MX795F512L\processor.o
                0x00000001                PROVIDE (_vector_spacing, 0x1)
                0x9fc01000                _ebase_address = 0x9fc01000
                0xbfc00000                _RESET_ADDR = 0xbfc00000
                0xbfc00380                _BEV_EXCPT_ADDR = 0xbfc00380
                0xbfc00480                _DBG_EXCPT_ADDR = 0xbfc00480
                0xbfc02000                _DBG_CODE_ADDR = 0xbfc02000
                0x9fc01180                _GEN_EXCPT_ADDR = (_ebase_address + 0x180)

.config_BFC02FF0
 *(.config_BFC02FF0)

.config_BFC02FF4
                0xbfc02ff4        0x4
 *(.config_BFC02FF4)
 .config_BFC02FF4
                0xbfc02ff4        0x4 Objects\C32\main.o

.config_BFC02FF8
                0xbfc02ff8        0x4
 *(.config_BFC02FF8)
 .config_BFC02FF8
                0xbfc02ff8        0x4 Objects\C32\main.o

.config_BFC02FFC
                0xbfc02ffc        0x4
 *(.config_BFC02FFC)
 .config_BFC02FFC
                0xbfc02ffc        0x4 Objects\C32\main.o

.reset          0xbfc00000       0x10
 *(.reset)
 .reset         0xbfc00000       0x10 C:/Program Files/Microchip/MPLAB C32 Suite/bin/../lib/gcc/pic32mx/3.4.4/../../../../pic32mx/lib/crt0.o
                0xbfc00000                _reset

.bev_excpt      0xbfc00380       0x10
 *(.bev_handler)
 .bev_handler   0xbfc00380       0x10 C:/Program Files/Microchip/MPLAB C32 Suite/bin/../lib/gcc/pic32mx/3.4.4/../../../../pic32mx/lib/crt0.o

.dbg_excpt      0xbfc00480        0x8
                0xbfc00480                . = (. + DEFINED (_DEBUGGER)?0x8:0x0)
 *fill*         0xbfc00480        0x8 00

.dbg_code       0xbfc02000      0xff0
                0xbfc02000                . = (. + DEFINED (_DEBUGGER)?0xff0:0x0)
 *fill*         0xbfc02000      0xff0 00

.app_excpt      0x9fc01180       0x10
 *(.gen_handler)
 .gen_handler   0x9fc01180       0x10 C:/Program Files/Microchip/MPLAB C32 Suite/bin/../lib/gcc/pic32mx/3.4.4/../../../../pic32mx/lib/crt0.o

.vector_0       0x9fc01200        0x0
 *(.vector_0)
                0x00000001                ASSERT (((_vector_spacing == 0x0) || (SIZEOF (.vector_0) <= (_vector_spacing << 0x5))), function at exception vector 0 too large)

.vector_1       0x9fc01220        0x0
 *(.vector_1)
                0x00000001                ASSERT (((_vector_spacing == 0x0) || (SIZEOF (.vector_1) <= (_vector_spacing << 0x5))), function at exception vector 1 too large)

.vector_2       0x9fc01240        0x0
 *(.vector_2)
                0x00000001                ASSERT (((_vector_spacing == 0x0) || (SIZEOF (.vector_2) <= (_vector_spacing << 0x5))), function at exception vector 2 too large)

.vector_3       0x9fc01260        0x0
 *(.vector_3)
                0x00000001                ASSERT (((_vector_spacing == 0x0) || (SIZEOF (.vector_3) <= (_vector_spacing << 0x5))), function at exception vector 3 too large)

.vector_4       0x9fc01280        0x0
 *(.vector_4)
                0x00000001                ASSERT (((_vector_spacing == 0x0) || (SIZEOF (.vector_4) <= (_vector_spacing << 0x5))), function at exception vector 4 too large)

.vector_5       0x9fc012a0        0x0
 *(.vector_5)
                0x00000001                ASSERT (((_vector_spacing == 0x0) || (SIZEOF (.vector_5) <= (_vector_spacing << 0x5))), function at exception vector 5 too large)

.vector_6       0x9fc012c0        0x0
 *(.vector_6)
                0x00000001                ASSERT (((_vector_spacing == 0x0) || (SIZEOF (.vector_6) <= (_vector_spacing << 0x5))), function at exception vector 6 too large)

.vector_7       0x9fc012e0        0x0
 *(.vector_7)
                0x00000001                ASSERT (((_vector_spacing == 0x0) || (SIZEOF (.vector_7) <= (_vector_spacing << 0x5))), function at exception vector 7 too large)

.vector_8       0x9fc01300        0x0
 *(.vector_8)
                0x00000001                ASSERT (((_vector_spacing == 0x0) || (SIZEOF (.vector_8) <= (_vector_spacing << 0x5))), function at exception vector 8 too large)

.vector_9       0x9fc01320        0x0
 *(.vector_9)
                0x00000001                ASSERT (((_vector_spacing == 0x0) || (SIZEOF (.vector_9) <= (_vector_spacing << 0x5))), function at exception vector 9 too large)

.vector_10      0x9fc01340        0x0
 *(.vector_10)
                0x00000001                ASSERT (((_vector_spacing == 0x0) || (SIZEOF (.vector_10) <= (_vector_spacing << 0x5))), function at exception vector 10 too large)

.vector_11      0x9fc01360        0x0
 *(.vector_11)
                0x00000001                ASSERT (((_vector_spacing == 0x0) || (SIZEOF (.vector_11) <= (_vector_spacing << 0x5))), function at exception vector 11 too large)

.vector_12      0x9fc01380        0x0
 *(.vector_12)
                0x00000001                ASSERT (((_vector_spacing == 0x0) || (SIZEOF (.vector_12) <= (_vector_spacing << 0x5))), function at exception vector 12 too large)

.vector_13      0x9fc013a0        0x0
 *(.vector_13)
                0x00000001                ASSERT (((_vector_spacing == 0x0) || (SIZEOF (.vector_13) <= (_vector_spacing << 0x5))), function at exception vector 13 too large)

.vector_14      0x9fc013c0        0x0
 *(.vector_14)
                0x00000001                ASSERT (((_vector_spacing == 0x0) || (SIZEOF (.vector_14) <= (_vector_spacing << 0x5))), function at exception vector 14 too large)

.vector_15      0x9fc013e0        0x0
 *(.vector_15)
                0x00000001                ASSERT (((_vector_spacing == 0x0) || (SIZEOF (.vector_15) <= (_vector_spacing << 0x5))), function at exception vector 15 too large)

.vector_16      0x9fc01400        0x0
 *(.vector_16)
                0x00000001                ASSERT (((_vector_spacing == 0x0) || (SIZEOF (.vector_16) <= (_vector_spacing << 0x5))), function at exception vector 16 too large)

.vector_17      0x9fc01420        0x0
 *(.vector_17)
                0x00000001                ASSERT (((_vector_spacing == 0x0) || (SIZEOF (.vector_17) <= (_vector_spacing << 0x5))), function at exception vector 17 too large)

.vector_18      0x9fc01440        0x0
 *(.vector_18)
                0x00000001                ASSERT (((_vector_spacing == 0x0) || (SIZEOF (.vector_18) <= (_vector_spacing << 0x5))), function at exception vector 18 too large)

.vector_19      0x9fc01460        0x0
 *(.vector_19)
                0x00000001                ASSERT (((_vector_spacing == 0x0) || (SIZEOF (.vector_19) <= (_vector_spacing << 0x5))), function at exception vector 19 too large)

.vector_20      0x9fc01480        0x0
 *(.vector_20)
                0x00000001                ASSERT (((_vector_spacing == 0x0) || (SIZEOF (.vector_20) <= (_vector_spacing << 0x5))), function at exception vector 20 too large)

.vector_21      0x9fc014a0        0x0
 *(.vector_21)
                0x00000001                ASSERT (((_vector_spacing == 0x0) || (SIZEOF (.vector_21) <= (_vector_spacing << 0x5))), function at exception vector 21 too large)

.vector_22      0x9fc014c0        0x0
 *(.vector_22)
                0x00000001                ASSERT (((_vector_spacing == 0x0) || (SIZEOF (.vector_22) <= (_vector_spacing << 0x5))), function at exception vector 22 too large)

.vector_23      0x9fc014e0        0x0
 *(.vector_23)
                0x00000001                ASSERT (((_vector_spacing == 0x0) || (SIZEOF (.vector_23) <= (_vector_spacing << 0x5))), function at exception vector 23 too large)

.vector_24      0x9fc01500        0x0
 *(.vector_24)
                0x00000001                ASSERT (((_vector_spacing == 0x0) || (SIZEOF (.vector_24) <= (_vector_spacing << 0x5))), function at exception vector 24 too large)

.vector_25      0x9fc01520        0x0
 *(.vector_25)
                0x00000001                ASSERT (((_vector_spacing == 0x0) || (SIZEOF (.vector_25) <= (_vector_spacing << 0x5))), function at exception vector 25 too large)

.vector_26      0x9fc01540        0x0
 *(.vector_26)
                0x00000001                ASSERT (((_vector_spacing == 0x0) || (SIZEOF (.vector_26) <= (_vector_spacing << 0x5))), function at exception vector 26 too large)

.vector_27      0x9fc01560        0x0
 *(.vector_27)
                0x00000001                ASSERT (((_vector_spacing == 0x0) || (SIZEOF (.vector_27) <= (_vector_spacing << 0x5))), function at exception vector 27 too large)

.vector_28      0x9fc01580        0x0
 *(.vector_28)
                0x00000001                ASSERT (((_vector_spacing == 0x0) || (SIZEOF (.vector_28) <= (_vector_spacing << 0x5))), function at exception vector 28 too large)

.vector_29      0x9fc015a0        0x0
 *(.vector_29)
                0x00000001                ASSERT (((_vector_spacing == 0x0) || (SIZEOF (.vector_29) <= (_vector_spacing << 0x5))), function at exception vector 29 too large)

.vector_30      0x9fc015c0        0x0
 *(.vector_30)
                0x00000001                ASSERT (((_vector_spacing == 0x0) || (SIZEOF (.vector_30) <= (_vector_spacing << 0x5))), function at exception vector 30 too large)

.vector_31      0x9fc015e0        0x0
 *(.vector_31)
                0x00000001                ASSERT (((_vector_spacing == 0x0) || (SIZEOF (.vector_31) <= (_vector_spacing << 0x5))), function at exception vector 31 too large)

.vector_32      0x9fc01600        0x0
 *(.vector_32)
                0x00000001                ASSERT (((_vector_spacing == 0x0) || (SIZEOF (.vector_32) <= (_vector_spacing << 0x5))), function at exception vector 32 too large)

.vector_33      0x9fc01620        0x0
 *(.vector_33)
                0x00000001                ASSERT (((_vector_spacing == 0x0) || (SIZEOF (.vector_33) <= (_vector_spacing << 0x5))), function at exception vector 33 too large)

.vector_34      0x9fc01640        0x0
 *(.vector_34)
                0x00000001                ASSERT (((_vector_spacing == 0x0) || (SIZEOF (.vector_34) <= (_vector_spacing << 0x5))), function at exception vector 34 too large)

.vector_35      0x9fc01660        0x0
 *(.vector_35)
                0x00000001                ASSERT (((_vector_spacing == 0x0) || (SIZEOF (.vector_35) <= (_vector_spacing << 0x5))), function at exception vector 35 too large)

.vector_36      0x9fc01680        0x0
 *(.vector_36)
                0x00000001                ASSERT (((_vector_spacing == 0x0) || (SIZEOF (.vector_36) <= (_vector_spacing << 0x5))), function at exception vector 36 too large)

.vector_37      0x9fc016a0        0x0
 *(.vector_37)
                0x00000001                ASSERT (((_vector_spacing == 0x0) || (SIZEOF (.vector_37) <= (_vector_spacing << 0x5))), function at exception vector 37 too large)

.vector_38      0x9fc016c0        0x0
 *(.vector_38)
                0x00000001                ASSERT (((_vector_spacing == 0x0) || (SIZEOF (.vector_38) <= (_vector_spacing << 0x5))), function at exception vector 38 too large)

.vector_39      0x9fc016e0        0x0
 *(.vector_39)
                0x00000001                ASSERT (((_vector_spacing == 0x0) || (SIZEOF (.vector_39) <= (_vector_spacing << 0x5))), function at exception vector 39 too large)

.vector_40      0x9fc01700        0x0
 *(.vector_40)
                0x00000001                ASSERT (((_vector_spacing == 0x0) || (SIZEOF (.vector_40) <= (_vector_spacing << 0x5))), function at exception vector 40 too large)

.vector_41      0x9fc01720        0x0
 *(.vector_41)
                0x00000001                ASSERT (((_vector_spacing == 0x0) || (SIZEOF (.vector_41) <= (_vector_spacing << 0x5))), function at exception vector 41 too large)

.vector_42      0x9fc01740        0x0
 *(.vector_42)
                0x00000001                ASSERT (((_vector_spacing == 0x0) || (SIZEOF (.vector_42) <= (_vector_spacing << 0x5))), function at exception vector 42 too large)

.vector_43      0x9fc01760        0x0
 *(.vector_43)
                0x00000001                ASSERT (((_vector_spacing == 0x0) || (SIZEOF (.vector_43) <= (_vector_spacing << 0x5))), function at exception vector 43 too large)

.vector_44      0x9fc01780        0x0
 *(.vector_44)
                0x00000001                ASSERT (((_vector_spacing == 0x0) || (SIZEOF (.vector_44) <= (_vector_spacing << 0x5))), function at exception vector 44 too large)

.vector_45      0x9fc017a0        0x8
 *(.vector_45)
 .vector_45     0x9fc017a0        0x8 Objects\C32\usb_host.o
                0x00000001                ASSERT (((_vector_spacing == 0x0) || (SIZEOF (.vector_45) <= (_vector_spacing << 0x5))), function at exception vector 45 too large)

.vector_46      0x9fc017c0        0x0
 *(.vector_46)
                0x00000001                ASSERT (((_vector_spacing == 0x0) || (SIZEOF (.vector_46) <= (_vector_spacing << 0x5))), function at exception vector 46 too large)

.vector_47      0x9fc017e0        0x0
 *(.vector_47)
                0x00000001                ASSERT (((_vector_spacing == 0x0) || (SIZEOF (.vector_47) <= (_vector_spacing << 0x5))), function at exception vector 47 too large)

.vector_48      0x9fc01800        0x0
 *(.vector_48)
                0x00000001                ASSERT (((_vector_spacing == 0x0) || (SIZEOF (.vector_48) <= (_vector_spacing << 0x5))), function at exception vector 48 too large)

.vector_49      0x9fc01820        0x0
 *(.vector_49)
                0x00000001                ASSERT (((_vector_spacing == 0x0) || (SIZEOF (.vector_49) <= (_vector_spacing << 0x5))), function at exception vector 49 too large)

.vector_50      0x9fc01840        0x0
 *(.vector_50)
                0x00000001                ASSERT (((_vector_spacing == 0x0) || (SIZEOF (.vector_50) <= (_vector_spacing << 0x5))), function at exception vector 50 too large)

.vector_51      0x9fc01860        0x0
 *(.vector_51)
                0x00000001                ASSERT (((_vector_spacing == 0x0) || (SIZEOF (.vector_51) <= (_vector_spacing << 0x5))), function at exception vector 51 too large)

.vector_52      0x9fc01880        0x0
 *(.vector_52)
                0x00000001                ASSERT (((_vector_spacing == 0x0) || (SIZEOF (.vector_52) <= (_vector_spacing << 0x5))), function at exception vector 52 too large)

.vector_53      0x9fc018a0        0x0
 *(.vector_53)
                0x00000001                ASSERT (((_vector_spacing == 0x0) || (SIZEOF (.vector_53) <= (_vector_spacing << 0x5))), function at exception vector 53 too large)

.vector_54      0x9fc018c0        0x0
 *(.vector_54)
                0x00000001                ASSERT (((_vector_spacing == 0x0) || (SIZEOF (.vector_54) <= (_vector_spacing << 0x5))), function at exception vector 54 too large)

.vector_55      0x9fc018e0        0x0
 *(.vector_55)
                0x00000001                ASSERT (((_vector_spacing == 0x0) || (SIZEOF (.vector_55) <= (_vector_spacing << 0x5))), function at exception vector 55 too large)

.vector_56      0x9fc01900        0x0
 *(.vector_56)
                0x00000001                ASSERT (((_vector_spacing == 0x0) || (SIZEOF (.vector_56) <= (_vector_spacing << 0x5))), function at exception vector 56 too large)

.vector_57      0x9fc01920        0x0
 *(.vector_57)
                0x00000001                ASSERT (((_vector_spacing == 0x0) || (SIZEOF (.vector_57) <= (_vector_spacing << 0x5))), function at exception vector 57 too large)

.vector_58      0x9fc01940        0x0
 *(.vector_58)
                0x00000001                ASSERT (((_vector_spacing == 0x0) || (SIZEOF (.vector_58) <= (_vector_spacing << 0x5))), function at exception vector 58 too large)

.vector_59      0x9fc01960        0x0
 *(.vector_59)
                0x00000001                ASSERT (((_vector_spacing == 0x0) || (SIZEOF (.vector_59) <= (_vector_spacing << 0x5))), function at exception vector 59 too large)

.vector_60      0x9fc01980        0x0
 *(.vector_60)
                0x00000001                ASSERT (((_vector_spacing == 0x0) || (SIZEOF (.vector_60) <= (_vector_spacing << 0x5))), function at exception vector 60 too large)

.vector_61      0x9fc019a0        0x0
 *(.vector_61)
                0x00000001                ASSERT (((_vector_spacing == 0x0) || (SIZEOF (.vector_61) <= (_vector_spacing << 0x5))), function at exception vector 61 too large)

.vector_62      0x9fc019c0        0x0
 *(.vector_62)
                0x00000001                ASSERT (((_vector_spacing == 0x0) || (SIZEOF (.vector_62) <= (_vector_spacing << 0x5))), function at exception vector 62 too large)

.vector_63      0x9fc019e0        0x0
 *(.vector_63)
                0x00000001                ASSERT (((_vector_spacing == 0x0) || (SIZEOF (.vector_63) <= (_vector_spacing << 0x5))), function at exception vector 63 too large)

.startup        0x9fc00490      0x1e0
 *(.startup)
 .startup       0x9fc00490      0x1e0 C:/Program Files/Microchip/MPLAB C32 Suite/bin/../lib/gcc/pic32mx/3.4.4/../../../../pic32mx/lib/crt0.o

.text           0x9d000000     0xba30
                0x9d000000                _text_begin = .
 *(.text .stub .text.* .gnu.linkonce.t.*)
 .text          0x9d000000       0x18 C:/Program Files/Microchip/MPLAB C32 Suite/bin/../lib/gcc/pic32mx/3.4.4/../../../../pic32mx/lib/crt0.o
 .text          0x9d000018      0x4ec Objects\C32\main.o
                0x9d000018                _general_exception_handler
                0x9d000048                main
                0x9d0000b4                ProcessUserHeader
                0x9d0000dc                USB_ApplicationDataEventHandler
                0x9d000114                USB_ApplicationEventHandler
 .text          0x9d000504     0x7600 Objects\C32\usb_host.o
                0x9d000504                USBHostClearEndpointErrors
                0x9d0005c4                USBHostDeviceSpecificClientDriver
                0x9d000600                USBHostDeviceStatus
                0x9d0006d8                USBHostInit
                0x9d0007e4                USBHostIssueDeviceRequest
                0x9d000b44                USBHostRead
                0x9d000ce8                USBHostResetDevice
                0x9d000d68                USBHostResumeDevice
                0x9d000df0                USBHostSetDeviceConfiguration
                0x9d000ecc                USBHostSetNAKTimeout
                0x9d000f98                USBHostShutdown
                0x9d001038                USBHostSuspendDevice
                0x9d0010d0                USBHostTasks
                0x9d002f80                USBHostTerminateTransfer
                0x9d00301c                USBHostTransferIsComplete
                0x9d003190                USBHostVbusEvent
                0x9d003250                USBHostWrite
                0x9d0033f4                _USB_CheckCommandAndEnumerationAttempts
                0x9d0034ac                _USB_FindClassDriver
                0x9d003658                _USB_FindDeviceLevelClientDriver
                0x9d0038f4                _USB_FindEndpoint
                0x9d0039dc                _USB_FindNextToken
                0x9d00526c                _USB_FindServiceEndpoint
                0x9d005528                _USB_FreeConfigMemory
                0x9d0056bc                _USB_FreeMemory
                0x9d0057ac                _USB_InitControlRead
                0x9d0058b8                _USB_InitControlWrite
                0x9d0059e4                _USB_InitRead
                0x9d005b10                _USB_InitWrite
                0x9d005c3c                _USB_NotifyClients
                0x9d005d68                _USB_NotifyDataClients
                0x9d005e0c                _USB_NotifyAllDataClients
                0x9d005ea0                _USB_ParseConfigurationDescriptor
                0x9d0067c4                _USB_ResetDATA0
                0x9d0068d0                _USB_SendToken
                0x9d0069d0                _USB_SetBDT
                0x9d006d3c                _USB_TransferInProgress
                0x9d006e44                _USB1Interrupt
 .text          0x9d007b04     0x1528 Objects\C32\usb_host_android_protocol_v1.o
                0x9d007b04                AndroidAppStart_Pv1
                0x9d007b44                AndroidAppWrite_Pv1
                0x9d007ca0                AndroidAppIsWriteComplete_Pv1
                0x9d007dd8                AndroidAppRead_Pv1
                0x9d007f78                AndroidAppIsReadComplete_Pv1
                0x9d00807c                AndroidTasks_Pv1
                0x9d00856c                AndroidInitialize_Pv1
                0x9d008938                AndroidAppDataEventHandler_Pv1
                0x9d008b5c                AndroidAppEventHandler_Pv1
 .text          0x9d00902c     0x11c4 Objects\C32\usb_host_android.o
                0x9d00902c                AndroidAppStart
                0x9d009080                AndroidAppWrite
                0x9d009178                AndroidAppIsWriteComplete
                0x9d009284                AndroidAppRead
                0x9d00937c                AndroidAppIsReadComplete
                0x9d009488                AndroidTasks
                0x9d009644                AndroidCommandGetProtocol
                0x9d0096bc                AndroidIsLastCommandComplete
                0x9d009710                AndroidAppInitialize
                0x9d0099bc                AndroidAppDataEventHandler
                0x9d009b48                AndroidAppEventHandler
 .text          0x9d00a1f0        0x0 Objects\C32\usb_config.o
 .text          0x9d00a1f0      0x2f4 Objects\C32\custom_bin_boot.o
                0x9d00a1f0                CustomBinInit
                0x9d00a218                CustomBinWrite
                0x9d00a458                CustomBinValidate
 .text          0x9d00a4e4      0x2d8 Objects\C32\boot_commands.o
                0x9d00a4e4                EnterBootLoaderMode
 .text          0x9d00a7bc       0x50 Objects\C32\boot_hal_pic32.o
                0x9d00a7bc                EraseAllApplicationMemory
                0x9d00a7dc                ProgramHexRecord
 .text          0x9d00a80c      0x168 C:/Program Files/Microchip/MPLAB C32 Suite/bin/../lib/gcc/pic32mx/3.4.4/../../../../pic32mx/lib\libc.a(memcpy.o)
                0x9d00a80c                memcpy
 .text          0x9d00a974       0xa8 C:/Program Files/Microchip/MPLAB C32 Suite/bin/../lib/gcc/pic32mx/3.4.4/../../../../pic32mx/lib\libc.a(memset.o)
                0x9d00a974                memset
 .text          0x9d00aa1c        0x0 C:/Program Files/Microchip/MPLAB C32 Suite/bin/../lib/gcc/pic32mx/3.4.4/../../../../pic32mx/lib\libc.a(general-exception.o)
 .text.general_exception
                0x9d00aa1c       0xd0 C:/Program Files/Microchip/MPLAB C32 Suite/bin/../lib/gcc/pic32mx/3.4.4/../../../../pic32mx/lib\libc.a(general-exception.o)
                0x9d00aa1c                _general_exception_context
 .text          0x9d00aaec        0x0 C:/Program Files/Microchip/MPLAB C32 Suite/bin/../lib/gcc/pic32mx/3.4.4/../../../../pic32mx/lib\libc.a(exit.o)
 .text.exit     0x9d00aaec       0x10 C:/Program Files/Microchip/MPLAB C32 Suite/bin/../lib/gcc/pic32mx/3.4.4/../../../../pic32mx/lib\libc.a(exit.o)
                0x9d00aaec                exit
 .text          0x9d00aafc        0x0 C:/Program Files/Microchip/MPLAB C32 Suite/bin/../lib/gcc/pic32mx/3.4.4/../../../../pic32mx/lib\libc.a(malloc.o)
 .text.malloc_trim
                0x9d00aafc      0x114 C:/Program Files/Microchip/MPLAB C32 Suite/bin/../lib/gcc/pic32mx/3.4.4/../../../../pic32mx/lib\libc.a(malloc.o)
                0x9d00aafc                malloc_trim
 .text.free     0x9d00ac10      0x24c C:/Program Files/Microchip/MPLAB C32 Suite/bin/../lib/gcc/pic32mx/3.4.4/../../../../pic32mx/lib\libc.a(malloc.o)
                0x9d00ac10                free
 .text.malloc   0x9d00ae5c      0x758 C:/Program Files/Microchip/MPLAB C32 Suite/bin/../lib/gcc/pic32mx/3.4.4/../../../../pic32mx/lib\libc.a(malloc.o)
                0x9d00ae5c                malloc
 .text          0x9d00b5b4        0x0 C:/Program Files/Microchip/MPLAB C32 Suite/bin/../lib/gcc/pic32mx/3.4.4/../../../../pic32mx/lib\libc.a(errno.o)
 .text          0x9d00b5b4        0x0 C:/Program Files/Microchip/MPLAB C32 Suite/bin/../lib/gcc/pic32mx/3.4.4/../../../../pic32mx/lib\libc.a(sbrk.o)
 .text.getpagesize
                0x9d00b5b4        0x8 C:/Program Files/Microchip/MPLAB C32 Suite/bin/../lib/gcc/pic32mx/3.4.4/../../../../pic32mx/lib\libc.a(sbrk.o)
                0x9d00b5b4                getpagesize
 .text._stub_sbd_memlayout
                0x9d00b5bc       0x2c C:/Program Files/Microchip/MPLAB C32 Suite/bin/../lib/gcc/pic32mx/3.4.4/../../../../pic32mx/lib\libc.a(sbrk.o)
                0x9d00b5bc                _stub_sbd_memlayout
                0x9d00b5bc                _sbd_memlayout
 .text._sbrk_init
                0x9d00b5e8      0x168 C:/Program Files/Microchip/MPLAB C32 Suite/bin/../lib/gcc/pic32mx/3.4.4/../../../../pic32mx/lib\libc.a(sbrk.o)
                0x9d00b5e8                _sbrk_init
 .text._sbrk    0x9d00b750       0xe8 C:/Program Files/Microchip/MPLAB C32 Suite/bin/../lib/gcc/pic32mx/3.4.4/../../../../pic32mx/lib\libc.a(sbrk.o)
                0x9d00b750                _sbrk
 .text.sbrk     0x9d00b838       0x5c C:/Program Files/Microchip/MPLAB C32 Suite/bin/../lib/gcc/pic32mx/3.4.4/../../../../pic32mx/lib\libc.a(sbrk.o)
                0x9d00b838                sbrk
 .text          0x9d00b894        0x0 C:/Program Files/Microchip/MPLAB C32 Suite/bin/../lib/gcc/pic32mx/3.4.4/../../../../pic32mx/lib\libc.a(default-bootstrap-exception-handler.o)
 .text._bootstrap_exception_handler
                0x9d00b894        0x8 C:/Program Files/Microchip/MPLAB C32 Suite/bin/../lib/gcc/pic32mx/3.4.4/../../../../pic32mx/lib\libc.a(default-bootstrap-exception-handler.o)
                0x9d00b894                _bootstrap_exception_handler
 .text          0x9d00b89c        0x0 C:/Program Files/Microchip/MPLAB C32 Suite/bin/../lib/gcc/pic32mx/3.4.4/../../../../pic32mx/lib\libc.a(default-on-reset.o)
 .text._on_reset
                0x9d00b89c        0x8 C:/Program Files/Microchip/MPLAB C32 Suite/bin/../lib/gcc/pic32mx/3.4.4/../../../../pic32mx/lib\libc.a(default-on-reset.o)
                0x9d00b89c                _on_reset
 .text          0x9d00b8a4        0x0 C:/Program Files/Microchip/MPLAB C32 Suite/bin/../lib/gcc/pic32mx/3.4.4/../../../../pic32mx/lib\libc.a(default-on-bootstrap.o)
 .text._on_bootstrap
                0x9d00b8a4        0x8 C:/Program Files/Microchip/MPLAB C32 Suite/bin/../lib/gcc/pic32mx/3.4.4/../../../../pic32mx/lib\libc.a(default-on-bootstrap.o)
                0x9d00b8a4                _on_bootstrap
 .text          0x9d00b8ac       0x18 C:/Program Files/Microchip/MPLAB C32 Suite/bin/../lib/gcc/pic32mx/3.4.4/../../../../pic32mx/lib\libc.a(default-nmi-handler.o)
                0x9d00b8ac                _nmi_handler
 .text          0x9d00b8c4        0x0 C:/Program Files/Microchip/MPLAB C32 Suite/bin/../lib/gcc/pic32mx/3.4.4/../../../../pic32mx/lib\libc.a(_exit.o)
 .text._exit    0x9d00b8c4        0x8 C:/Program Files/Microchip/MPLAB C32 Suite/bin/../lib/gcc/pic32mx/3.4.4/../../../../pic32mx/lib\libc.a(_exit.o)
                0x9d00b8c4                _exit
 .text          0x9d00b8cc        0x0 C:/Program Files/Microchip/MPLAB C32 Suite/bin/../lib/gcc/pic32mx/3.4.4/../../../../pic32mx/lib\libc.a(stubs.o)
 .text._weak_pthread_mutex_init
                0x9d00b8cc        0x8 C:/Program Files/Microchip/MPLAB C32 Suite/bin/../lib/gcc/pic32mx/3.4.4/../../../../pic32mx/lib\libc.a(stubs.o)
                0x9d00b8cc                _weak_pthread_mutex_init
                0x9d00b8cc                pthread_mutex_init
 .text._weak_pthread_mutex_destroy
                0x9d00b8d4        0x8 C:/Program Files/Microchip/MPLAB C32 Suite/bin/../lib/gcc/pic32mx/3.4.4/../../../../pic32mx/lib\libc.a(stubs.o)
                0x9d00b8d4                pthread_mutex_destroy
                0x9d00b8d4                _weak_pthread_mutex_destroy
 .text._weak_pthread_mutex_lock
                0x9d00b8dc        0x8 C:/Program Files/Microchip/MPLAB C32 Suite/bin/../lib/gcc/pic32mx/3.4.4/../../../../pic32mx/lib\libc.a(stubs.o)
                0x9d00b8dc                pthread_mutex_lock
                0x9d00b8dc                _weak_pthread_mutex_lock
 .text._weak_pthread_mutex_trylock
                0x9d00b8e4        0x8 C:/Program Files/Microchip/MPLAB C32 Suite/bin/../lib/gcc/pic32mx/3.4.4/../../../../pic32mx/lib\libc.a(stubs.o)
                0x9d00b8e4                _weak_pthread_mutex_trylock
                0x9d00b8e4                pthread_mutex_trylock
 .text._weak_pthread_mutex_unlock
                0x9d00b8ec        0x8 C:/Program Files/Microchip/MPLAB C32 Suite/bin/../lib/gcc/pic32mx/3.4.4/../../../../pic32mx/lib\libc.a(stubs.o)
                0x9d00b8ec                pthread_mutex_unlock
                0x9d00b8ec                _weak_pthread_mutex_unlock
 .text._weak_pthread_mutex_setname_np
                0x9d00b8f4        0x8 C:/Program Files/Microchip/MPLAB C32 Suite/bin/../lib/gcc/pic32mx/3.4.4/../../../../pic32mx/lib\libc.a(stubs.o)
                0x9d00b8f4                _weak_pthread_mutex_setname_np
                0x9d00b8f4                pthread_mutex_setname_np
 .text._weak_pthread_mutexattr_init
                0x9d00b8fc        0x8 C:/Program Files/Microchip/MPLAB C32 Suite/bin/../lib/gcc/pic32mx/3.4.4/../../../../pic32mx/lib\libc.a(stubs.o)
                0x9d00b8fc                pthread_mutexattr_init
                0x9d00b8fc                _weak_pthread_mutexattr_init
 .text._weak_pthread_mutexattr_destroy
                0x9d00b904        0x8 C:/Program Files/Microchip/MPLAB C32 Suite/bin/../lib/gcc/pic32mx/3.4.4/../../../../pic32mx/lib\libc.a(stubs.o)
                0x9d00b904                _weak_pthread_mutexattr_destroy
                0x9d00b904                pthread_mutexattr_destroy
 .text._weak_pthread_mutexattr_setname_np
                0x9d00b90c        0x8 C:/Program Files/Microchip/MPLAB C32 Suite/bin/../lib/gcc/pic32mx/3.4.4/../../../../pic32mx/lib\libc.a(stubs.o)
                0x9d00b90c                pthread_mutexattr_setname_np
                0x9d00b90c                _weak_pthread_mutexattr_setname_np
 .text._weak_pthread_mutexattr_settype_np
                0x9d00b914        0x8 C:/Program Files/Microchip/MPLAB C32 Suite/bin/../lib/gcc/pic32mx/3.4.4/../../../../pic32mx/lib\libc.a(stubs.o)
                0x9d00b914                pthread_mutexattr_settype_np
                0x9d00b914                _weak_pthread_mutexattr_settype_np
 .text._weak_pthread_sysconf_np
                0x9d00b91c        0x8 C:/Program Files/Microchip/MPLAB C32 Suite/bin/../lib/gcc/pic32mx/3.4.4/../../../../pic32mx/lib\libc.a(stubs.o)
                0x9d00b91c                _weak_pthread_sysconf_np
                0x9d00b91c                pthread_sysconf_np
 .text._weak_pthread_sigdisable_np
                0x9d00b924        0x8 C:/Program Files/Microchip/MPLAB C32 Suite/bin/../lib/gcc/pic32mx/3.4.4/../../../../pic32mx/lib\libc.a(stubs.o)
                0x9d00b924                _weak_pthread_sigdisable_np
                0x9d00b924                pthread_sigdisable_np
 .text._weak_pthread_sigrestore_np
                0x9d00b92c        0x8 C:/Program Files/Microchip/MPLAB C32 Suite/bin/../lib/gcc/pic32mx/3.4.4/../../../../pic32mx/lib\libc.a(stubs.o)
                0x9d00b92c                pthread_sigrestore_np
                0x9d00b92c                _weak_pthread_sigrestore_np
 .text._weak__pthread_cleanup_push
                0x9d00b934        0x8 C:/Program Files/Microchip/MPLAB C32 Suite/bin/../lib/gcc/pic32mx/3.4.4/../../../../pic32mx/lib\libc.a(stubs.o)
                0x9d00b934                _weak__pthread_cleanup_push
                0x9d00b934                _pthread_cleanup_push
 .text._weak__pthread_cleanup_pop
                0x9d00b93c        0x8 C:/Program Files/Microchip/MPLAB C32 Suite/bin/../lib/gcc/pic32mx/3.4.4/../../../../pic32mx/lib\libc.a(stubs.o)
                0x9d00b93c                _pthread_cleanup_pop
                0x9d00b93c                _weak__pthread_cleanup_pop
 .text._weak__pthread_cleanup_push_defer
                0x9d00b944        0x8 C:/Program Files/Microchip/MPLAB C32 Suite/bin/../lib/gcc/pic32mx/3.4.4/../../../../pic32mx/lib\libc.a(stubs.o)
                0x9d00b944                _weak__pthread_cleanup_push_defer
                0x9d00b944                _pthread_cleanup_push_defer
 .text._weak__pthread_cleanup_pop_restore
                0x9d00b94c        0x8 C:/Program Files/Microchip/MPLAB C32 Suite/bin/../lib/gcc/pic32mx/3.4.4/../../../../pic32mx/lib\libc.a(stubs.o)
                0x9d00b94c                _weak__pthread_cleanup_pop_restore
                0x9d00b94c                _pthread_cleanup_pop_restore
 .text._weak_pthread_once
                0x9d00b954       0x2c C:/Program Files/Microchip/MPLAB C32 Suite/bin/../lib/gcc/pic32mx/3.4.4/../../../../pic32mx/lib\libc.a(stubs.o)
                0x9d00b954                _weak_pthread_once
                0x9d00b954                _pthread_once
                0x9d00b954                pthread_once
 .text._weak_pthread_key_create
                0x9d00b980        0x8 C:/Program Files/Microchip/MPLAB C32 Suite/bin/../lib/gcc/pic32mx/3.4.4/../../../../pic32mx/lib\libc.a(stubs.o)
                0x9d00b980                _weak_pthread_key_create
                0x9d00b980                pthread_key_create
 .text._weak_pthread_setspecific
                0x9d00b988        0x8 C:/Program Files/Microchip/MPLAB C32 Suite/bin/../lib/gcc/pic32mx/3.4.4/../../../../pic32mx/lib\libc.a(stubs.o)
                0x9d00b988                pthread_setspecific
                0x9d00b988                _weak_pthread_setspecific
 .text._weak_pthread_getspecific
                0x9d00b990        0x8 C:/Program Files/Microchip/MPLAB C32 Suite/bin/../lib/gcc/pic32mx/3.4.4/../../../../pic32mx/lib\libc.a(stubs.o)
                0x9d00b990                pthread_getspecific
                0x9d00b990                _weak_pthread_getspecific
 .text._weak__libc_private_storage
                0x9d00b998        0x8 C:/Program Files/Microchip/MPLAB C32 Suite/bin/../lib/gcc/pic32mx/3.4.4/../../../../pic32mx/lib\libc.a(stubs.o)
                0x9d00b998                _libc_private_storage
                0x9d00b998                _weak__libc_private_storage
 .text          0x9d00b9a0        0x0 C:/Program Files/Microchip/MPLAB C32 Suite/bin/../lib/gcc/pic32mx/3.4.4/../../../../pic32mx/lib\libmchp_peripheral_32MX795F512L.a(pcache.o)
 .text.CheKseg0CacheOff
                0x9d00b9a0       0x18 C:/Program Files/Microchip/MPLAB C32 Suite/bin/../lib/gcc/pic32mx/3.4.4/../../../../pic32mx/lib\libmchp_peripheral_32MX795F512L.a(pcache.o)
                0x9d00b9a0                CheKseg0CacheOff
 .text.CheKseg0CacheOn
                0x9d00b9b8       0x18 C:/Program Files/Microchip/MPLAB C32 Suite/bin/../lib/gcc/pic32mx/3.4.4/../../../../pic32mx/lib\libmchp_peripheral_32MX795F512L.a(pcache.o)
                0x9d00b9b8                CheKseg0CacheOn
 .text          0x9d00b9d0        0x0 C:/Program Files/Microchip/MPLAB C32 Suite/bin/../lib/gcc/pic32mx/3.4.4/../../../../pic32mx/lib\libmchp_peripheral_32MX795F512L.a(int_enable_interrupts_lib.o)
 .text.INTEnableInterrupts
                0x9d00b9d0        0x8 C:/Program Files/Microchip/MPLAB C32 Suite/bin/../lib/gcc/pic32mx/3.4.4/../../../../pic32mx/lib\libmchp_peripheral_32MX795F512L.a(int_enable_interrupts_lib.o)
                0x9d00b9d0                INTEnableInterrupts
 .text          0x9d00b9d8        0x0 C:/Program Files/Microchip/MPLAB C32 Suite/bin/../lib/gcc/pic32mx/3.4.4/../../../../pic32mx/lib\libmchp_peripheral_32MX795F512L.a(int_disable_interrupts_lib.o)
 .text.INTDisableInterrupts
                0x9d00b9d8        0x8 C:/Program Files/Microchip/MPLAB C32 Suite/bin/../lib/gcc/pic32mx/3.4.4/../../../../pic32mx/lib\libmchp_peripheral_32MX795F512L.a(int_disable_interrupts_lib.o)
                0x9d00b9d8                INTDisableInterrupts
 .text          0x9d00b9e0        0x0 C:/Program Files/Microchip/MPLAB C32 Suite/bin/../lib/gcc/pic32mx/3.4.4/../../../../pic32mx/lib\libmchp_peripheral_32MX795F512L.a(int_restore_interrupts_lib.o)
 .text.INTRestoreInterrupts
                0x9d00b9e0       0x1c C:/Program Files/Microchip/MPLAB C32 Suite/bin/../lib/gcc/pic32mx/3.4.4/../../../../pic32mx/lib\libmchp_peripheral_32MX795F512L.a(int_restore_interrupts_lib.o)
                0x9d00b9e0                INTRestoreInterrupts
 .text          0x9d00b9fc        0x0 C:/Program Files/Microchip/MPLAB C32 Suite/bin/../lib/gcc/pic32mx/3.4.4/../../../../pic32mx/lib\libmchp_peripheral_32MX795F512L.a(int_enable_mv_int_lib.o)
 .text.INTEnableSystemMultiVectoredInt
                0x9d00b9fc       0x34 C:/Program Files/Microchip/MPLAB C32 Suite/bin/../lib/gcc/pic32mx/3.4.4/../../../../pic32mx/lib\libmchp_peripheral_32MX795F512L.a(int_enable_mv_int_lib.o)
                0x9d00b9fc                INTEnableSystemMultiVectoredInt
 .text          0x9d00ba30        0x0 C:/Program Files/Microchip/MPLAB C32 Suite/bin/../lib/gcc/pic32mx/3.4.4/../../../../pic32mx/lib/./proc/32MX795F512L\processor.o
 *(.text.*personality*)
 *(.gnu.warning)
 *(.mips16.fn.*)
 *(.mips16.call.*)
                0x9d00ba30                _text_end = .

.rodata         0x9d00ba30      0x1b8
 *(.rodata .rodata.* .gnu.linkonce.r.*)
 .rodata        0x9d00ba30      0x14c Objects\C32\usb_host.o
 .rodata        0x9d00bb7c       0x30 Objects\C32\usb_host_android_protocol_v1.o
 .rodata        0x9d00bbac       0x18 Objects\C32\custom_bin_boot.o
 .rodata        0x9d00bbc4       0x24 Objects\C32\boot_commands.o
 *(.rodata1)
                0x9d00bbe8                . = ALIGN (0x4)

.sdata2         0x9d00bbe8        0x0
 *(.sdata2 .sdata2.* .gnu.linkonce.s2.*)
                0x9d00bbe8                . = ALIGN (0x4)

.sbss2          0x9d00bbe8        0x0
 *(.sbss2 .sbss2.* .gnu.linkonce.sb2.*)
                0x9d00bbe8                . = ALIGN (0x4)

.eh_frame_hdr
 *(.eh_frame_hdr)

.eh_frame
 *(.eh_frame)

.dbg_data       0xa0000000      0x200
                0xa0000000                . = (. + DEFINED (_DEBUGGER)?0x200:0x0)
 *fill*         0xa0000000      0x200 00

.persist        0xa0000200        0x0
                0xa0000200                _persist_begin = .
 *(.persist .persist.*)
                0xa0000200                _persist_end = .

.data           0xa0000200      0x518 load address 0x9d00bbe8
                0xa0000200                _data_begin = .
 *(.data .data.* .gnu.linkonce.d.*)
 .data          0xa0000200        0x0 C:/Program Files/Microchip/MPLAB C32 Suite/bin/../lib/gcc/pic32mx/3.4.4/../../../../pic32mx/lib/crt0.o
 .data          0xa0000200       0x9c Objects\C32\main.o
                0xa000026c                myDeviceInfo
 .data          0xa000029c        0x0 Objects\C32\usb_host.o
 .data          0xa000029c        0x0 Objects\C32\usb_host_android_protocol_v1.o
 .data          0xa000029c       0x24 Objects\C32\usb_host_android.o
 .data          0xa00002c0       0x28 Objects\C32\usb_config.o
                0xa00002c0                usbClientDrvTable
                0xa00002d0                usbTPL
 .data          0xa00002e8        0x0 Objects\C32\custom_bin_boot.o
 .data          0xa00002e8        0x0 Objects\C32\boot_commands.o
 .data          0xa00002e8        0x0 Objects\C32\boot_hal_pic32.o
 .data          0xa00002e8        0x0 C:/Program Files/Microchip/MPLAB C32 Suite/bin/../lib/gcc/pic32mx/3.4.4/../../../../pic32mx/lib\libc.a(memcpy.o)
 .data          0xa00002e8        0x0 C:/Program Files/Microchip/MPLAB C32 Suite/bin/../lib/gcc/pic32mx/3.4.4/../../../../pic32mx/lib\libc.a(memset.o)
 .data          0xa00002e8        0x0 C:/Program Files/Microchip/MPLAB C32 Suite/bin/../lib/gcc/pic32mx/3.4.4/../../../../pic32mx/lib\libc.a(general-exception.o)
 .data          0xa00002e8        0x0 C:/Program Files/Microchip/MPLAB C32 Suite/bin/../lib/gcc/pic32mx/3.4.4/../../../../pic32mx/lib\libc.a(exit.o)
 .data          0xa00002e8      0x410 C:/Program Files/Microchip/MPLAB C32 Suite/bin/../lib/gcc/pic32mx/3.4.4/../../../../pic32mx/lib\libc.a(malloc.o)
                0xa00002e8                malloc_sbrk_base
                0xa00002ec                malloc_trim_threshold
                0xa00002f0                malloc_av_
 .data          0xa00006f8        0x0 C:/Program Files/Microchip/MPLAB C32 Suite/bin/../lib/gcc/pic32mx/3.4.4/../../../../pic32mx/lib\libc.a(errno.o)
 .data          0xa00006f8       0x20 C:/Program Files/Microchip/MPLAB C32 Suite/bin/../lib/gcc/pic32mx/3.4.4/../../../../pic32mx/lib\libc.a(sbrk.o)
 .data          0xa0000718        0x0 C:/Program Files/Microchip/MPLAB C32 Suite/bin/../lib/gcc/pic32mx/3.4.4/../../../../pic32mx/lib\libc.a(default-bootstrap-exception-handler.o)
 .data          0xa0000718        0x0 C:/Program Files/Microchip/MPLAB C32 Suite/bin/../lib/gcc/pic32mx/3.4.4/../../../../pic32mx/lib\libc.a(default-on-reset.o)
 .data          0xa0000718        0x0 C:/Program Files/Microchip/MPLAB C32 Suite/bin/../lib/gcc/pic32mx/3.4.4/../../../../pic32mx/lib\libc.a(default-on-bootstrap.o)
 .data          0xa0000718        0x0 C:/Program Files/Microchip/MPLAB C32 Suite/bin/../lib/gcc/pic32mx/3.4.4/../../../../pic32mx/lib\libc.a(default-nmi-handler.o)
 .data          0xa0000718        0x0 C:/Program Files/Microchip/MPLAB C32 Suite/bin/../lib/gcc/pic32mx/3.4.4/../../../../pic32mx/lib\libc.a(_exit.o)
 .data          0xa0000718        0x0 C:/Program Files/Microchip/MPLAB C32 Suite/bin/../lib/gcc/pic32mx/3.4.4/../../../../pic32mx/lib\libc.a(stubs.o)
 .data          0xa0000718        0x0 C:/Program Files/Microchip/MPLAB C32 Suite/bin/../lib/gcc/pic32mx/3.4.4/../../../../pic32mx/lib\libmchp_peripheral_32MX795F512L.a(pcache.o)
 .data          0xa0000718        0x0 C:/Program Files/Microchip/MPLAB C32 Suite/bin/../lib/gcc/pic32mx/3.4.4/../../../../pic32mx/lib\libmchp_peripheral_32MX795F512L.a(int_enable_interrupts_lib.o)
 .data          0xa0000718        0x0 C:/Program Files/Microchip/MPLAB C32 Suite/bin/../lib/gcc/pic32mx/3.4.4/../../../../pic32mx/lib\libmchp_peripheral_32MX795F512L.a(int_disable_interrupts_lib.o)
 .data          0xa0000718        0x0 C:/Program Files/Microchip/MPLAB C32 Suite/bin/../lib/gcc/pic32mx/3.4.4/../../../../pic32mx/lib\libmchp_peripheral_32MX795F512L.a(int_restore_interrupts_lib.o)
 .data          0xa0000718        0x0 C:/Program Files/Microchip/MPLAB C32 Suite/bin/../lib/gcc/pic32mx/3.4.4/../../../../pic32mx/lib\libmchp_peripheral_32MX795F512L.a(int_enable_mv_int_lib.o)
 .data          0xa0000718        0x0 C:/Program Files/Microchip/MPLAB C32 Suite/bin/../lib/gcc/pic32mx/3.4.4/../../../../pic32mx/lib/./proc/32MX795F512L\processor.o
 *(.gnu.linkonce.d.*personality*)
 *(.data1)
                0x9d00bbe8                _data_image_begin = LOADADDR (.data)

.eh_frame
 *(.eh_frame)
                0xa0000718                . = .
                0xa0008710                _gp = (ALIGN (0x10) + 0x7ff0)

.got
 *(.got.plt)
 *(.got)

.sdata          0xa0000718        0x8 load address 0x9d00c100
                0xa0000718                _sdata_begin = .
 *(.sdata .sdata.* .gnu.linkonce.s.*)
 .sdata         0xa0000718        0x8 Objects\C32\main.o
                0xa0000720                _sdata_end = .

.lit8
 *(.lit8)

.lit4
 *(.lit4)
                0xa0000720                . = ALIGN (0x4)
                0xa0000720                _data_end = .
                0xa0000720                _bss_begin = .

.sbss           0xa0000720       0x54 load address 0x9d00c108
                0xa0000720                _sbss_begin = .
 *(.dynsbss)
 *(.sbss .sbss.* .gnu.linkonce.sb.*)
 .sbss          0xa0000720        0x8 Objects\C32\main.o
                0xa0000724                device_attached
 .sbss          0xa0000728       0x2c Objects\C32\usb_host.o
                0xa0000728                pCurrentConfigurationDescriptor
                0xa000072c                pDeviceDescriptor
 .sbss          0xa0000754       0x10 Objects\C32\custom_bin_boot.o
 .sbss          0xa0000764        0x4 Objects\C32\boot_commands.o
 .sbss          0xa0000768        0x4 C:/Program Files/Microchip/MPLAB C32 Suite/bin/../lib/gcc/pic32mx/3.4.4/../../../../pic32mx/lib\libc.a(errno.o)
                0xa0000768                errno
 *(.scommon)
 .scommon       0xa000076c        0x2 Objects\C32\usb_host.o
                0xa000076c                usbOverrideHostState
 *fill*         0xa000076e        0x2 00
 .scommon       0xa0000770        0x4 Objects\C32\usb_host_android.o
                0xa0000770                accessoryInfo
                0xa0000774                _sbss_end = .

.bss            0xa0000800      0xb38 load address 0x9d00c108
 *(.dynbss)
 *(.bss .bss.* .gnu.linkonce.b.*)
 .bss           0xa0000800        0x0 C:/Program Files/Microchip/MPLAB C32 Suite/bin/../lib/gcc/pic32mx/3.4.4/../../../../pic32mx/lib/crt0.o
 .bss           0xa0000800        0x0 Objects\C32\main.o
 .bss           0xa0000800      0x200 Objects\C32\usb_host.o
 .bss           0xa0000a00       0x14 Objects\C32\usb_host_android_protocol_v1.o
 .bss           0xa0000a14       0x18 Objects\C32\usb_host_android.o
 .bss           0xa0000a2c        0x0 Objects\C32\usb_config.o
 .bss           0xa0000a2c       0xb0 Objects\C32\custom_bin_boot.o
 .bss           0xa0000adc      0x800 Objects\C32\boot_commands.o
 .bss           0xa00012dc        0x0 Objects\C32\boot_hal_pic32.o
 .bss           0xa00012dc        0x0 C:/Program Files/Microchip/MPLAB C32 Suite/bin/../lib/gcc/pic32mx/3.4.4/../../../../pic32mx/lib\libc.a(memcpy.o)
 .bss           0xa00012dc        0x0 C:/Program Files/Microchip/MPLAB C32 Suite/bin/../lib/gcc/pic32mx/3.4.4/../../../../pic32mx/lib\libc.a(memset.o)
 .bss           0xa00012dc        0x0 C:/Program Files/Microchip/MPLAB C32 Suite/bin/../lib/gcc/pic32mx/3.4.4/../../../../pic32mx/lib\libc.a(general-exception.o)
 .bss           0xa00012dc        0x0 C:/Program Files/Microchip/MPLAB C32 Suite/bin/../lib/gcc/pic32mx/3.4.4/../../../../pic32mx/lib\libc.a(exit.o)
 .bss           0xa00012dc       0x34 C:/Program Files/Microchip/MPLAB C32 Suite/bin/../lib/gcc/pic32mx/3.4.4/../../../../pic32mx/lib\libc.a(malloc.o)
                0xa00012dc                malloc_current_mallinfo
                0xa0001304                malloc_max_total_mem
                0xa0001308                malloc_max_sbrked_mem
                0xa000130c                malloc_top_pad
 .bss           0xa0001310        0x0 C:/Program Files/Microchip/MPLAB C32 Suite/bin/../lib/gcc/pic32mx/3.4.4/../../../../pic32mx/lib\libc.a(errno.o)
 .bss           0xa0001310       0x24 C:/Program Files/Microchip/MPLAB C32 Suite/bin/../lib/gcc/pic32mx/3.4.4/../../../../pic32mx/lib\libc.a(sbrk.o)
                0xa0001310                _maxbrk
                0xa0001314                _minbrk
 .bss           0xa0001334        0x0 C:/Program Files/Microchip/MPLAB C32 Suite/bin/../lib/gcc/pic32mx/3.4.4/../../../../pic32mx/lib\libc.a(default-bootstrap-exception-handler.o)
 .bss           0xa0001334        0x0 C:/Program Files/Microchip/MPLAB C32 Suite/bin/../lib/gcc/pic32mx/3.4.4/../../../../pic32mx/lib\libc.a(default-on-reset.o)
 .bss           0xa0001334        0x0 C:/Program Files/Microchip/MPLAB C32 Suite/bin/../lib/gcc/pic32mx/3.4.4/../../../../pic32mx/lib\libc.a(default-on-bootstrap.o)
 .bss           0xa0001334        0x0 C:/Program Files/Microchip/MPLAB C32 Suite/bin/../lib/gcc/pic32mx/3.4.4/../../../../pic32mx/lib\libc.a(default-nmi-handler.o)
 .bss           0xa0001334        0x0 C:/Program Files/Microchip/MPLAB C32 Suite/bin/../lib/gcc/pic32mx/3.4.4/../../../../pic32mx/lib\libc.a(_exit.o)
 .bss           0xa0001334        0x4 C:/Program Files/Microchip/MPLAB C32 Suite/bin/../lib/gcc/pic32mx/3.4.4/../../../../pic32mx/lib\libc.a(stubs.o)
                0xa0001334                __isthreaded
 .bss           0xa0001338        0x0 C:/Program Files/Microchip/MPLAB C32 Suite/bin/../lib/gcc/pic32mx/3.4.4/../../../../pic32mx/lib\libmchp_peripheral_32MX795F512L.a(pcache.o)
 .bss           0xa0001338        0x0 C:/Program Files/Microchip/MPLAB C32 Suite/bin/../lib/gcc/pic32mx/3.4.4/../../../../pic32mx/lib\libmchp_peripheral_32MX795F512L.a(int_enable_interrupts_lib.o)
 .bss           0xa0001338        0x0 C:/Program Files/Microchip/MPLAB C32 Suite/bin/../lib/gcc/pic32mx/3.4.4/../../../../pic32mx/lib\libmchp_peripheral_32MX795F512L.a(int_disable_interrupts_lib.o)
 .bss           0xa0001338        0x0 C:/Program Files/Microchip/MPLAB C32 Suite/bin/../lib/gcc/pic32mx/3.4.4/../../../../pic32mx/lib\libmchp_peripheral_32MX795F512L.a(int_restore_interrupts_lib.o)
 .bss           0xa0001338        0x0 C:/Program Files/Microchip/MPLAB C32 Suite/bin/../lib/gcc/pic32mx/3.4.4/../../../../pic32mx/lib\libmchp_peripheral_32MX795F512L.a(int_enable_mv_int_lib.o)
 .bss           0xa0001338        0x0 C:/Program Files/Microchip/MPLAB C32 Suite/bin/../lib/gcc/pic32mx/3.4.4/../../../../pic32mx/lib/./proc/32MX795F512L\processor.o
 *(COMMON)
                0xa0001338                . = ALIGN (0x4)
                0xa0001338                . = ALIGN (0x4)
                0xa0001338                _end = .
                0xa0001338                _bss_end = .

.heap           0xa0001338        0x0 load address 0x9d00c108
                0xa0001338                _heap = .
                0xa0001338                . = (. + _min_heap_size)
                0xa0001338                . = ALIGN (0x8)

.stack          0xa0001338      0x400 load address 0x9d00c108
                0xa0001338                _splim = .
                0xa0001338                _SPLIM = .
                0xa0001738                . = (. + _min_stack_size)
 *fill*         0xa0001338      0x400 00
                0xa0001738                . = ALIGN (0x8)

.ramfunc        0xa0001800        0x0 load address 0x9d00c108
                0xa0001800                _ramfunc_begin = .
 *(.ramfunc .ramfunc.*)
                0xa0001800                . = ALIGN (0x4)
                0xa0001800                _ramfunc_end = .
                0x9d00c108                _ramfunc_image_begin = LOADADDR (.ramfunc)
                0x00000000                _ramfunc_length = SIZEOF (.ramfunc)
                0x00001800                _bmxdkpba_address = (_ramfunc_begin - 0xa0000000)
                0x00020000                _bmxdudba_address = 0x20000
                0x00020000                _bmxdupba_address = 0x20000
                0xa0020000                _stack = (_ramfunc_length > 0x0)?(_ramfunc_begin - 0x4):0xa0020000
                0x00000001                ASSERT (((_min_stack_size + _min_heap_size) <= (_stack - _heap)), Not enough space to allocate both stack and heap.  Reduce heap and/or stack size.)

/DISCARD/
 *(.pdr)
 *(.reginfo)
 *(.rel.dyn)
 *(.note.GNU-stack)

.stab
 *(.stab)

.stabstr
 *(.stabstr)

.stab.excl
 *(.stab.excl)

.stab.exclstr
 *(.stab.exclstr)

.stab.index
 *(.stab.index)

.stab.indexstr
 *(.stab.indexstr)

.mdebug.abi32   0x00000000        0x0
 .mdebug.abi32  0x00000000        0x0 Objects\C32\main.o
 .mdebug.abi32  0x00000000        0x0 Objects\C32\usb_host.o
 .mdebug.abi32  0x00000000        0x0 Objects\C32\usb_host_android_protocol_v1.o
 .mdebug.abi32  0x00000000        0x0 Objects\C32\usb_host_android.o
 .mdebug.abi32  0x00000000        0x0 Objects\C32\usb_config.o
 .mdebug.abi32  0x00000000        0x0 Objects\C32\custom_bin_boot.o
 .mdebug.abi32  0x00000000        0x0 Objects\C32\boot_commands.o
 .mdebug.abi32  0x00000000        0x0 Objects\C32\boot_hal_pic32.o
 .mdebug.abi32  0x00000000        0x0 C:/Program Files/Microchip/MPLAB C32 Suite/bin/../lib/gcc/pic32mx/3.4.4/../../../../pic32mx/lib\libc.a(exit.o)
 .mdebug.abi32  0x00000000        0x0 C:/Program Files/Microchip/MPLAB C32 Suite/bin/../lib/gcc/pic32mx/3.4.4/../../../../pic32mx/lib\libc.a(malloc.o)
 .mdebug.abi32  0x00000000        0x0 C:/Program Files/Microchip/MPLAB C32 Suite/bin/../lib/gcc/pic32mx/3.4.4/../../../../pic32mx/lib\libc.a(errno.o)
 .mdebug.abi32  0x00000000        0x0 C:/Program Files/Microchip/MPLAB C32 Suite/bin/../lib/gcc/pic32mx/3.4.4/../../../../pic32mx/lib\libc.a(sbrk.o)
 .mdebug.abi32  0x00000000        0x0 C:/Program Files/Microchip/MPLAB C32 Suite/bin/../lib/gcc/pic32mx/3.4.4/../../../../pic32mx/lib\libc.a(default-bootstrap-exception-handler.o)
 .mdebug.abi32  0x00000000        0x0 C:/Program Files/Microchip/MPLAB C32 Suite/bin/../lib/gcc/pic32mx/3.4.4/../../../../pic32mx/lib\libc.a(default-on-reset.o)
 .mdebug.abi32  0x00000000        0x0 C:/Program Files/Microchip/MPLAB C32 Suite/bin/../lib/gcc/pic32mx/3.4.4/../../../../pic32mx/lib\libc.a(default-on-bootstrap.o)
 .mdebug.abi32  0x00000000        0x0 C:/Program Files/Microchip/MPLAB C32 Suite/bin/../lib/gcc/pic32mx/3.4.4/../../../../pic32mx/lib\libc.a(_exit.o)
 .mdebug.abi32  0x00000000        0x0 C:/Program Files/Microchip/MPLAB C32 Suite/bin/../lib/gcc/pic32mx/3.4.4/../../../../pic32mx/lib\libc.a(stubs.o)
 .mdebug.abi32  0x00000000        0x0 C:/Program Files/Microchip/MPLAB C32 Suite/bin/../lib/gcc/pic32mx/3.4.4/../../../../pic32mx/lib\libmchp_peripheral_32MX795F512L.a(pcache.o)
 .mdebug.abi32  0x00000000        0x0 C:/Program Files/Microchip/MPLAB C32 Suite/bin/../lib/gcc/pic32mx/3.4.4/../../../../pic32mx/lib\libmchp_peripheral_32MX795F512L.a(int_enable_interrupts_lib.o)
 .mdebug.abi32  0x00000000        0x0 C:/Program Files/Microchip/MPLAB C32 Suite/bin/../lib/gcc/pic32mx/3.4.4/../../../../pic32mx/lib\libmchp_peripheral_32MX795F512L.a(int_disable_interrupts_lib.o)
 .mdebug.abi32  0x00000000        0x0 C:/Program Files/Microchip/MPLAB C32 Suite/bin/../lib/gcc/pic32mx/3.4.4/../../../../pic32mx/lib\libmchp_peripheral_32MX795F512L.a(int_restore_interrupts_lib.o)
 .mdebug.abi32  0x00000000        0x0 C:/Program Files/Microchip/MPLAB C32 Suite/bin/../lib/gcc/pic32mx/3.4.4/../../../../pic32mx/lib\libmchp_peripheral_32MX795F512L.a(int_enable_mv_int_lib.o)

.comment        0x00000000      0x840
 *(.comment)
 .comment       0x00000000       0x50 Objects\C32\main.o
 .comment       0x00000050       0x50 Objects\C32\usb_host.o
 .comment       0x000000a0       0x50 Objects\C32\usb_host_android_protocol_v1.o
 .comment       0x000000f0       0x50 Objects\C32\usb_host_android.o
 .comment       0x00000140       0x50 Objects\C32\usb_config.o
 .comment       0x00000190       0x50 Objects\C32\custom_bin_boot.o
 .comment       0x000001e0       0x50 Objects\C32\boot_commands.o
 .comment       0x00000230       0x50 Objects\C32\boot_hal_pic32.o
 .comment       0x00000280       0x56 C:/Program Files/Microchip/MPLAB C32 Suite/bin/../lib/gcc/pic32mx/3.4.4/../../../../pic32mx/lib\libc.a(memset.o)
 .comment       0x000002d6       0x9a C:/Program Files/Microchip/MPLAB C32 Suite/bin/../lib/gcc/pic32mx/3.4.4/../../../../pic32mx/lib\libc.a(exit.o)
 .comment       0x00000370       0x4d C:/Program Files/Microchip/MPLAB C32 Suite/bin/../lib/gcc/pic32mx/3.4.4/../../../../pic32mx/lib\libc.a(malloc.o)
 .comment       0x000003bd       0x9b C:/Program Files/Microchip/MPLAB C32 Suite/bin/../lib/gcc/pic32mx/3.4.4/../../../../pic32mx/lib\libc.a(errno.o)
 .comment       0x00000458       0x98 C:/Program Files/Microchip/MPLAB C32 Suite/bin/../lib/gcc/pic32mx/3.4.4/../../../../pic32mx/lib\libc.a(sbrk.o)
 .comment       0x000004f0       0x4d C:/Program Files/Microchip/MPLAB C32 Suite/bin/../lib/gcc/pic32mx/3.4.4/../../../../pic32mx/lib\libc.a(default-bootstrap-exception-handler.o)
 .comment       0x0000053d       0x4d C:/Program Files/Microchip/MPLAB C32 Suite/bin/../lib/gcc/pic32mx/3.4.4/../../../../pic32mx/lib\libc.a(default-on-reset.o)
 .comment       0x0000058a       0x4d C:/Program Files/Microchip/MPLAB C32 Suite/bin/../lib/gcc/pic32mx/3.4.4/../../../../pic32mx/lib\libc.a(default-on-bootstrap.o)
 .comment       0x000005d7       0x4d C:/Program Files/Microchip/MPLAB C32 Suite/bin/../lib/gcc/pic32mx/3.4.4/../../../../pic32mx/lib\libc.a(_exit.o)
 .comment       0x00000624       0x9b C:/Program Files/Microchip/MPLAB C32 Suite/bin/../lib/gcc/pic32mx/3.4.4/../../../../pic32mx/lib\libc.a(stubs.o)
 .comment       0x000006bf       0x4d C:/Program Files/Microchip/MPLAB C32 Suite/bin/../lib/gcc/pic32mx/3.4.4/../../../../pic32mx/lib\libmchp_peripheral_32MX795F512L.a(pcache.o)
 .comment       0x0000070c       0x4d C:/Program Files/Microchip/MPLAB C32 Suite/bin/../lib/gcc/pic32mx/3.4.4/../../../../pic32mx/lib\libmchp_peripheral_32MX795F512L.a(int_enable_interrupts_lib.o)
 .comment       0x00000759       0x4d C:/Program Files/Microchip/MPLAB C32 Suite/bin/../lib/gcc/pic32mx/3.4.4/../../../../pic32mx/lib\libmchp_peripheral_32MX795F512L.a(int_disable_interrupts_lib.o)
 .comment       0x000007a6       0x4d C:/Program Files/Microchip/MPLAB C32 Suite/bin/../lib/gcc/pic32mx/3.4.4/../../../../pic32mx/lib\libmchp_peripheral_32MX795F512L.a(int_restore_interrupts_lib.o)
 .comment       0x000007f3       0x4d C:/Program Files/Microchip/MPLAB C32 Suite/bin/../lib/gcc/pic32mx/3.4.4/../../../../pic32mx/lib\libmchp_peripheral_32MX795F512L.a(int_enable_mv_int_lib.o)

.debug
 *(.debug)

.line
 *(.line)

.debug_srcinfo
 *(.debug_srcinfo)

.debug_sfnames
 *(.debug_sfnames)

.debug_aranges  0x00000000      0x3c8
 *(.debug_aranges)
 .debug_aranges
                0x00000000       0x20 Objects\C32\main.o
 .debug_aranges
                0x00000020       0x20 Objects\C32\usb_host.o
 .debug_aranges
                0x00000040       0x20 Objects\C32\usb_host_android_protocol_v1.o
 .debug_aranges
                0x00000060       0x20 Objects\C32\usb_host_android.o
 .debug_aranges
                0x00000080       0x20 Objects\C32\custom_bin_boot.o
 .debug_aranges
                0x000000a0       0x20 Objects\C32\boot_commands.o
 .debug_aranges
                0x000000c0       0x20 Objects\C32\boot_hal_pic32.o
 .debug_aranges
                0x000000e0       0x28 C:/Program Files/Microchip/MPLAB C32 Suite/bin/../lib/gcc/pic32mx/3.4.4/../../../../pic32mx/lib\libc.a(exit.o)
 .debug_aranges
                0x00000108       0x38 C:/Program Files/Microchip/MPLAB C32 Suite/bin/../lib/gcc/pic32mx/3.4.4/../../../../pic32mx/lib\libc.a(malloc.o)
 .debug_aranges
                0x00000140       0x48 C:/Program Files/Microchip/MPLAB C32 Suite/bin/../lib/gcc/pic32mx/3.4.4/../../../../pic32mx/lib\libc.a(sbrk.o)
 .debug_aranges
                0x00000188       0x28 C:/Program Files/Microchip/MPLAB C32 Suite/bin/../lib/gcc/pic32mx/3.4.4/../../../../pic32mx/lib\libc.a(default-bootstrap-exception-handler.o)
 .debug_aranges
                0x000001b0       0x28 C:/Program Files/Microchip/MPLAB C32 Suite/bin/../lib/gcc/pic32mx/3.4.4/../../../../pic32mx/lib\libc.a(default-on-reset.o)
 .debug_aranges
                0x000001d8       0x28 C:/Program Files/Microchip/MPLAB C32 Suite/bin/../lib/gcc/pic32mx/3.4.4/../../../../pic32mx/lib\libc.a(default-on-bootstrap.o)
 .debug_aranges
                0x00000200       0x28 C:/Program Files/Microchip/MPLAB C32 Suite/bin/../lib/gcc/pic32mx/3.4.4/../../../../pic32mx/lib\libc.a(_exit.o)
 .debug_aranges
                0x00000228       0xd0 C:/Program Files/Microchip/MPLAB C32 Suite/bin/../lib/gcc/pic32mx/3.4.4/../../../../pic32mx/lib\libc.a(stubs.o)
 .debug_aranges
                0x000002f8       0x30 C:/Program Files/Microchip/MPLAB C32 Suite/bin/../lib/gcc/pic32mx/3.4.4/../../../../pic32mx/lib\libmchp_peripheral_32MX795F512L.a(pcache.o)
 .debug_aranges
                0x00000328       0x28 C:/Program Files/Microchip/MPLAB C32 Suite/bin/../lib/gcc/pic32mx/3.4.4/../../../../pic32mx/lib\libmchp_peripheral_32MX795F512L.a(int_enable_interrupts_lib.o)
 .debug_aranges
                0x00000350       0x28 C:/Program Files/Microchip/MPLAB C32 Suite/bin/../lib/gcc/pic32mx/3.4.4/../../../../pic32mx/lib\libmchp_peripheral_32MX795F512L.a(int_disable_interrupts_lib.o)
 .debug_aranges
                0x00000378       0x28 C:/Program Files/Microchip/MPLAB C32 Suite/bin/../lib/gcc/pic32mx/3.4.4/../../../../pic32mx/lib\libmchp_peripheral_32MX795F512L.a(int_restore_interrupts_lib.o)
 .debug_aranges
                0x000003a0       0x28 C:/Program Files/Microchip/MPLAB C32 Suite/bin/../lib/gcc/pic32mx/3.4.4/../../../../pic32mx/lib\libmchp_peripheral_32MX795F512L.a(int_enable_mv_int_lib.o)

.debug_pubnames
                0x00000000      0xd1c
 *(.debug_pubnames)
 .debug_pubnames
                0x00000000       0xb9 Objects\C32\main.o
 .debug_pubnames
                0x000000b9      0x41f Objects\C32\usb_host.o
 .debug_pubnames
                0x000004d8      0x10d Objects\C32\usb_host_android_protocol_v1.o
 .debug_pubnames
                0x000005e5      0x13d Objects\C32\usb_host_android.o
 .debug_pubnames
                0x00000722       0x33 Objects\C32\usb_config.o
 .debug_pubnames
                0x00000755       0x4d Objects\C32\custom_bin_boot.o
 .debug_pubnames
                0x000007a2       0x2a Objects\C32\boot_commands.o
 .debug_pubnames
                0x000007cc       0x45 Objects\C32\boot_hal_pic32.o
 .debug_pubnames
                0x00000811       0x1b C:/Program Files/Microchip/MPLAB C32 Suite/bin/../lib/gcc/pic32mx/3.4.4/../../../../pic32mx/lib\libc.a(exit.o)
 .debug_pubnames
                0x0000082c       0x36 C:/Program Files/Microchip/MPLAB C32 Suite/bin/../lib/gcc/pic32mx/3.4.4/../../../../pic32mx/lib\libc.a(malloc.o)
 .debug_pubnames
                0x00000862       0x5c C:/Program Files/Microchip/MPLAB C32 Suite/bin/../lib/gcc/pic32mx/3.4.4/../../../../pic32mx/lib\libc.a(sbrk.o)
 .debug_pubnames
                0x000008be       0x33 C:/Program Files/Microchip/MPLAB C32 Suite/bin/../lib/gcc/pic32mx/3.4.4/../../../../pic32mx/lib\libc.a(default-bootstrap-exception-handler.o)
 .debug_pubnames
                0x000008f1       0x20 C:/Program Files/Microchip/MPLAB C32 Suite/bin/../lib/gcc/pic32mx/3.4.4/../../../../pic32mx/lib\libc.a(default-on-reset.o)
 .debug_pubnames
                0x00000911       0x24 C:/Program Files/Microchip/MPLAB C32 Suite/bin/../lib/gcc/pic32mx/3.4.4/../../../../pic32mx/lib\libc.a(default-on-bootstrap.o)
 .debug_pubnames
                0x00000935       0x1c C:/Program Files/Microchip/MPLAB C32 Suite/bin/../lib/gcc/pic32mx/3.4.4/../../../../pic32mx/lib\libc.a(_exit.o)
 .debug_pubnames
                0x00000951      0x2da C:/Program Files/Microchip/MPLAB C32 Suite/bin/../lib/gcc/pic32mx/3.4.4/../../../../pic32mx/lib\libc.a(stubs.o)
 .debug_pubnames
                0x00000c2b       0x3b C:/Program Files/Microchip/MPLAB C32 Suite/bin/../lib/gcc/pic32mx/3.4.4/../../../../pic32mx/lib\libmchp_peripheral_32MX795F512L.a(pcache.o)
 .debug_pubnames
                0x00000c66       0x2a C:/Program Files/Microchip/MPLAB C32 Suite/bin/../lib/gcc/pic32mx/3.4.4/../../../../pic32mx/lib\libmchp_peripheral_32MX795F512L.a(int_enable_interrupts_lib.o)
 .debug_pubnames
                0x00000c90       0x2b C:/Program Files/Microchip/MPLAB C32 Suite/bin/../lib/gcc/pic32mx/3.4.4/../../../../pic32mx/lib\libmchp_peripheral_32MX795F512L.a(int_disable_interrupts_lib.o)
 .debug_pubnames
                0x00000cbb       0x2b C:/Program Files/Microchip/MPLAB C32 Suite/bin/../lib/gcc/pic32mx/3.4.4/../../../../pic32mx/lib\libmchp_peripheral_32MX795F512L.a(int_restore_interrupts_lib.o)
 .debug_pubnames
                0x00000ce6       0x36 C:/Program Files/Microchip/MPLAB C32 Suite/bin/../lib/gcc/pic32mx/3.4.4/../../../../pic32mx/lib\libmchp_peripheral_32MX795F512L.a(int_enable_mv_int_lib.o)

.debug_info     0x00000000     0x9ad7
 *(.debug_info .gnu.linkonce.wi.*)
 .debug_info    0x00000000     0x1149 Objects\C32\main.o
 .debug_info    0x00001149     0x321b Objects\C32\usb_host.o
 .debug_info    0x00004364     0x1640 Objects\C32\usb_host_android_protocol_v1.o
 .debug_info    0x000059a4     0x1519 Objects\C32\usb_host_android.o
 .debug_info    0x00006ebd      0xc69 Objects\C32\usb_config.o
 .debug_info    0x00007b26      0xa40 Objects\C32\custom_bin_boot.o
 .debug_info    0x00008566      0x8c9 Objects\C32\boot_commands.o
 .debug_info    0x00008e2f      0x83c Objects\C32\boot_hal_pic32.o
 .debug_info    0x0000966b       0x30 C:/Program Files/Microchip/MPLAB C32 Suite/bin/../lib/gcc/pic32mx/3.4.4/../../../../pic32mx/lib\libc.a(exit.o)
 .debug_info    0x0000969b       0x57 C:/Program Files/Microchip/MPLAB C32 Suite/bin/../lib/gcc/pic32mx/3.4.4/../../../../pic32mx/lib\libc.a(malloc.o)
 .debug_info    0x000096f2        0x0 C:/Program Files/Microchip/MPLAB C32 Suite/bin/../lib/gcc/pic32mx/3.4.4/../../../../pic32mx/lib\libc.a(errno.o)
 .debug_info    0x000096f2       0x79 C:/Program Files/Microchip/MPLAB C32 Suite/bin/../lib/gcc/pic32mx/3.4.4/../../../../pic32mx/lib\libc.a(sbrk.o)
 .debug_info    0x0000976b       0x30 C:/Program Files/Microchip/MPLAB C32 Suite/bin/../lib/gcc/pic32mx/3.4.4/../../../../pic32mx/lib\libc.a(default-bootstrap-exception-handler.o)
 .debug_info    0x0000979b       0x30 C:/Program Files/Microchip/MPLAB C32 Suite/bin/../lib/gcc/pic32mx/3.4.4/../../../../pic32mx/lib\libc.a(default-on-reset.o)
 .debug_info    0x000097cb       0x30 C:/Program Files/Microchip/MPLAB C32 Suite/bin/../lib/gcc/pic32mx/3.4.4/../../../../pic32mx/lib\libc.a(default-on-bootstrap.o)
 .debug_info    0x000097fb       0x30 C:/Program Files/Microchip/MPLAB C32 Suite/bin/../lib/gcc/pic32mx/3.4.4/../../../../pic32mx/lib\libc.a(_exit.o)
 .debug_info    0x0000982b      0x1aa C:/Program Files/Microchip/MPLAB C32 Suite/bin/../lib/gcc/pic32mx/3.4.4/../../../../pic32mx/lib\libc.a(stubs.o)
 .debug_info    0x000099d5       0x42 C:/Program Files/Microchip/MPLAB C32 Suite/bin/../lib/gcc/pic32mx/3.4.4/../../../../pic32mx/lib\libmchp_peripheral_32MX795F512L.a(pcache.o)
 .debug_info    0x00009a17       0x30 C:/Program Files/Microchip/MPLAB C32 Suite/bin/../lib/gcc/pic32mx/3.4.4/../../../../pic32mx/lib\libmchp_peripheral_32MX795F512L.a(int_enable_interrupts_lib.o)
 .debug_info    0x00009a47       0x30 C:/Program Files/Microchip/MPLAB C32 Suite/bin/../lib/gcc/pic32mx/3.4.4/../../../../pic32mx/lib\libmchp_peripheral_32MX795F512L.a(int_disable_interrupts_lib.o)
 .debug_info    0x00009a77       0x30 C:/Program Files/Microchip/MPLAB C32 Suite/bin/../lib/gcc/pic32mx/3.4.4/../../../../pic32mx/lib\libmchp_peripheral_32MX795F512L.a(int_restore_interrupts_lib.o)
 .debug_info    0x00009aa7       0x30 C:/Program Files/Microchip/MPLAB C32 Suite/bin/../lib/gcc/pic32mx/3.4.4/../../../../pic32mx/lib\libmchp_peripheral_32MX795F512L.a(int_enable_mv_int_lib.o)

.debug_abbrev   0x00000000     0x12c2
 *(.debug_abbrev)
 .debug_abbrev  0x00000000      0x2e3 Objects\C32\main.o
 .debug_abbrev  0x000002e3      0x2cf Objects\C32\usb_host.o
 .debug_abbrev  0x000005b2      0x276 Objects\C32\usb_host_android_protocol_v1.o
 .debug_abbrev  0x00000828      0x270 Objects\C32\usb_host_android.o
 .debug_abbrev  0x00000a98      0x1b3 Objects\C32\usb_config.o
 .debug_abbrev  0x00000c4b      0x1d5 Objects\C32\custom_bin_boot.o
 .debug_abbrev  0x00000e20      0x164 Objects\C32\boot_commands.o
 .debug_abbrev  0x00000f84      0x163 Objects\C32\boot_hal_pic32.o
 .debug_abbrev  0x000010e7       0x23 C:/Program Files/Microchip/MPLAB C32 Suite/bin/../lib/gcc/pic32mx/3.4.4/../../../../pic32mx/lib\libc.a(exit.o)
 .debug_abbrev  0x0000110a       0x23 C:/Program Files/Microchip/MPLAB C32 Suite/bin/../lib/gcc/pic32mx/3.4.4/../../../../pic32mx/lib\libc.a(malloc.o)
 .debug_abbrev  0x0000112d        0x1 C:/Program Files/Microchip/MPLAB C32 Suite/bin/../lib/gcc/pic32mx/3.4.4/../../../../pic32mx/lib\libc.a(errno.o)
 .debug_abbrev  0x0000112e       0x36 C:/Program Files/Microchip/MPLAB C32 Suite/bin/../lib/gcc/pic32mx/3.4.4/../../../../pic32mx/lib\libc.a(sbrk.o)
 .debug_abbrev  0x00001164       0x23 C:/Program Files/Microchip/MPLAB C32 Suite/bin/../lib/gcc/pic32mx/3.4.4/../../../../pic32mx/lib\libc.a(default-bootstrap-exception-handler.o)
 .debug_abbrev  0x00001187       0x23 C:/Program Files/Microchip/MPLAB C32 Suite/bin/../lib/gcc/pic32mx/3.4.4/../../../../pic32mx/lib\libc.a(default-on-reset.o)
 .debug_abbrev  0x000011aa       0x23 C:/Program Files/Microchip/MPLAB C32 Suite/bin/../lib/gcc/pic32mx/3.4.4/../../../../pic32mx/lib\libc.a(default-on-bootstrap.o)
 .debug_abbrev  0x000011cd       0x23 C:/Program Files/Microchip/MPLAB C32 Suite/bin/../lib/gcc/pic32mx/3.4.4/../../../../pic32mx/lib\libc.a(_exit.o)
 .debug_abbrev  0x000011f0       0x23 C:/Program Files/Microchip/MPLAB C32 Suite/bin/../lib/gcc/pic32mx/3.4.4/../../../../pic32mx/lib\libc.a(stubs.o)
 .debug_abbrev  0x00001213       0x23 C:/Program Files/Microchip/MPLAB C32 Suite/bin/../lib/gcc/pic32mx/3.4.4/../../../../pic32mx/lib\libmchp_peripheral_32MX795F512L.a(pcache.o)
 .debug_abbrev  0x00001236       0x23 C:/Program Files/Microchip/MPLAB C32 Suite/bin/../lib/gcc/pic32mx/3.4.4/../../../../pic32mx/lib\libmchp_peripheral_32MX795F512L.a(int_enable_interrupts_lib.o)
 .debug_abbrev  0x00001259       0x23 C:/Program Files/Microchip/MPLAB C32 Suite/bin/../lib/gcc/pic32mx/3.4.4/../../../../pic32mx/lib\libmchp_peripheral_32MX795F512L.a(int_disable_interrupts_lib.o)
 .debug_abbrev  0x0000127c       0x23 C:/Program Files/Microchip/MPLAB C32 Suite/bin/../lib/gcc/pic32mx/3.4.4/../../../../pic32mx/lib\libmchp_peripheral_32MX795F512L.a(int_restore_interrupts_lib.o)
 .debug_abbrev  0x0000129f       0x23 C:/Program Files/Microchip/MPLAB C32 Suite/bin/../lib/gcc/pic32mx/3.4.4/../../../../pic32mx/lib\libmchp_peripheral_32MX795F512L.a(int_enable_mv_int_lib.o)

.debug_line     0x00000000     0x2364
 *(.debug_line)
 .debug_line    0x00000000      0x274 Objects\C32\main.o
 .debug_line    0x00000274      0xb3a Objects\C32\usb_host.o
 .debug_line    0x00000dae      0x3c4 Objects\C32\usb_host_android_protocol_v1.o
 .debug_line    0x00001172      0x31d Objects\C32\usb_host_android.o
 .debug_line    0x0000148f      0x18f Objects\C32\usb_config.o
 .debug_line    0x0000161e      0x1bf Objects\C32\custom_bin_boot.o
 .debug_line    0x000017dd      0x1b1 Objects\C32\boot_commands.o
 .debug_line    0x0000198e      0x1e2 Objects\C32\boot_hal_pic32.o
 .debug_line    0x00001b70       0x8a C:/Program Files/Microchip/MPLAB C32 Suite/bin/../lib/gcc/pic32mx/3.4.4/../../../../pic32mx/lib\libc.a(exit.o)
 .debug_line    0x00001bfa       0x8c C:/Program Files/Microchip/MPLAB C32 Suite/bin/../lib/gcc/pic32mx/3.4.4/../../../../pic32mx/lib\libc.a(malloc.o)
 .debug_line    0x00001c86        0x0 C:/Program Files/Microchip/MPLAB C32 Suite/bin/../lib/gcc/pic32mx/3.4.4/../../../../pic32mx/lib\libc.a(errno.o)
 .debug_line    0x00001c86       0x8c C:/Program Files/Microchip/MPLAB C32 Suite/bin/../lib/gcc/pic32mx/3.4.4/../../../../pic32mx/lib\libc.a(sbrk.o)
 .debug_line    0x00001d12       0xab C:/Program Files/Microchip/MPLAB C32 Suite/bin/../lib/gcc/pic32mx/3.4.4/../../../../pic32mx/lib\libc.a(default-bootstrap-exception-handler.o)
 .debug_line    0x00001dbd       0x98 C:/Program Files/Microchip/MPLAB C32 Suite/bin/../lib/gcc/pic32mx/3.4.4/../../../../pic32mx/lib\libc.a(default-on-reset.o)
 .debug_line    0x00001e55       0x9c C:/Program Files/Microchip/MPLAB C32 Suite/bin/../lib/gcc/pic32mx/3.4.4/../../../../pic32mx/lib\libc.a(default-on-bootstrap.o)
 .debug_line    0x00001ef1       0x8d C:/Program Files/Microchip/MPLAB C32 Suite/bin/../lib/gcc/pic32mx/3.4.4/../../../../pic32mx/lib\libc.a(_exit.o)
 .debug_line    0x00001f7e       0x8d C:/Program Files/Microchip/MPLAB C32 Suite/bin/../lib/gcc/pic32mx/3.4.4/../../../../pic32mx/lib\libc.a(stubs.o)
 .debug_line    0x0000200b       0x9f C:/Program Files/Microchip/MPLAB C32 Suite/bin/../lib/gcc/pic32mx/3.4.4/../../../../pic32mx/lib\libmchp_peripheral_32MX795F512L.a(pcache.o)
 .debug_line    0x000020aa       0xaf C:/Program Files/Microchip/MPLAB C32 Suite/bin/../lib/gcc/pic32mx/3.4.4/../../../../pic32mx/lib\libmchp_peripheral_32MX795F512L.a(int_enable_interrupts_lib.o)
 .debug_line    0x00002159       0xb0 C:/Program Files/Microchip/MPLAB C32 Suite/bin/../lib/gcc/pic32mx/3.4.4/../../../../pic32mx/lib\libmchp_peripheral_32MX795F512L.a(int_disable_interrupts_lib.o)
 .debug_line    0x00002209       0xb0 C:/Program Files/Microchip/MPLAB C32 Suite/bin/../lib/gcc/pic32mx/3.4.4/../../../../pic32mx/lib\libmchp_peripheral_32MX795F512L.a(int_restore_interrupts_lib.o)
 .debug_line    0x000022b9       0xab C:/Program Files/Microchip/MPLAB C32 Suite/bin/../lib/gcc/pic32mx/3.4.4/../../../../pic32mx/lib\libmchp_peripheral_32MX795F512L.a(int_enable_mv_int_lib.o)

.debug_frame    0x00000000      0xd18
 *(.debug_frame)
 .debug_frame   0x00000000       0xc0 Objects\C32\main.o
 .debug_frame   0x000000c0      0x4ac Objects\C32\usb_host.o
 .debug_frame   0x0000056c      0x170 Objects\C32\usb_host_android_protocol_v1.o
 .debug_frame   0x000006dc      0x170 Objects\C32\usb_host_android.o
 .debug_frame   0x0000084c       0x68 Objects\C32\custom_bin_boot.o
 .debug_frame   0x000008b4       0x30 Objects\C32\boot_commands.o
 .debug_frame   0x000008e4       0x48 Objects\C32\boot_hal_pic32.o
 .debug_frame   0x0000092c       0x28 C:/Program Files/Microchip/MPLAB C32 Suite/bin/../lib/gcc/pic32mx/3.4.4/../../../../pic32mx/lib\libc.a(exit.o)
 .debug_frame   0x00000954       0x74 C:/Program Files/Microchip/MPLAB C32 Suite/bin/../lib/gcc/pic32mx/3.4.4/../../../../pic32mx/lib\libc.a(malloc.o)
 .debug_frame   0x000009c8       0xa0 C:/Program Files/Microchip/MPLAB C32 Suite/bin/../lib/gcc/pic32mx/3.4.4/../../../../pic32mx/lib\libc.a(sbrk.o)
 .debug_frame   0x00000a68       0x20 C:/Program Files/Microchip/MPLAB C32 Suite/bin/../lib/gcc/pic32mx/3.4.4/../../../../pic32mx/lib\libc.a(default-bootstrap-exception-handler.o)
 .debug_frame   0x00000a88       0x20 C:/Program Files/Microchip/MPLAB C32 Suite/bin/../lib/gcc/pic32mx/3.4.4/../../../../pic32mx/lib\libc.a(default-on-reset.o)
 .debug_frame   0x00000aa8       0x20 C:/Program Files/Microchip/MPLAB C32 Suite/bin/../lib/gcc/pic32mx/3.4.4/../../../../pic32mx/lib\libc.a(default-on-bootstrap.o)
 .debug_frame   0x00000ac8       0x20 C:/Program Files/Microchip/MPLAB C32 Suite/bin/../lib/gcc/pic32mx/3.4.4/../../../../pic32mx/lib\libc.a(_exit.o)
 .debug_frame   0x00000ae8      0x178 C:/Program Files/Microchip/MPLAB C32 Suite/bin/../lib/gcc/pic32mx/3.4.4/../../../../pic32mx/lib\libc.a(stubs.o)
 .debug_frame   0x00000c60       0x30 C:/Program Files/Microchip/MPLAB C32 Suite/bin/../lib/gcc/pic32mx/3.4.4/../../../../pic32mx/lib\libmchp_peripheral_32MX795F512L.a(pcache.o)
 .debug_frame   0x00000c90       0x20 C:/Program Files/Microchip/MPLAB C32 Suite/bin/../lib/gcc/pic32mx/3.4.4/../../../../pic32mx/lib\libmchp_peripheral_32MX795F512L.a(int_enable_interrupts_lib.o)
 .debug_frame   0x00000cb0       0x20 C:/Program Files/Microchip/MPLAB C32 Suite/bin/../lib/gcc/pic32mx/3.4.4/../../../../pic32mx/lib\libmchp_peripheral_32MX795F512L.a(int_disable_interrupts_lib.o)
 .debug_frame   0x00000cd0       0x20 C:/Program Files/Microchip/MPLAB C32 Suite/bin/../lib/gcc/pic32mx/3.4.4/../../../../pic32mx/lib\libmchp_peripheral_32MX795F512L.a(int_restore_interrupts_lib.o)
 .debug_frame   0x00000cf0       0x28 C:/Program Files/Microchip/MPLAB C32 Suite/bin/../lib/gcc/pic32mx/3.4.4/../../../../pic32mx/lib\libmchp_peripheral_32MX795F512L.a(int_enable_mv_int_lib.o)

.debug_str      0x00000000      0xc96
 *(.debug_str)
 .debug_str     0x00000000       0x51 Objects\C32\main.o
 .debug_str     0x00000051      0x157 Objects\C32\usb_host.o
 .debug_str     0x000001a8       0x46 Objects\C32\usb_host_android_protocol_v1.o
 .debug_str     0x000001ee       0x48 Objects\C32\usb_host_android.o
 .debug_str     0x00000236       0x12 Objects\C32\usb_config.o
 .debug_str     0x00000248       0x1c Objects\C32\custom_bin_boot.o
 .debug_str     0x00000264       0x12 Objects\C32\boot_commands.o
 .debug_str     0x00000276       0x12 Objects\C32\boot_hal_pic32.o
 .debug_str     0x00000288       0xb1 C:/Program Files/Microchip/MPLAB C32 Suite/bin/../lib/gcc/pic32mx/3.4.4/../../../../pic32mx/lib\libc.a(exit.o)
                                 0xb6 (size before relaxing)
 .debug_str     0x00000339       0x84 C:/Program Files/Microchip/MPLAB C32 Suite/bin/../lib/gcc/pic32mx/3.4.4/../../../../pic32mx/lib\libc.a(malloc.o)
                                 0xcb (size before relaxing)
 .debug_str     0x000003bd       0x9d C:/Program Files/Microchip/MPLAB C32 Suite/bin/../lib/gcc/pic32mx/3.4.4/../../../../pic32mx/lib\libc.a(sbrk.o)
                                 0xe9 (size before relaxing)
 .debug_str     0x0000045a       0xa8 C:/Program Files/Microchip/MPLAB C32 Suite/bin/../lib/gcc/pic32mx/3.4.4/../../../../pic32mx/lib\libc.a(default-bootstrap-exception-handler.o)
                                 0xef (size before relaxing)
 .debug_str     0x00000502       0x82 C:/Program Files/Microchip/MPLAB C32 Suite/bin/../lib/gcc/pic32mx/3.4.4/../../../../pic32mx/lib\libc.a(default-on-reset.o)
                                 0xc9 (size before relaxing)
 .debug_str     0x00000584       0x8a C:/Program Files/Microchip/MPLAB C32 Suite/bin/../lib/gcc/pic32mx/3.4.4/../../../../pic32mx/lib\libc.a(default-on-bootstrap.o)
                                 0xd1 (size before relaxing)
 .debug_str     0x0000060e       0x73 C:/Program Files/Microchip/MPLAB C32 Suite/bin/../lib/gcc/pic32mx/3.4.4/../../../../pic32mx/lib\libc.a(_exit.o)
                                 0xba (size before relaxing)
 .debug_str     0x00000681      0x2dd C:/Program Files/Microchip/MPLAB C32 Suite/bin/../lib/gcc/pic32mx/3.4.4/../../../../pic32mx/lib\libc.a(stubs.o)
                                0x324 (size before relaxing)
 .debug_str     0x0000095e       0xa0 C:/Program Files/Microchip/MPLAB C32 Suite/bin/../lib/gcc/pic32mx/3.4.4/../../../../pic32mx/lib\libmchp_peripheral_32MX795F512L.a(pcache.o)
                                 0xe7 (size before relaxing)
 .debug_str     0x000009fe       0xa3 C:/Program Files/Microchip/MPLAB C32 Suite/bin/../lib/gcc/pic32mx/3.4.4/../../../../pic32mx/lib\libmchp_peripheral_32MX795F512L.a(int_enable_interrupts_lib.o)
                                 0xea (size before relaxing)
 .debug_str     0x00000aa1       0xa5 C:/Program Files/Microchip/MPLAB C32 Suite/bin/../lib/gcc/pic32mx/3.4.4/../../../../pic32mx/lib\libmchp_peripheral_32MX795F512L.a(int_disable_interrupts_lib.o)
                                 0xec (size before relaxing)
 .debug_str     0x00000b46       0xa5 C:/Program Files/Microchip/MPLAB C32 Suite/bin/../lib/gcc/pic32mx/3.4.4/../../../../pic32mx/lib\libmchp_peripheral_32MX795F512L.a(int_restore_interrupts_lib.o)
                                 0xec (size before relaxing)
 .debug_str     0x00000beb       0xab C:/Program Files/Microchip/MPLAB C32 Suite/bin/../lib/gcc/pic32mx/3.4.4/../../../../pic32mx/lib\libmchp_peripheral_32MX795F512L.a(int_enable_mv_int_lib.o)
                                 0xf2 (size before relaxing)

.debug_loc
 *(.debug_loc)

.debug_macinfo
 *(.debug_macinfo)

.debug_weaknames
 *(.debug_weaknames)

.debug_funcnames
 *(.debug_funcnames)

.debug_typenames
 *(.debug_typenames)

.debug_varnames
 *(.debug_varnames)
OUTPUT(USB Host - Audio - MIDI - C32 - PIC32MX795F512L PIM.elf elf32-tradlittlemips)
