Archive member included because of file (symbol)

C:/Program Files/Microchip/MPLAB C32/bin/../lib/gcc/pic32mx/3.4.4/../../../../pic32mx/lib/size\libc.a(memcpy.o)
                              Objects - Graphics Object Layer Demo\TouchScreen.o (memcpy)
C:/Program Files/Microchip/MPLAB C32/bin/../lib/gcc/pic32mx/3.4.4/../../../../pic32mx/lib/size\libc.a(general-exception.o)
                              C:/Program Files/Microchip/MPLAB C32/bin/../lib/gcc/pic32mx/3.4.4/../../../../pic32mx/lib/size/crt0.o (_general_exception_context)
C:/Program Files/Microchip/MPLAB C32/bin/../lib/gcc/pic32mx/3.4.4/../../../../pic32mx/lib/size\libc.a(exit.o)
                              C:/Program Files/Microchip/MPLAB C32/bin/../lib/gcc/pic32mx/3.4.4/../../../../pic32mx/lib/size/crt0.o (exit)
C:/Program Files/Microchip/MPLAB C32/bin/../lib/gcc/pic32mx/3.4.4/../../../../pic32mx/lib/size\libc.a(malloc.o)
                              Objects - Graphics Object Layer Demo\CustomControlDemo.o (malloc)
C:/Program Files/Microchip/MPLAB C32/bin/../lib/gcc/pic32mx/3.4.4/../../../../pic32mx/lib/size\libc.a(_iobdata.o)
                              C:/Program Files/Microchip/MPLAB C32/bin/../lib/gcc/pic32mx/3.4.4/../../../../pic32mx/lib/size\libc.a(exit.o) (_libc_data)
C:/Program Files/Microchip/MPLAB C32/bin/../lib/gcc/pic32mx/3.4.4/../../../../pic32mx/lib/size\libc.a(_iobfuncs.o)
                              C:/Program Files/Microchip/MPLAB C32/bin/../lib/gcc/pic32mx/3.4.4/../../../../pic32mx/lib/size\libc.a(_iobdata.o) (_filbuf_simple)
C:/Program Files/Microchip/MPLAB C32/bin/../lib/gcc/pic32mx/3.4.4/../../../../pic32mx/lib/size\libc.a(stubs.o)
                              C:/Program Files/Microchip/MPLAB C32/bin/../lib/gcc/pic32mx/3.4.4/../../../../pic32mx/lib/size\libc.a(malloc.o) (pthread_mutex_init)
C:/Program Files/Microchip/MPLAB C32/bin/../lib/gcc/pic32mx/3.4.4/../../../../pic32mx/lib/size\libc.a(sbrk.o)
                              C:/Program Files/Microchip/MPLAB C32/bin/../lib/gcc/pic32mx/3.4.4/../../../../pic32mx/lib/size\libc.a(malloc.o) (getpagesize)
C:/Program Files/Microchip/MPLAB C32/bin/../lib/gcc/pic32mx/3.4.4/../../../../pic32mx/lib/size\libc.a(default-general-exception-handler.o)
                              C:/Program Files/Microchip/MPLAB C32/bin/../lib/gcc/pic32mx/3.4.4/../../../../pic32mx/lib/size\libc.a(general-exception.o) (_general_exception_handler)
C:/Program Files/Microchip/MPLAB C32/bin/../lib/gcc/pic32mx/3.4.4/../../../../pic32mx/lib/size\libc.a(default-bootstrap-exception-handler.o)
                              C:/Program Files/Microchip/MPLAB C32/bin/../lib/gcc/pic32mx/3.4.4/../../../../pic32mx/lib/size/crt0.o (_bootstrap_exception_handler)
C:/Program Files/Microchip/MPLAB C32/bin/../lib/gcc/pic32mx/3.4.4/../../../../pic32mx/lib/size\libc.a(default-on-reset.o)
                              C:/Program Files/Microchip/MPLAB C32/bin/../lib/gcc/pic32mx/3.4.4/../../../../pic32mx/lib/size/crt0.o (_on_reset)
C:/Program Files/Microchip/MPLAB C32/bin/../lib/gcc/pic32mx/3.4.4/../../../../pic32mx/lib/size\libc.a(default-on-bootstrap.o)
                              C:/Program Files/Microchip/MPLAB C32/bin/../lib/gcc/pic32mx/3.4.4/../../../../pic32mx/lib/size/crt0.o (_on_bootstrap)
C:/Program Files/Microchip/MPLAB C32/bin/../lib/gcc/pic32mx/3.4.4/../../../../pic32mx/lib/size\libc.a(default-nmi-handler.o)
                              C:/Program Files/Microchip/MPLAB C32/bin/../lib/gcc/pic32mx/3.4.4/../../../../pic32mx/lib/size/crt0.o (_nmi_handler)
C:/Program Files/Microchip/MPLAB C32/bin/../lib/gcc/pic32mx/3.4.4/../../../../pic32mx/lib/size\libc.a(_mon_getc.o)
                              C:/Program Files/Microchip/MPLAB C32/bin/../lib/gcc/pic32mx/3.4.4/../../../../pic32mx/lib/size\libc.a(_iobfuncs.o) (_mon_getc)
C:/Program Files/Microchip/MPLAB C32/bin/../lib/gcc/pic32mx/3.4.4/../../../../pic32mx/lib/size\libc.a(_mon_write.o)
                              C:/Program Files/Microchip/MPLAB C32/bin/../lib/gcc/pic32mx/3.4.4/../../../../pic32mx/lib/size\libc.a(_iobfuncs.o) (_mon_write)
C:/Program Files/Microchip/MPLAB C32/bin/../lib/gcc/pic32mx/3.4.4/../../../../pic32mx/lib/size\libc.a(_exit.o)
                              C:/Program Files/Microchip/MPLAB C32/bin/../lib/gcc/pic32mx/3.4.4/../../../../pic32mx/lib/size\libc.a(exit.o) (_exit)
C:/Program Files/Microchip/MPLAB C32/bin/../lib/gcc/pic32mx/3.4.4/../../../../pic32mx/lib/size\libc.a(memset.o)
                              C:/Program Files/Microchip/MPLAB C32/bin/../lib/gcc/pic32mx/3.4.4/../../../../pic32mx/lib/size\libc.a(sbrk.o) (memset)
C:/Program Files/Microchip/MPLAB C32/bin/../lib/gcc/pic32mx/3.4.4/../../../../pic32mx/lib/size\libc.a(errno.o)
                              C:/Program Files/Microchip/MPLAB C32/bin/../lib/gcc/pic32mx/3.4.4/../../../../pic32mx/lib/size\libc.a(_iobfuncs.o) (errno)
C:/Program Files/Microchip/MPLAB C32/bin/../lib/gcc/pic32mx/3.4.4/../../../../pic32mx/lib/size\libc.a(_mon_putc.o)
[...]
Memory Configuration

Name             Origin             Length             Attributes
kseg0_program_mem 0x9d000000         0x00080000         xr
kseg0_boot_mem   0x9fc00490         0x00000970
exception_mem    0x9fc01000         0x00001000
kseg1_boot_mem   0xbfc00000         0x00000490
debug_exec_mem   0xbfc02000         0x00000ff0
config3          0xbfc02ff0         0x00000004
config2          0xbfc02ff4         0x00000004
config1          0xbfc02ff8         0x00000004
config0          0xbfc02ffc         0x00000004
kseg1_data_mem   0xa0000000         0x00008000         w !x
sfrs             0xbf800000         0x00100000
*default*        0x00000000         0xffffffff

Linker script and memory map

LOAD C:/Program Files/Microchip/MPLAB C32/bin/../lib/gcc/pic32mx/3.4.4/../../../../pic32mx/lib/size/crt0.o
LOAD Objects - Graphics Object Layer Demo\TouchScreen.o
LOAD Objects - Graphics Object Layer Demo\Beep.o
LOAD Objects - Graphics Object Layer Demo\CustomControlDemo.o
LOAD Objects - Graphics Object Layer Demo\Fonts.o
LOAD Objects - Graphics Object Layer Demo\MainDemo.o
LOAD Objects - Graphics Object Layer Demo\SideButtons.o
LOAD Objects - Graphics Object Layer Demo\rtcc.o
LOAD Objects - Graphics Object Layer Demo\EEPROM.o
LOAD Objects - Graphics Object Layer Demo\Pictures PIC32.o
LOAD Objects - Graphics Object Layer Demo\Window.o
LOAD Objects - Graphics Object Layer Demo\Button.o
LOAD Objects - Graphics Object Layer Demo\Chart.o
LOAD Objects - Graphics Object Layer Demo\CheckBox.o
LOAD Objects - Graphics Object Layer Demo\EditBox.o
LOAD Objects - Graphics Object Layer Demo\GOL.o
LOAD Objects - Graphics Object Layer Demo\GOLFontDefault.o
LOAD Objects - Graphics Object Layer Demo\Grid.o
LOAD Objects - Graphics Object Layer Demo\GroupBox.o
LOAD Objects - Graphics Object Layer Demo\ListBox.o
LOAD Objects - Graphics Object Layer Demo\Meter.o
LOAD Objects - Graphics Object Layer Demo\Picture.o
LOAD Objects - Graphics Object Layer Demo\Primitive.o
LOAD Objects - Graphics Object Layer Demo\ProgressBar.o
LOAD Objects - Graphics Object Layer Demo\RadioButton.o
LOAD Objects - Graphics Object Layer Demo\RoundDial.o
LOAD Objects - Graphics Object Layer Demo\Slider.o
LOAD Objects - Graphics Object Layer Demo\StaticText.o
LOAD Objects - Graphics Object Layer Demo\DisplayDriver.o
LOAD Objects - Graphics Object Layer Demo\SST25VF016.o
                0x00000001                __MPLAB_BUILD = 0x1
                0x00002000                _min_heap_size = 0x2000
                0x00000800                _min_stack_size = 0x800
LOAD C:/Program Files/Microchip/MPLAB C32/bin/../lib/gcc/pic32mx/3.4.4/size\libgcc.a
START GROUP
LOAD C:/Program Files/Microchip/MPLAB C32/bin/../lib/gcc/pic32mx/3.4.4/../../../../pic32mx/lib/size\libc.a
LOAD C:/Program Files/Microchip/MPLAB C32/bin/../lib/gcc/pic32mx/3.4.4/../../../../pic32mx/lib/size\libm.a
LOAD C:/Program Files/Microchip/MPLAB C32/bin/../lib/gcc/pic32mx/3.4.4/../../../../pic32mx/lib/size\libe.a
LOAD C:/Program Files/Microchip/MPLAB C32/bin/../lib/gcc/pic32mx/3.4.4/../../../../pic32mx/lib/size\libmchp_peripheral.a
LOAD C:/Program Files/Microchip/MPLAB C32/bin/../lib/gcc/pic32mx/3.4.4/../../../../pic32mx/lib/size\libmchp_peripheral_32MX360F512L.a
END GROUP
LOAD C:/Program Files/Microchip/MPLAB C32/bin/../lib/gcc/pic32mx/3.4.4/size\libgcc.a
                0x00000400                PROVIDE (_min_stack_size, 0x400)
                0x00000000                PROVIDE (_min_heap_size, 0x0)
LOAD C:/Program Files/Microchip/MPLAB C32/bin/../lib/gcc/pic32mx/3.4.4/../../../../pic32mx/lib/./proc/32MX360F512L\processor.o
                0x00000001                PROVIDE (_vector_spacing, 0x1)
                0x9fc01000                _ebase_address = 0x9fc01000
                0xbfc00000                _RESET_ADDR = 0xbfc00000
                0xbfc00380                _BEV_EXCPT_ADDR = 0xbfc00380
                0xbfc00480                _DBG_EXCPT_ADDR = 0xbfc00480
                0xbfc02000                _DBG_CODE_ADDR = 0xbfc02000
                0x9fc01180                _GEN_EXCPT_ADDR = (_ebase_address + 0x180)

.config_BFC02FF0
 *(.config_BFC02FF0)

.config_BFC02FF4
                0xbfc02ff4        0x4
 *(.config_BFC02FF4)
 .config_BFC02FF4
                0xbfc02ff4        0x4 Objects - Graphics Object Layer Demo\MainDemo.o

.config_BFC02FF8
                0xbfc02ff8        0x4
 *(.config_BFC02FF8)
 .config_BFC02FF8
                0xbfc02ff8        0x4 Objects - Graphics Object Layer Demo\MainDemo.o

.config_BFC02FFC
                0xbfc02ffc        0x4
 *(.config_BFC02FFC)
 .config_BFC02FFC
                0xbfc02ffc        0x4 Objects - Graphics Object Layer Demo\MainDemo.o

.reset          0xbfc00000       0x10
 *(.reset)
 .reset         0xbfc00000       0x10 C:/Program Files/Microchip/MPLAB C32/bin/../lib/gcc/pic32mx/3.4.4/../../../../pic32mx/lib/size/crt0.o
                0xbfc00000                _reset

.bev_excpt      0xbfc00380       0x10
 *(.bev_handler)
 .bev_handler   0xbfc00380       0x10 C:/Program Files/Microchip/MPLAB C32/bin/../lib/gcc/pic32mx/3.4.4/../../../../pic32mx/lib/size/crt0.o

.dbg_excpt      0xbfc00480        0x0
                0xbfc00480                . = (. + DEFINED (_DEBUGGER)?0x8:0x0)

.dbg_code       0xbfc02000        0x0
                0xbfc02000                . = (. + DEFINED (_DEBUGGER)?0xff0:0x0)

.app_excpt      0x9fc01180       0x10
 *(.gen_handler)
 .gen_handler   0x9fc01180       0x10 C:/Program Files/Microchip/MPLAB C32/bin/../lib/gcc/pic32mx/3.4.4/../../../../pic32mx/lib/size/crt0.o

.vector_0       0x9fc01200        0x0
 *(.vector_0)
                0x00000001                ASSERT (((_vector_spacing == 0x0) || (SIZEOF (.vector_0) <= (_vector_spacing << 0x5))), function at exception vector 0 too large)

.vector_1       0x9fc01220        0x0
 *(.vector_1)
                0x00000001                ASSERT (((_vector_spacing == 0x0) || (SIZEOF (.vector_1) <= (_vector_spacing << 0x5))), function at exception vector 1 too large)

.vector_2       0x9fc01240        0x0
 *(.vector_2)
                0x00000001                ASSERT (((_vector_spacing == 0x0) || (SIZEOF (.vector_2) <= (_vector_spacing << 0x5))), function at exception vector 2 too large)

.vector_3       0x9fc01260        0x0
 *(.vector_3)
                0x00000001                ASSERT (((_vector_spacing == 0x0) || (SIZEOF (.vector_3) <= (_vector_spacing << 0x5))), function at exception vector 3 too large)

.vector_4       0x9fc01280        0x0
 *(.vector_4)
                0x00000001                ASSERT (((_vector_spacing == 0x0) || (SIZEOF (.vector_4) <= (_vector_spacing << 0x5))), function at exception vector 4 too large)

.vector_5       0x9fc012a0        0x0
 *(.vector_5)
                0x00000001                ASSERT (((_vector_spacing == 0x0) || (SIZEOF (.vector_5) <= (_vector_spacing << 0x5))), function at exception vector 5 too large)

.vector_6       0x9fc012c0        0x0
 *(.vector_6)
                0x00000001                ASSERT (((_vector_spacing == 0x0) || (SIZEOF (.vector_6) <= (_vector_spacing << 0x5))), function at exception vector 6 too large)

.vector_7       0x9fc012e0        0x0
 *(.vector_7)
                0x00000001                ASSERT (((_vector_spacing == 0x0) || (SIZEOF (.vector_7) <= (_vector_spacing << 0x5))), function at exception vector 7 too large)

.vector_8       0x9fc01300        0x8
 *(.vector_8)
 .vector_8      0x9fc01300        0x8 Objects - Graphics Object Layer Demo\Beep.o
                0x00000001                ASSERT (((_vector_spacing == 0x0) || (SIZEOF (.vector_8) <= (_vector_spacing << 0x5))), function at exception vector 8 too large)

.vector_9       0x9fc01320        0x0
 *(.vector_9)
                0x00000001                ASSERT (((_vector_spacing == 0x0) || (SIZEOF (.vector_9) <= (_vector_spacing << 0x5))), function at exception vector 9 too large)

.vector_10      0x9fc01340        0x0
 *(.vector_10)
                0x00000001                ASSERT (((_vector_spacing == 0x0) || (SIZEOF (.vector_10) <= (_vector_spacing << 0x5))), function at exception vector 10 too large)

.vector_11      0x9fc01360        0x0
 *(.vector_11)
                0x00000001                ASSERT (((_vector_spacing == 0x0) || (SIZEOF (.vector_11) <= (_vector_spacing << 0x5))), function at exception vector 11 too large)

.vector_12      0x9fc01380        0x8
 *(.vector_12)
 .vector_12     0x9fc01380        0x8 Objects - Graphics Object Layer Demo\TouchScreen.o
                0x00000001                ASSERT (((_vector_spacing == 0x0) || (SIZEOF (.vector_12) <= (_vector_spacing << 0x5))), function at exception vector 12 too large)

.vector_13      0x9fc013a0        0x0
 *(.vector_13)
                0x00000001                ASSERT (((_vector_spacing == 0x0) || (SIZEOF (.vector_13) <= (_vector_spacing << 0x5))), function at exception vector 13 too large)

.vector_14      0x9fc013c0        0x0
 *(.vector_14)
                0x00000001                ASSERT (((_vector_spacing == 0x0) || (SIZEOF (.vector_14) <= (_vector_spacing << 0x5))), function at exception vector 14 too large)

.vector_15      0x9fc013e0        0x0
 *(.vector_15)
                0x00000001                ASSERT (((_vector_spacing == 0x0) || (SIZEOF (.vector_15) <= (_vector_spacing << 0x5))), function at exception vector 15 too large)

.vector_16      0x9fc01400        0x8
 *(.vector_16)
 .vector_16     0x9fc01400        0x8 Objects - Graphics Object Layer Demo\MainDemo.o
                0x00000001                ASSERT (((_vector_spacing == 0x0) || (SIZEOF (.vector_16) <= (_vector_spacing << 0x5))), function at exception vector 16 too large)

.vector_17      0x9fc01420        0x0
 *(.vector_17)
                0x00000001                ASSERT (((_vector_spacing == 0x0) || (SIZEOF (.vector_17) <= (_vector_spacing << 0x5))), function at exception vector 17 too large)

.vector_18      0x9fc01440        0x0
 *(.vector_18)
                0x00000001                ASSERT (((_vector_spacing == 0x0) || (SIZEOF (.vector_18) <= (_vector_spacing << 0x5))), function at exception vector 18 too large)

.vector_19      0x9fc01460        0x0
 *(.vector_19)
                0x00000001                ASSERT (((_vector_spacing == 0x0) || (SIZEOF (.vector_19) <= (_vector_spacing << 0x5))), function at exception vector 19 too large)

.vector_20      0x9fc01480        0x0
 *(.vector_20)
                0x00000001                ASSERT (((_vector_spacing == 0x0) || (SIZEOF (.vector_20) <= (_vector_spacing << 0x5))), function at exception vector 20 too large)

.vector_21      0x9fc014a0        0x0
 *(.vector_21)
                0x00000001                ASSERT (((_vector_spacing == 0x0) || (SIZEOF (.vector_21) <= (_vector_spacing << 0x5))), function at exception vector 21 too large)

.vector_22      0x9fc014c0        0x0
 *(.vector_22)
                0x00000001                ASSERT (((_vector_spacing == 0x0) || (SIZEOF (.vector_22) <= (_vector_spacing << 0x5))), function at exception vector 22 too large)

.vector_23      0x9fc014e0        0x0
 *(.vector_23)
                0x00000001                ASSERT (((_vector_spacing == 0x0) || (SIZEOF (.vector_23) <= (_vector_spacing << 0x5))), function at exception vector 23 too large)

.vector_24      0x9fc01500        0x0
 *(.vector_24)
                0x00000001                ASSERT (((_vector_spacing == 0x0) || (SIZEOF (.vector_24) <= (_vector_spacing << 0x5))), function at exception vector 24 too large)

.vector_25      0x9fc01520        0x0
 *(.vector_25)
                0x00000001                ASSERT (((_vector_spacing == 0x0) || (SIZEOF (.vector_25) <= (_vector_spacing << 0x5))), function at exception vector 25 too large)

.vector_26      0x9fc01540        0x0
 *(.vector_26)
                0x00000001                ASSERT (((_vector_spacing == 0x0) || (SIZEOF (.vector_26) <= (_vector_spacing << 0x5))), function at exception vector 26 too large)

.vector_27      0x9fc01560        0x0
 *(.vector_27)
                0x00000001                ASSERT (((_vector_spacing == 0x0) || (SIZEOF (.vector_27) <= (_vector_spacing << 0x5))), function at exception vector 27 too large)

.vector_28      0x9fc01580        0x0
 *(.vector_28)
                0x00000001                ASSERT (((_vector_spacing == 0x0) || (SIZEOF (.vector_28) <= (_vector_spacing << 0x5))), function at exception vector 28 too large)

.vector_29      0x9fc015a0        0x0
 *(.vector_29)
                0x00000001                ASSERT (((_vector_spacing == 0x0) || (SIZEOF (.vector_29) <= (_vector_spacing << 0x5))), function at exception vector 29 too large)

.vector_30      0x9fc015c0        0x0
 *(.vector_30)
                0x00000001                ASSERT (((_vector_spacing == 0x0) || (SIZEOF (.vector_30) <= (_vector_spacing << 0x5))), function at exception vector 30 too large)

.vector_31      0x9fc015e0        0x0
 *(.vector_31)
                0x00000001                ASSERT (((_vector_spacing == 0x0) || (SIZEOF (.vector_31) <= (_vector_spacing << 0x5))), function at exception vector 31 too large)

.vector_32      0x9fc01600        0x0
 *(.vector_32)
                0x00000001                ASSERT (((_vector_spacing == 0x0) || (SIZEOF (.vector_32) <= (_vector_spacing << 0x5))), function at exception vector 32 too large)

.vector_33      0x9fc01620        0x0
 *(.vector_33)
                0x00000001                ASSERT (((_vector_spacing == 0x0) || (SIZEOF (.vector_33) <= (_vector_spacing << 0x5))), function at exception vector 33 too large)

.vector_34      0x9fc01640        0x0
 *(.vector_34)
                0x00000001                ASSERT (((_vector_spacing == 0x0) || (SIZEOF (.vector_34) <= (_vector_spacing << 0x5))), function at exception vector 34 too large)

.vector_35      0x9fc01660        0x0
 *(.vector_35)
                0x00000001                ASSERT (((_vector_spacing == 0x0) || (SIZEOF (.vector_35) <= (_vector_spacing << 0x5))), function at exception vector 35 too large)

.vector_36      0x9fc01680        0x0
 *(.vector_36)
                0x00000001                ASSERT (((_vector_spacing == 0x0) || (SIZEOF (.vector_36) <= (_vector_spacing << 0x5))), function at exception vector 36 too large)

.vector_37      0x9fc016a0        0x0
 *(.vector_37)
                0x00000001                ASSERT (((_vector_spacing == 0x0) || (SIZEOF (.vector_37) <= (_vector_spacing << 0x5))), function at exception vector 37 too large)

.vector_38      0x9fc016c0        0x0
 *(.vector_38)
                0x00000001                ASSERT (((_vector_spacing == 0x0) || (SIZEOF (.vector_38) <= (_vector_spacing << 0x5))), function at exception vector 38 too large)

.vector_39      0x9fc016e0        0x0
 *(.vector_39)
                0x00000001                ASSERT (((_vector_spacing == 0x0) || (SIZEOF (.vector_39) <= (_vector_spacing << 0x5))), function at exception vector 39 too large)

.vector_40      0x9fc01700        0x0
 *(.vector_40)
                0x00000001                ASSERT (((_vector_spacing == 0x0) || (SIZEOF (.vector_40) <= (_vector_spacing << 0x5))), function at exception vector 40 too large)

.vector_41      0x9fc01720        0x0
 *(.vector_41)
                0x00000001                ASSERT (((_vector_spacing == 0x0) || (SIZEOF (.vector_41) <= (_vector_spacing << 0x5))), function at exception vector 41 too large)

.vector_42      0x9fc01740        0x0
 *(.vector_42)
                0x00000001                ASSERT (((_vector_spacing == 0x0) || (SIZEOF (.vector_42) <= (_vector_spacing << 0x5))), function at exception vector 42 too large)

.vector_43      0x9fc01760        0x0
 *(.vector_43)
                0x00000001                ASSERT (((_vector_spacing == 0x0) || (SIZEOF (.vector_43) <= (_vector_spacing << 0x5))), function at exception vector 43 too large)

.vector_44      0x9fc01780        0x0
 *(.vector_44)
                0x00000001                ASSERT (((_vector_spacing == 0x0) || (SIZEOF (.vector_44) <= (_vector_spacing << 0x5))), function at exception vector 44 too large)

.vector_45      0x9fc017a0        0x0
 *(.vector_45)
                0x00000001                ASSERT (((_vector_spacing == 0x0) || (SIZEOF (.vector_45) <= (_vector_spacing << 0x5))), function at exception vector 45 too large)

.vector_46      0x9fc017c0        0x0
 *(.vector_46)
                0x00000001                ASSERT (((_vector_spacing == 0x0) || (SIZEOF (.vector_46) <= (_vector_spacing << 0x5))), function at exception vector 46 too large)

.vector_47      0x9fc017e0        0x0
 *(.vector_47)
                0x00000001                ASSERT (((_vector_spacing == 0x0) || (SIZEOF (.vector_47) <= (_vector_spacing << 0x5))), function at exception vector 47 too large)

.vector_48      0x9fc01800        0x0
 *(.vector_48)
                0x00000001                ASSERT (((_vector_spacing == 0x0) || (SIZEOF (.vector_48) <= (_vector_spacing << 0x5))), function at exception vector 48 too large)

.vector_49      0x9fc01820        0x0
 *(.vector_49)
                0x00000001                ASSERT (((_vector_spacing == 0x0) || (SIZEOF (.vector_49) <= (_vector_spacing << 0x5))), function at exception vector 49 too large)

.vector_50      0x9fc01840        0x0
 *(.vector_50)
                0x00000001                ASSERT (((_vector_spacing == 0x0) || (SIZEOF (.vector_50) <= (_vector_spacing << 0x5))), function at exception vector 50 too large)

.vector_51      0x9fc01860        0x0
 *(.vector_51)
                0x00000001                ASSERT (((_vector_spacing == 0x0) || (SIZEOF (.vector_51) <= (_vector_spacing << 0x5))), function at exception vector 51 too large)

.vector_52      0x9fc01880        0x0
 *(.vector_52)
                0x00000001                ASSERT (((_vector_spacing == 0x0) || (SIZEOF (.vector_52) <= (_vector_spacing << 0x5))), function at exception vector 52 too large)

.vector_53      0x9fc018a0        0x0
 *(.vector_53)
                0x00000001                ASSERT (((_vector_spacing == 0x0) || (SIZEOF (.vector_53) <= (_vector_spacing << 0x5))), function at exception vector 53 too large)

.vector_54      0x9fc018c0        0x0
 *(.vector_54)
                0x00000001                ASSERT (((_vector_spacing == 0x0) || (SIZEOF (.vector_54) <= (_vector_spacing << 0x5))), function at exception vector 54 too large)

.vector_55      0x9fc018e0        0x0
 *(.vector_55)
                0x00000001                ASSERT (((_vector_spacing == 0x0) || (SIZEOF (.vector_55) <= (_vector_spacing << 0x5))), function at exception vector 55 too large)

.vector_56      0x9fc01900        0x0
 *(.vector_56)
                0x00000001                ASSERT (((_vector_spacing == 0x0) || (SIZEOF (.vector_56) <= (_vector_spacing << 0x5))), function at exception vector 56 too large)

.vector_57      0x9fc01920        0x0
 *(.vector_57)
                0x00000001                ASSERT (((_vector_spacing == 0x0) || (SIZEOF (.vector_57) <= (_vector_spacing << 0x5))), function at exception vector 57 too large)

.vector_58      0x9fc01940        0x0
 *(.vector_58)
                0x00000001                ASSERT (((_vector_spacing == 0x0) || (SIZEOF (.vector_58) <= (_vector_spacing << 0x5))), function at exception vector 58 too large)

.vector_59      0x9fc01960        0x0
 *(.vector_59)
                0x00000001                ASSERT (((_vector_spacing == 0x0) || (SIZEOF (.vector_59) <= (_vector_spacing << 0x5))), function at exception vector 59 too large)

.vector_60      0x9fc01980        0x0
 *(.vector_60)
                0x00000001                ASSERT (((_vector_spacing == 0x0) || (SIZEOF (.vector_60) <= (_vector_spacing << 0x5))), function at exception vector 60 too large)

.vector_61      0x9fc019a0        0x0
 *(.vector_61)
                0x00000001                ASSERT (((_vector_spacing == 0x0) || (SIZEOF (.vector_61) <= (_vector_spacing << 0x5))), function at exception vector 61 too large)

.vector_62      0x9fc019c0        0x0
 *(.vector_62)
                0x00000001                ASSERT (((_vector_spacing == 0x0) || (SIZEOF (.vector_62) <= (_vector_spacing << 0x5))), function at exception vector 62 too large)

.vector_63      0x9fc019e0        0x0
 *(.vector_63)
                0x00000001                ASSERT (((_vector_spacing == 0x0) || (SIZEOF (.vector_63) <= (_vector_spacing << 0x5))), function at exception vector 63 too large)

.startup        0x9fc00490      0x1e0
 *(.startup)
 .startup       0x9fc00490      0x1e0 C:/Program Files/Microchip/MPLAB C32/bin/../lib/gcc/pic32mx/3.4.4/../../../../pic32mx/lib/size/crt0.o

.text           0x9d000000    0x158a4
                0x9d000000                _text_begin = .
 *(.text .stub .text.* .gnu.linkonce.t.*)
 .text          0x9d000000       0x18 C:/Program Files/Microchip/MPLAB C32/bin/../lib/gcc/pic32mx/3.4.4/../../../../pic32mx/lib/size/crt0.o
 .text          0x9d000018      0xe60 Objects - Graphics Object Layer Demo\TouchScreen.o
                0x9d000a08                TouchCalibration
                0x9d000764                TouchLoadCalibration
                0x9d000574                TouchGetX
                0x9d00060c                TouchGetMsg
                0x9d0005c0                TouchGetY
                0x9d000484                TouchInit
                0x9d000018                _T3Interrupt
                0x9d000700                TouchStoreCalibration
                0x9d0007b8                TouchGetCalPoints
 .text          0x9d000e78      0x190 Objects - Graphics Object Layer Demo\Beep.o
                0x9d000f70                BeepInit
                0x9d000e78                _T2Interrupt
 .text          0x9d001008      0x38c Objects - Graphics Object Layer Demo\CustomControlDemo.o
                0x9d001180                CcDraw
                0x9d001008                CcCreate
                0x9d0010e4                CcTranslateMsg
                0x9d001168                CcMsgDefault
 .text          0x9d001394     0x5b90 Objects - Graphics Object Layer Demo\MainDemo.o
                0x9d002258                GraphPotentiometer
                0x9d002714                MsgPullDown
                0x9d006e6c                ErrorTrap
                0x9d005028                MsgSetDate
                0x9d004f80                UpdateRTCCDates
                0x9d002ff4                ShowPullDownMenu
                0x9d003a40                MsgSlider
                0x9d004524                MsgDateTime
                0x9d005a64                MsgCustomControl
                0x9d005964                CreateCustomControl
                0x9d006eb0                _T4Interrupt
                0x9d003c28                CreateProgressBar
                0x9d0043a8                updateDateTimeEb
                0x9d001394                TickInit
                0x9d002a34                MsgButtons
                0x9d002cc4                CreateStaticText
                0x9d00185c                GetECGSamples
                0x9d0062e4                GOLDrawCallback
                0x9d006148                PanelPotentiometer
                0x9d0014c8                MsgRadioButtons
                0x9d0024c8                CreateECG
                0x9d0047f0                CreateDateTime
                0x9d005850                CreatePicture
                0x9d00250c                CreateSignature
                0x9d005408                MsgDial
                0x9d003840                MsgSignature
                0x9d0015ec                MsgProgressBar
                0x9d005f94                PanelECG
                0x9d0017e0                GetPotSamples
                0x9d003f98                CreateEditBox
                0x9d003248                CreateListBox
                0x9d002bb4                CreateCheckBoxes
                0x9d002970                MsgMeter
                0x9d002530                CreateButtons
                0x9d003560                GraphECG
                0x9d001aec                main
                0x9d0018cc                StartScreen
                0x9d001f90                CreatePage
                0x9d003430                CreateSlider
                0x9d001408                MsgCheckBoxes
                0x9d002df0                CreateRadioButtons
                0x9d0055b8                UpdateMeter
                0x9d0024e8                CreatePotentiometer
                0x9d005714                CreateDial
                0x9d0021c4                AddItemList
                0x9d00167c                MsgECG
                0x9d0016c8                MsgStaticText
                0x9d006258                PanelSignature
                0x9d001634                MsgPotentiometer
                0x9d004cec                MsgEditBox
                0x9d001510                MsgPicture
                0x9d00528c                CreateMeter
                0x9d004748                RemovePullDownMenu
                0x9d003d08                MsgListBox
                0x9d0039d8                DrawSliderCursor
                0x9d005bdc                GOLMsgCallback
                0x9d00212c                CreatePullDown
 .text          0x9d006f24      0x158 Objects - Graphics Object Layer Demo\SideButtons.o
                0x9d006f24                SideButtonsMsg
 .text          0x9d00707c      0x850 Objects - Graphics Object Layer Demo\rtcc.o
                0x9d00775c                RTCCSetBinDay
                0x9d007868                RTCCSetBinYear
                0x9d0075c0                RTCCSetBinSec
                0x9d007520                RTCCInit
                0x9d0074ac                RTCCSet
                0x9d007698                RTCCCalculateWeekDay
                0x9d007820                RTCCSetBinMonth
                0x9d007650                RTCCSetBinHour
                0x9d00707c                RTCCProcessEvents
                0x9d007590                RTCCUnlock
                0x9d007608                RTCCSetBinMin
 .text          0x9d0078cc      0x4ac Objects - Graphics Object Layer Demo\Window.o
                0x9d007abc                WndDraw
                0x9d0079c4                WndSetText
                0x9d0078cc                WndCreate
                0x9d0079f8                WndTranslateMsg
 .text          0x9d007d78      0x6b8 Objects - Graphics Object Layer Demo\Button.o
                0x9d007f84                BtnTranslateMsg
                0x9d007ea8                BtnSetText
                0x9d007ef4                BtnMsgDefault
                0x9d0080e8                BtnDraw
                0x9d007d78                BtnCreate
 .text          0x9d008430      0x564 Objects - Graphics Object Layer Demo\CheckBox.o
                0x9d008520                CbSetText
                0x9d008554                CbMsgDefault
                0x9d0085e0                CbTranslateMsg
                0x9d008430                CbCreate
                0x9d0086c0                CbDraw
 .text          0x9d008994      0x5d4 Objects - Graphics Object Layer Demo\EditBox.o
                0x9d008c10                EbMsgDefault
                0x9d0089e0                EbCreate
                0x9d008af0                EbAddChar
                0x9d008cb4                EbDraw
                0x9d008994                EbSetText
                0x9d008b60                EbTranslateMsg
                0x9d008b38                EbDeleteChar
 .text          0x9d008f68      0xcb8 Objects - Graphics Object Layer Demo\GOL.o
                0x9d00906c                GOLCreateScheme
                0x9d008fb8                GOLGetFocusNext
                0x9d009288                GOLDraw
                0x9d0094b0                GOLMsg
                0x9d009228                GOLDeleteObjectByID
                0x9d0090e0                GOLInit
                0x9d009108                GOLFree
                0x9d009168                GOLDeleteObject
                0x9d008f68                GOLCanBeFocused
                0x9d009418                GOLRedrawRec
                0x9d0097e8                GOLPanelDrawTsk
                0x9d0091fc                GOLFindObject
                0x9d009258                GOLAddObject
                0x9d009014                GOLSetFocus
 .text          0x9d009c20      0x50c Objects - Graphics Object Layer Demo\GroupBox.o
                0x9d009db4                GbDraw
                0x9d009c20                GbCreate
                0x9d009d28                GbTranslateMsg
 .text          0x9d00a12c      0xbc4 Objects - Graphics Object Layer Demo\ListBox.o
                0x9d00a510                LbGetFocusedItem
                0x9d00a428                LbGetSel
                0x9d00a624                LbMsgDefault
                0x9d00a12c                LbAddItem
                0x9d00a4b0                LbSetFocusedItem
                0x9d00a45c                LbChangeSel
                0x9d00a7c8                LbDraw
                0x9d00a550                LbTranslateMsg
                0x9d00a204                LbCreate
                0x9d00a3e0                LbDelItemsList
                0x9d00a374                LbDelItem
 .text          0x9d00acf0      0xfcc Objects - Graphics Object Layer Demo\Meter.o
                0x9d00b068                MtrDraw
                0x9d00acf0                MtrCalcDimensions
                0x9d00b01c                MtrTranslateMsg
                0x9d00ae28                MtrCreate
                0x9d00afd8                MtrMsgDefault
                0x9d00af90                MtrSetVal
 .text          0x9d00bcbc      0x3bc Objects - Graphics Object Layer Demo\Picture.o
                0x9d00bd9c                PictTranslateMsg
                0x9d00be10                PictDraw
                0x9d00bcbc                PictCreate
 .text          0x9d00c078     0x14a4 Objects - Graphics Object Layer Demo\Primitive.o
                0x9d00ca44                Bevel
                0x9d00d108                DrawPoly
                0x9d00d3dc                OutTextXY
                0x9d00ceac                FillBevel
                0x9d00d378                OutText
                0x9d00d190                SetFont
                0x9d00d4fc                GetImageHeight
                0x9d00d4dc                GetImageWidth
                0x9d00c700                Line
                0x9d00c0b8                Arc
                0x9d00d4bc                GetTextHeight
                0x9d00d430                GetTextWidth
                0x9d00c078                InitGraph
                0x9d00d1c0                OutChar
 .text          0x9d00d51c      0x544 Objects - Graphics Object Layer Demo\ProgressBar.o
                0x9d00d694                PbSetPos
                0x9d00d6ac                PbSetRange
                0x9d00d6c4                PbTranslateMsg
                0x9d00d5a4                PbCreate
                0x9d00d51c                PbWordToString
                0x9d00d738                PbDraw
 .text          0x9d00da60      0x604 Objects - Graphics Object Layer Demo\RadioButton.o
                0x9d00dcd0                RbTranslateMsg
                0x9d00da60                RbCreate
                0x9d00dbd4                RbGetCheck
                0x9d00dc34                RbMsgDefault
                0x9d00dd9c                RbDraw
                0x9d00dc00                RbSetText
                0x9d00db8c                RbSetCheck
 .text          0x9d00e064      0x748 Objects - Graphics Object Layer Demo\RoundDial.o
                0x9d00e520                RdiaDraw
                0x9d00e19c                RdiaTranslateMsg
                0x9d00e064                RdiaCreate
                0x9d00e164                RdiaMsgDefault
 .text          0x9d00e7ac      0xcb0 Objects - Graphics Object Layer Demo\Slider.o
                0x9d00ea78                SldSetPos
                0x9d00e9f8                SldGetMinMaxPos
                0x9d00eb4c                SldSetRange
                0x9d00e874                SldGetWidth
                0x9d00ede4                SldTranslateMsg
                0x9d00ebf4                SldSetPage
                0x9d00ef00                SldDraw
                0x9d00e7ac                SldSetThumbSize
                0x9d00e7f0                SldGetHeight
                0x9d00e8f8                SldCreate
                0x9d00ec48                SldMsgDefault
 .text          0x9d00f45c      0x474 Objects - Graphics Object Layer Demo\StaticText.o
                0x9d00f45c                StCreate
                0x9d00f57c                StTranslateMsg
                0x9d00f5f0                StDraw
                0x9d00f548                StSetText
 .text          0x9d00f8d0     0x12b8 Objects - Graphics Object Layer Demo\DisplayDriver.o
                0x9d00fb18                DelayMs
                0x9d00f8f0                SetReg
                0x9d010964                PutImage16BPP
                0x9d010ad0                PutImage
                0x9d010184                GetPixel
                0x9d00f8d0                TCON_Delay
                0x9d00fc9c                SetAddress
                0x9d00fba0                TCON_Init
                0x9d00fd14                GetReg
                0x9d00f9a0                TCON_CTRL
                0x9d00f9d0                TCONWriteByte
                0x9d0103a0                ClearDevice
                0x9d010448                PutImage1BPP
                0x9d00fdfc                ResetDevice
                0x9d00fa54                GPIO_TCON
                0x9d010258                Bar
                0x9d0100a8                PutPixel
                0x9d0105f0                PutImage4BPP
                0x9d0107bc                PutImage8BPP
 .text          0x9d010b88      0x6e4 Objects - Graphics Object Layer Demo\SST25VF016.o
                0x9d010c54                SST25Init
                0x9d011094                SST25ReadArray
                0x9d010ea8                SST25ReadByte
                0x9d010dec                SST25WriteByte
                0x9d010fc4                SST25WriteArray
                0x9d010b88                SPIPut
                0x9d010d34                SST25WriteEnable
                0x9d010d84                SST25IsWriteBusy
                0x9d01116c                SST25ChipErase
                0x9d0111cc                SST25SectorErase
                0x9d010f4c                SST25WriteWord
                0x9d010bbc                SST25ResetWriteProtection
                0x9d010f88                SST25ReadWord
 .text          0x9d01126c      0x168 C:/Program Files/Microchip/MPLAB C32/bin/../lib/gcc/pic32mx/3.4.4/../../../../pic32mx/lib/size\libc.a(memcpy.o)
                0x9d01126c                memcpy
 .text.general_exception
                0x9d0113d4       0xd0 C:/Program Files/Microchip/MPLAB C32/bin/../lib/gcc/pic32mx/3.4.4/../../../../pic32mx/lib/size\libc.a(general-exception.o)
                0x9d0113d4                _general_exception_context
 .text.exit     0x9d0114a4       0x9c C:/Program Files/Microchip/MPLAB C32/bin/../lib/gcc/pic32mx/3.4.4/../../../../pic32mx/lib/size\libc.a(exit.o)
                0x9d0114a4                exit
 .text.bucketFree
                0x9d011540       0x74 C:/Program Files/Microchip/MPLAB C32/bin/../lib/gcc/pic32mx/3.4.4/../../../../pic32mx/lib/size\libc.a(malloc.o)
 .text.delete   0x9d0115b4       0x7c C:/Program Files/Microchip/MPLAB C32/bin/../lib/gcc/pic32mx/3.4.4/../../../../pic32mx/lib/size\libc.a(malloc.o)
 .text.getcore  0x9d011630       0x78 C:/Program Files/Microchip/MPLAB C32/bin/../lib/gcc/pic32mx/3.4.4/../../../../pic32mx/lib/size\libc.a(malloc.o)
 .text.bucketAlloc
                0x9d0116a8      0x168 C:/Program Files/Microchip/MPLAB C32/bin/../lib/gcc/pic32mx/3.4.4/../../../../pic32mx/lib/size\libc.a(malloc.o)
 .text.allocTnode
                0x9d011810       0x1c C:/Program Files/Microchip/MPLAB C32/bin/../lib/gcc/pic32mx/3.4.4/../../../../pic32mx/lib/size\libc.a(malloc.o)
 .text.treeFree
                0x9d01182c      0x168 C:/Program Files/Microchip/MPLAB C32/bin/../lib/gcc/pic32mx/3.4.4/../../../../pic32mx/lib/size\libc.a(malloc.o)
 .text.minit    0x9d011994      0x114 C:/Program Files/Microchip/MPLAB C32/bin/../lib/gcc/pic32mx/3.4.4/../../../../pic32mx/lib/size\libc.a(malloc.o)
 .text.malloc   0x9d011aa8      0x358 C:/Program Files/Microchip/MPLAB C32/bin/../lib/gcc/pic32mx/3.4.4/../../../../pic32mx/lib/size\libc.a(malloc.o)
                0x9d011aa8                malloc
 .text.free     0x9d011e00       0x64 C:/Program Files/Microchip/MPLAB C32/bin/../lib/gcc/pic32mx/3.4.4/../../../../pic32mx/lib/size\libc.a(malloc.o)
                0x9d011e00                free
 .text.realloc  0x9d011e64       0xf0 C:/Program Files/Microchip/MPLAB C32/bin/../lib/gcc/pic32mx/3.4.4/../../../../pic32mx/lib/size\libc.a(malloc.o)
                0x9d011e64                realloc
 .text._filbuf_simple
                0x9d011f54       0x48 C:/Program Files/Microchip/MPLAB C32/bin/../lib/gcc/pic32mx/3.4.4/../../../../pic32mx/lib/size\libc.a(_iobfuncs.o)
                0x9d011f54                _filbuf_simple
 .text._fflush_simple
                0x9d011f9c       0x6c C:/Program Files/Microchip/MPLAB C32/bin/../lib/gcc/pic32mx/3.4.4/../../../../pic32mx/lib/size\libc.a(_iobfuncs.o)
                0x9d011f9c                _fflush_simple
 .text._flsbuf_simple
                0x9d012008       0xdc C:/Program Files/Microchip/MPLAB C32/bin/../lib/gcc/pic32mx/3.4.4/../../../../pic32mx/lib/size\libc.a(_iobfuncs.o)
                0x9d012008                _flsbuf_simple
 .text._fwrite_simple
                0x9d0120e4       0x84 C:/Program Files/Microchip/MPLAB C32/bin/../lib/gcc/pic32mx/3.4.4/../../../../pic32mx/lib/size\libc.a(_iobfuncs.o)
                0x9d0120e4                _fwrite_simple
 .text._fsync_simple
                0x9d012168       0x34 C:/Program Files/Microchip/MPLAB C32/bin/../lib/gcc/pic32mx/3.4.4/../../../../pic32mx/lib/size\libc.a(_iobfuncs.o)
                0x9d012168                _fsync_simple
 .text._weak_pthread_mutex_init
                0x9d01219c        0x8 C:/Program Files/Microchip/MPLAB C32/bin/../lib/gcc/pic32mx/3.4.4/../../../../pic32mx/lib/size\libc.a(stubs.o)
                0x9d01219c                _weak_pthread_mutex_init
                0x9d01219c                pthread_mutex_init
 .text._weak_pthread_mutex_destroy
                0x9d0121a4        0x8 C:/Program Files/Microchip/MPLAB C32/bin/../lib/gcc/pic32mx/3.4.4/../../../../pic32mx/lib/size\libc.a(stubs.o)
                0x9d0121a4                _weak_pthread_mutex_destroy
                0x9d0121a4                pthread_mutex_destroy
 .text._weak_pthread_mutex_lock
                0x9d0121ac        0x8 C:/Program Files/Microchip/MPLAB C32/bin/../lib/gcc/pic32mx/3.4.4/../../../../pic32mx/lib/size\libc.a(stubs.o)
                0x9d0121ac                _weak_pthread_mutex_lock
                0x9d0121ac                pthread_mutex_lock
 .text._weak_pthread_mutex_trylock
                0x9d0121b4        0x8 C:/Program Files/Microchip/MPLAB C32/bin/../lib/gcc/pic32mx/3.4.4/../../../../pic32mx/lib/size\libc.a(stubs.o)
                0x9d0121b4                _weak_pthread_mutex_trylock
                0x9d0121b4                pthread_mutex_trylock
 .text._weak_pthread_mutex_unlock
                0x9d0121bc        0x8 C:/Program Files/Microchip/MPLAB C32/bin/../lib/gcc/pic32mx/3.4.4/../../../../pic32mx/lib/size\libc.a(stubs.o)
                0x9d0121bc                _weak_pthread_mutex_unlock
                0x9d0121bc                pthread_mutex_unlock
 .text._weak_pthread_mutex_setname_np
                0x9d0121c4        0x8 C:/Program Files/Microchip/MPLAB C32/bin/../lib/gcc/pic32mx/3.4.4/../../../../pic32mx/lib/size\libc.a(stubs.o)
                0x9d0121c4                pthread_mutex_setname_np
                0x9d0121c4                _weak_pthread_mutex_setname_np
 .text._weak_pthread_mutexattr_init
                0x9d0121cc        0x8 C:/Program Files/Microchip/MPLAB C32/bin/../lib/gcc/pic32mx/3.4.4/../../../../pic32mx/lib/size\libc.a(stubs.o)
                0x9d0121cc                _weak_pthread_mutexattr_init
                0x9d0121cc                pthread_mutexattr_init
 .text._weak_pthread_mutexattr_destroy
                0x9d0121d4        0x8 C:/Program Files/Microchip/MPLAB C32/bin/../lib/gcc/pic32mx/3.4.4/../../../../pic32mx/lib/size\libc.a(stubs.o)
                0x9d0121d4                pthread_mutexattr_destroy
                0x9d0121d4                _weak_pthread_mutexattr_destroy
 .text._weak_pthread_mutexattr_setname_np
                0x9d0121dc        0x8 C:/Program Files/Microchip/MPLAB C32/bin/../lib/gcc/pic32mx/3.4.4/../../../../pic32mx/lib/size\libc.a(stubs.o)
                0x9d0121dc                _weak_pthread_mutexattr_setname_np
                0x9d0121dc                pthread_mutexattr_setname_np
 .text._weak_pthread_mutexattr_settype_np
                0x9d0121e4        0x8 C:/Program Files/Microchip/MPLAB C32/bin/../lib/gcc/pic32mx/3.4.4/../../../../pic32mx/lib/size\libc.a(stubs.o)
                0x9d0121e4                _weak_pthread_mutexattr_settype_np
                0x9d0121e4                pthread_mutexattr_settype_np
 .text._weak_pthread_sysconf_np
                0x9d0121ec        0x8 C:/Program Files/Microchip/MPLAB C32/bin/../lib/gcc/pic32mx/3.4.4/../../../../pic32mx/lib/size\libc.a(stubs.o)
                0x9d0121ec                _weak_pthread_sysconf_np
                0x9d0121ec                pthread_sysconf_np
 .text._weak_pthread_sigdisable_np
                0x9d0121f4        0x8 C:/Program Files/Microchip/MPLAB C32/bin/../lib/gcc/pic32mx/3.4.4/../../../../pic32mx/lib/size\libc.a(stubs.o)
                0x9d0121f4                _weak_pthread_sigdisable_np
                0x9d0121f4                pthread_sigdisable_np
 .text._weak_pthread_sigrestore_np
                0x9d0121fc        0x8 C:/Program Files/Microchip/MPLAB C32/bin/../lib/gcc/pic32mx/3.4.4/../../../../pic32mx/lib/size\libc.a(stubs.o)
                0x9d0121fc                pthread_sigrestore_np
                0x9d0121fc                _weak_pthread_sigrestore_np
 .text._weak__pthread_cleanup_push
                0x9d012204        0x8 C:/Program Files/Microchip/MPLAB C32/bin/../lib/gcc/pic32mx/3.4.4/../../../../pic32mx/lib/size\libc.a(stubs.o)
                0x9d012204                _weak__pthread_cleanup_push
                0x9d012204                _pthread_cleanup_push
 .text._weak__pthread_cleanup_pop
                0x9d01220c        0x8 C:/Program Files/Microchip/MPLAB C32/bin/../lib/gcc/pic32mx/3.4.4/../../../../pic32mx/lib/size\libc.a(stubs.o)
                0x9d01220c                _pthread_cleanup_pop
                0x9d01220c                _weak__pthread_cleanup_pop
 .text._weak__pthread_cleanup_push_defer
                0x9d012214        0x8 C:/Program Files/Microchip/MPLAB C32/bin/../lib/gcc/pic32mx/3.4.4/../../../../pic32mx/lib/size\libc.a(stubs.o)
                0x9d012214                _weak__pthread_cleanup_push_defer
                0x9d012214                _pthread_cleanup_push_defer
 .text._weak__pthread_cleanup_pop_restore
                0x9d01221c        0x8 C:/Program Files/Microchip/MPLAB C32/bin/../lib/gcc/pic32mx/3.4.4/../../../../pic32mx/lib/size\libc.a(stubs.o)
                0x9d01221c                _pthread_cleanup_pop_restore
                0x9d01221c                _weak__pthread_cleanup_pop_restore
 .text._weak_pthread_once
                0x9d012224       0x2c C:/Program Files/Microchip/MPLAB C32/bin/../lib/gcc/pic32mx/3.4.4/../../../../pic32mx/lib/size\libc.a(stubs.o)
                0x9d012224                _weak_pthread_once
                0x9d012224                pthread_once
                0x9d012224                _pthread_once
 .text._weak_pthread_key_create
                0x9d012250        0x8 C:/Program Files/Microchip/MPLAB C32/bin/../lib/gcc/pic32mx/3.4.4/../../../../pic32mx/lib/size\libc.a(stubs.o)
                0x9d012250                pthread_key_create
                0x9d012250                _weak_pthread_key_create
 .text._weak_pthread_setspecific
                0x9d012258        0x8 C:/Program Files/Microchip/MPLAB C32/bin/../lib/gcc/pic32mx/3.4.4/../../../../pic32mx/lib/size\libc.a(stubs.o)
                0x9d012258                _weak_pthread_setspecific
                0x9d012258                pthread_setspecific
 .text._weak_pthread_getspecific
                0x9d012260        0x8 C:/Program Files/Microchip/MPLAB C32/bin/../lib/gcc/pic32mx/3.4.4/../../../../pic32mx/lib/size\libc.a(stubs.o)
                0x9d012260                pthread_getspecific
                0x9d012260                _weak_pthread_getspecific
 .text._weak__libc_private_storage
                0x9d012268        0x8 C:/Program Files/Microchip/MPLAB C32/bin/../lib/gcc/pic32mx/3.4.4/../../../../pic32mx/lib/size\libc.a(stubs.o)
                0x9d012268                _libc_private_storage
                0x9d012268                _weak__libc_private_storage
 .text.getpagesize
                0x9d012270        0x8 C:/Program Files/Microchip/MPLAB C32/bin/../lib/gcc/pic32mx/3.4.4/../../../../pic32mx/lib/size\libc.a(sbrk.o)
                0x9d012270                getpagesize
 .text._stub_sbd_memlayout
                0x9d012278       0x2c C:/Program Files/Microchip/MPLAB C32/bin/../lib/gcc/pic32mx/3.4.4/../../../../pic32mx/lib/size\libc.a(sbrk.o)
                0x9d012278                _stub_sbd_memlayout
                0x9d012278                _sbd_memlayout
 .text._sbrk_init
                0x9d0122a4      0x170 C:/Program Files/Microchip/MPLAB C32/bin/../lib/gcc/pic32mx/3.4.4/../../../../pic32mx/lib/size\libc.a(sbrk.o)
                0x9d0122a4                _sbrk_init
 .text._sbrk    0x9d012414       0xe0 C:/Program Files/Microchip/MPLAB C32/bin/../lib/gcc/pic32mx/3.4.4/../../../../pic32mx/lib/size\libc.a(sbrk.o)
                0x9d012414                _sbrk
 .text.sbrk     0x9d0124f4       0x4c C:/Program Files/Microchip/MPLAB C32/bin/../lib/gcc/pic32mx/3.4.4/../../../../pic32mx/lib/size\libc.a(sbrk.o)
                0x9d0124f4                sbrk
 .text._general_exception_handler
                0x9d012540        0x8 C:/Program Files/Microchip/MPLAB C32/bin/../lib/gcc/pic32mx/3.4.4/../../../../pic32mx/lib/size\libc.a(default-general-exception-handler.o)
                0x9d012540                _general_exception_handler
 .text._bootstrap_exception_handler
                0x9d012548        0x8 C:/Program Files/Microchip/MPLAB C32/bin/../lib/gcc/pic32mx/3.4.4/../../../../pic32mx/lib/size\libc.a(default-bootstrap-exception-handler.o)
                0x9d012548                _bootstrap_exception_handler
 .text._on_reset
                0x9d012550        0x8 C:/Program Files/Microchip/MPLAB C32/bin/../lib/gcc/pic32mx/3.4.4/../../../../pic32mx/lib/size\libc.a(default-on-reset.o)
                0x9d012550                _on_reset
 .text._on_bootstrap
                0x9d012558        0x8 C:/Program Files/Microchip/MPLAB C32/bin/../lib/gcc/pic32mx/3.4.4/../../../../pic32mx/lib/size\libc.a(default-on-bootstrap.o)
                0x9d012558                _on_bootstrap
 .text          0x9d012560       0x18 C:/Program Files/Microchip/MPLAB C32/bin/../lib/gcc/pic32mx/3.4.4/../../../../pic32mx/lib/size\libc.a(default-nmi-handler.o)
                0x9d012560                _nmi_handler
 .text._mon_getc
                0x9d012578        0x8 C:/Program Files/Microchip/MPLAB C32/bin/../lib/gcc/pic32mx/3.4.4/../../../../pic32mx/lib/size\libc.a(_mon_getc.o)
                0x9d012578                _mon_getc
 .text._mon_write
                0x9d012580       0x4c C:/Program Files/Microchip/MPLAB C32/bin/../lib/gcc/pic32mx/3.4.4/../../../../pic32mx/lib/size\libc.a(_mon_write.o)
                0x9d012580                _mon_write
 .text._exit    0x9d0125cc        0x8 C:/Program Files/Microchip/MPLAB C32/bin/../lib/gcc/pic32mx/3.4.4/../../../../pic32mx/lib/size\libc.a(_exit.o)
                0x9d0125cc                _exit
 .text          0x9d0125d4       0xa8 C:/Program Files/Microchip/MPLAB C32/bin/../lib/gcc/pic32mx/3.4.4/../../../../pic32mx/lib/size\libc.a(memset.o)
                0x9d0125d4                memset
 .text._mon_putc
                0x9d01267c       0x28 C:/Program Files/Microchip/MPLAB C32/bin/../lib/gcc/pic32mx/3.4.4/../../../../pic32mx/lib/size\libc.a(_mon_putc.o)
                0x9d01267c                _mon_putc
 .text          0x9d0126a4      0x6f8 C:/Program Files/Microchip/MPLAB C32/bin/../lib/gcc/pic32mx/3.4.4/../../../../pic32mx/lib/size\libm.a(trig32.o)
                0x9d012858                dpsin
                0x9d0126a4                reduct
                0x9d012b90                dptan
                0x9d0129f0                cos
                0x9d012858                sin
                0x9d0129f0                dpcos
                0x9d012b90                tan
 .text          0x9d012d9c      0x5d4 C:/Program Files/Microchip/MPLAB C32/bin/../lib/gcc/pic32mx/3.4.4/../../../../pic32mx/lib/size\libm.a(func32.o)
                0x9d012f70                exadd
                0x9d012ea4                exmul
                0x9d012d9c                sigmax
                0x9d01310c                exdiv
                0x9d01305c                exsub
 .text          0x9d013370     0x1128 C:/Program Files/Microchip/MPLAB C32/bin/../lib/gcc/pic32mx/3.4.4/../../../../pic32mx/lib/size\libm.a(dp32.o)
                0x9d014420                fabs
                0x9d0142e4                __eqdf2
                0x9d0142e4                __gtdf2
                0x9d013370                dpsub
                0x9d013f78                __floatsidf
                0x9d0142e4                __ltdf2
                0x9d013fec                ultodp
                0x9d01379c                dpmul
                0x9d0140e0                dptofp
                0x9d014260                __fixunsdfsi
                0x9d0142e4                dpcmp
                0x9d01403c                __extendsfdf2
                0x9d013378                __adddf3
                0x9d014260                dptoul
                0x9d013ac4                dpdiv
                0x9d013f78                litodp
                0x9d0141d8                __fixdfsi
                0x9d0142e4                __ledf2
                0x9d01403c                fptodp
                0x9d014408                __negdf2
                0x9d013378                dpadd
                0x9d013ac4                __divdf3
                0x9d01379c                __muldf3
                0x9d0140e0                __truncdfsf2
                0x9d0142e4                __nedf2
                0x9d0141d8                dptoli
                0x9d01443c                nan
                0x9d014420                dpfabs
                0x9d0142e4                __gedf2
                0x9d01443c                dpnan
                0x9d013370                __subdf3
 .text          0x9d014498      0x5bc C:/Program Files/Microchip/MPLAB C32/bin/../lib/gcc/pic32mx/3.4.4/../../../../pic32mx/lib/size\libm.a(sqrt32.o)
                0x9d014730                sqrt
                0x9d014498                exsqrt
                0x9d014730                dpsqrt
 .text          0x9d014a54      0x8ec C:/Program Files/Microchip/MPLAB C32/bin/../lib/gcc/pic32mx/3.4.4/../../../../pic32mx/lib/size\libm.a(fp32.o)
                0x9d014e80                __divsf3
                0x9d0150ac                sitofp
                0x9d015154                __fixsfsi
                0x9d014e80                fpdiv
                0x9d014a54                __subsf3
                0x9d015154                fptoli
                0x9d015240                __lesf2
                0x9d0152d4                fabsf
                0x9d015240                __nesf2
                0x9d015108                uitofp
                0x9d015240                __gtsf2
                0x9d0151cc                fptoui
                0x9d0152d4                fpfabs
                0x9d0150ac                __floatsisf
                0x9d015154                fptosi
                0x9d0152f4                fpnan
                0x9d015240                __eqsf2
                0x9d014a5c                fpadd
                0x9d0152e4                __negsf2
                0x9d015240                __ltsf2
                0x9d014a54                fpsub
                0x9d015240                fpcmp
                0x9d014cc8                __mulsf3
                0x9d015240                __gesf2
                0x9d0152f4                nanf
                0x9d0150ac                litofp
                0x9d014cc8                fpmul
                0x9d0151cc                __fixunssfsi
                0x9d014a5c                __addsf3
                0x9d0151cc                fptoul
                0x9d015108                ultofp
 .text.RtccInit
                0x9d015340      0x16c C:/Program Files/Microchip/MPLAB C32/bin/../lib/gcc/pic32mx/3.4.4/../../../../pic32mx/lib/size\libmchp_peripheral.a(rtcc_init_lib.o)
                0x9d015340                RtccInit
 .text.RtccSetDate
                0x9d0154ac       0x24 C:/Program Files/Microchip/MPLAB C32/bin/../lib/gcc/pic32mx/3.4.4/../../../../pic32mx/lib/size\libmchp_peripheral.a(rtcc_set_date_lib.o)
                0x9d0154ac                RtccSetDate
 .text.RtccSetTime
                0x9d0154d0       0x24 C:/Program Files/Microchip/MPLAB C32/bin/../lib/gcc/pic32mx/3.4.4/../../../../pic32mx/lib/size\libmchp_peripheral.a(rtcc_set_time_lib.o)
                0x9d0154d0                RtccSetTime
 .text.INTDisableInterrupts
                0x9d0154f4        0x8 C:/Program Files/Microchip/MPLAB C32/bin/../lib/gcc/pic32mx/3.4.4/../../../../pic32mx/lib/size\libmchp_peripheral.a(int_disable_interrupts_lib.o)
                0x9d0154f4                INTDisableInterrupts
 .text.INTEnableSystemMultiVectoredInt
                0x9d0154fc       0x34 C:/Program Files/Microchip/MPLAB C32/bin/../lib/gcc/pic32mx/3.4.4/../../../../pic32mx/lib/size\libmchp_peripheral.a(int_enable_mv_int_lib.o)
                0x9d0154fc                INTEnableSystemMultiVectoredInt
 .text.INTRestoreInterrupts
                0x9d015530       0x1c C:/Program Files/Microchip/MPLAB C32/bin/../lib/gcc/pic32mx/3.4.4/../../../../pic32mx/lib/size\libmchp_peripheral.a(int_restore_interrupts_lib.o)
                0x9d015530                INTRestoreInterrupts
 .text.OpenCoreTimer
                0x9d01554c        0xc C:/Program Files/Microchip/MPLAB C32/bin/../lib/gcc/pic32mx/3.4.4/../../../../pic32mx/lib/size\libmchp_peripheral.a(open_core_timer_lib.o)
                0x9d01554c                OpenCoreTimer
 .text.CheKseg0CacheOff
                0x9d015558       0x18 C:/Program Files/Microchip/MPLAB C32/bin/../lib/gcc/pic32mx/3.4.4/../../../../pic32mx/lib/size\libmchp_peripheral.a(pcache.o)
                0x9d015558                CheKseg0CacheOff
 .text.CheKseg0CacheOn
                0x9d015570       0x18 C:/Program Files/Microchip/MPLAB C32/bin/../lib/gcc/pic32mx/3.4.4/../../../../pic32mx/lib/size\libmchp_peripheral.a(pcache.o)
                0x9d015570                CheKseg0CacheOn
 .text._RtccSetTimeAndDate
                0x9d015588      0x210 C:/Program Files/Microchip/MPLAB C32/bin/../lib/gcc/pic32mx/3.4.4/../../../../pic32mx/lib/size\libmchp_peripheral.a(_rtcc_set_time_and_date_lib.o)
                0x9d015588                _RtccSetTimeAndDate
 .text._RtccWaitClockOff
                0x9d015798       0xe8 C:/Program Files/Microchip/MPLAB C32/bin/../lib/gcc/pic32mx/3.4.4/../../../../pic32mx/lib/size\libmchp_peripheral.a(_rtcc_wait_clock_off_lib.o)
                0x9d015798                _RtccWaitClockOff
 .text._RtccSetClockWait
                0x9d015880       0x14 C:/Program Files/Microchip/MPLAB C32/bin/../lib/gcc/pic32mx/3.4.4/../../../../pic32mx/lib/size\libmchp_peripheral.a(_rtcc_wait_clock_off_lib.o)
                0x9d015880                _RtccSetClockWait
 .text.INTEnableInterrupts
                0x9d015894        0x8 C:/Program Files/Microchip/MPLAB C32/bin/../lib/gcc/pic32mx/3.4.4/../../../../pic32mx/lib/size\libmchp_peripheral.a(int_enable_interrupts_lib.o)
                0x9d015894                INTEnableInterrupts
 .text.ReadCoreTimer
                0x9d01589c        0x8 C:/Program Files/Microchip/MPLAB C32/bin/../lib/gcc/pic32mx/3.4.4/../../../../pic32mx/lib/size\libmchp_peripheral.a(read_core_timer_lib.o)
                0x9d01589c                ReadCoreTimer
 *(.text.*personality*)
 *(.gnu.warning)
 *(.mips16.fn.*)
 *(.mips16.call.*)
                0x9d0158a4                _text_end = .

.rodata         0x9d0158a8     0xaa44
 *(.rodata .rodata.* .gnu.linkonce.r.*)
 .rodata        0x9d0158a8      0x138 Objects - Graphics Object Layer Demo\TouchScreen.o
 .rodata        0x9d0159e0       0x14 Objects - Graphics Object Layer Demo\CustomControlDemo.o
 .rodata        0x9d0159f4     0x12ac Objects - Graphics Object Layer Demo\Fonts.o
                0x9d0159f4                L1191428109
                0x9d016478                GOLMediumFont
                0x9d016c98                GOLSmallFont
                0x9d016480                L1191256973
 .rodata        0x9d016ca0      0x254 Objects - Graphics Object Layer Demo\MainDemo.o
                0x9d016d70                ecgPoints
                0x9d016d40                MonthItems
                0x9d016ca0                YearItems
                0x9d016ce0                DayItems
 .rodata        0x9d016ef4       0x74 Objects - Graphics Object Layer Demo\rtcc.o
 .rodata        0x9d016f68     0x7ad0 Objects - Graphics Object Layer Demo\Pictures PIC32.o
                0x9d01e9a4                L2185835933
                0x9d017fa8                Engine2
                0x9d01e6d8                mchpLogo
                0x9d0187cc                Engine3
                0x9d0187d4                L22063
                0x9d01e99c                mchpIcon0
                0x9d01cfe8                L1191913633
                0x9d01cfe0                intro
                0x9d017784                Engine1
                0x9d0196e8                L30166
                0x9d01abe8                L1191948195
                0x9d017fb0                L4133
                0x9d01e910                L1185835933
                0x9d019370                L10132
                0x9d01dad0                L1185835992
                0x9d016f68                L24120
                0x9d01dac8                gradientButton
                0x9d01778c                L23586
                0x9d018ff8                L19740
                0x9d0196e0                redphone
                0x9d01a160                bulboff
                0x9d01a168                L11600
                0x9d01e7f0                arrowDown
                0x9d01e6e0                L1185835973
                0x9d01e908                arrowUp
                0x9d01e7f8                L1185835967
                0x9d01abe0                bulbon
                0x9d01ea30                mchpIcon
                0x9d019368                greenphone
                0x9d018ff0                Engine4
 .rodata        0x9d01ea38       0x1c Objects - Graphics Object Layer Demo\Window.o
 .rodata        0x9d01ea54       0x18 Objects - Graphics Object Layer Demo\Button.o
 .rodata        0x9d01ea6c       0x1c Objects - Graphics Object Layer Demo\CheckBox.o
 .rodata        0x9d01ea88       0x94 Objects - Graphics Object Layer Demo\GOL.o
 .rodata        0x9d01eb1c     0x1588 Objects - Graphics Object Layer Demo\GOLFontDefault.o
                0x9d01eb1c                L1191258975
                0x9d02009c                GOLFontDefault
 .rodata        0x9d0200a4       0x38 Objects - Graphics Object Layer Demo\GroupBox.o
 .rodata        0x9d0200dc       0x18 Objects - Graphics Object Layer Demo\ListBox.o
 .rodata        0x9d0200f4       0x94 Objects - Graphics Object Layer Demo\Meter.o
                0x9d0200f4                _sineTable
 .rodata.cst8   0x9d020188       0x18 Objects - Graphics Object Layer Demo\Meter.o
 .rodata.cst4   0x9d0201a0        0x4 Objects - Graphics Object Layer Demo\Meter.o
 .rodata        0x9d0201a4       0x1c Objects - Graphics Object Layer Demo\Picture.o
 .rodata        0x9d0201c0       0x68 Objects - Graphics Object Layer Demo\Primitive.o
 .rodata        0x9d020228       0x1c Objects - Graphics Object Layer Demo\ProgressBar.o
 .rodata        0x9d020244       0x20 Objects - Graphics Object Layer Demo\RadioButton.o
 .rodata        0x9d020264       0x14 Objects - Graphics Object Layer Demo\RoundDial.o
 .rodata        0x9d020278       0x28 Objects - Graphics Object Layer Demo\Slider.o
 .rodata        0x9d0202a0       0x14 Objects - Graphics Object Layer Demo\StaticText.o
 .rodata.str1.4
                0x9d0202b4       0x21 C:/Program Files/Microchip/MPLAB C32/bin/../lib/gcc/pic32mx/3.4.4/../../../../pic32mx/lib/size\libc.a(malloc.o)
                                 0x24 (size before relaxing)
 *fill*         0x9d0202d5        0x3 00
 .rodata        0x9d0202d8       0x14 C:/Program Files/Microchip/MPLAB C32/bin/../lib/gcc/pic32mx/3.4.4/../../../../pic32mx/lib/size\libc.a(_iobdata.o)
                0x9d0202d8                _io_funcs
 *(.rodata1)
                0x9d0202ec                . = ALIGN (0x4)

.sdata2         0x9d0202ec        0x0
 *(.sdata2 .sdata2.* .gnu.linkonce.s2.*)
                0x9d0202ec                . = ALIGN (0x4)

.sbss2          0x9d0202ec        0x0
 *(.sbss2 .sbss2.* .gnu.linkonce.sb2.*)
                0x9d0202ec                . = ALIGN (0x4)

.eh_frame_hdr
 *(.eh_frame_hdr)

.eh_frame
 *(.eh_frame)

.dbg_data       0xa0000000        0x0
                0xa0000000                . = (. + DEFINED (_DEBUGGER)?0x200:0x0)

.data           0xa0000000      0x4d8 load address 0x9d0202ec
                0xa0000000                _data_begin = .
 *(.data .data.* .gnu.linkonce.d.*)
 .data          0xa0000000      0x2ec Objects - Graphics Object Layer Demo\MainDemo.o
                0xa000025c                EditBoxStr
                0xa0000274                ProgressBarStr
                0xa000029c                RadioButtonStr
                0xa00002b8                TouchScreenStr
                0xa0000240                SignatureStr
                0xa00000ac                UseR6PotStr
                0xa0000000                ScrSelList2
                0xa0000118                SetDateTimeStr
                0xa0000228                DisabledStr
                0xa00000a0                ScanModeStr
                0xa000024c                CustomStr
                0xa00000d0                LightLoadStr
                0xa000012c                HoldingStr
                0xa0000144                ListboxLstStr
                0xa000021c                TextLeftStr
                0xa0000268                ListBoxStr
                0xa0000284                StaticTextStr
                0xa000010c                SelectionStr
                0xa0000234                PlottingStr
                0xa00000dc                NormalLoadStr
                0xa00000f4                MoreStr
                0xa00000c4                HeavyLoadStr
                0xa00001b8                SpeedStr
                0xa0000100                AlignmentStr
                0xa0000138                CallingStr
                0xa0000210                TextBottomStr
                0xa0000290                GroupBoxStr
                0xa00000e8                BackStr
                0xa0000044                ScrSelList1
                0xa00001d0                StaticTextLstStr
                0xa00002ac                CheckBoxStr
 .data          0xa00002ec       0x20 Objects - Graphics Object Layer Demo\rtcc.o
                0xa00002fc                _time_str
                0xa00002ec                _date_str
 .data          0xa000030c       0x20 C:/Program Files/Microchip/MPLAB C32/bin/../lib/gcc/pic32mx/3.4.4/../../../../pic32mx/lib/size\libc.a(exit.o)
                0xa000030c                __exfun_mx
 .data          0xa000032c       0xd4 C:/Program Files/Microchip/MPLAB C32/bin/../lib/gcc/pic32mx/3.4.4/../../../../pic32mx/lib/size\libc.a(_iobdata.o)
 .data          0xa0000400       0x20 C:/Program Files/Microchip/MPLAB C32/bin/../lib/gcc/pic32mx/3.4.4/../../../../pic32mx/lib/size\libc.a(sbrk.o)
 .data          0xa0000420       0xb0 C:/Program Files/Microchip/MPLAB C32/bin/../lib/gcc/pic32mx/3.4.4/../../../../pic32mx/lib/size\libm.a(trig32.o)
 .data          0xa00004d0        0x8 C:/Program Files/Microchip/MPLAB C32/bin/../lib/gcc/pic32mx/3.4.4/../../../../pic32mx/lib/size\libmchp_peripheral.a(_rtcc_wait_clock_off_lib.o)
                0xa00004d0                _RtccWaitClkSteps
                0xa00004d4                _RtccWaitClkStepSz
 *(.gnu.linkonce.d.*personality*)
 *(.data1)
                0x9d0202ec                _data_image_begin = LOADADDR (.data)

.eh_frame
 *(.eh_frame)
                0xa00084d0                _gp = (ALIGN (0x10) + 0x7ff0)

.got
 *(.got.plt)
 *(.got)

.sdata          0xa00004d8      0x160 load address 0x9d0207c4
                0xa00004d8                _sdata_begin = .
 *(.sdata .sdata.* .gnu.linkonce.s.*)
 .sdata         0xa00004d8       0x10 Objects - Graphics Object Layer Demo\TouchScreen.o
                0xa00004e0                _calXMax
                0xa00004d8                adcY
                0xa00004e2                _calXMin
                0xa00004de                _calYMin
                0xa00004dc                _calYMax
                0xa00004da                adcX
 .sdata         0xa00004e8      0x134 Objects - Graphics Object Layer Demo\MainDemo.o
                0xa00005fc                SliderStr
                0xa00004f4                DTDoneText
                0xa0000568                ScaleStr
                0xa0000520                ValueLabelStr
                0xa00005bc                Rb1Str
                0xa0000590                SingleStr
                0xa00005ec                DialStr
                0xa00005cc                OnStr
                0xa0000558                RightArrowStr
                0xa00005a0                CenterStr
                0xa00005b8                Rb2Str
                0xa000050c                ScreenItems
                0xa00004fc                DTPlusSym
                0xa0000500                DTSetText
                0xa00005d0                HighStr
                0xa00005d4                LowStr
                0xa00004f0                DTDownArrow
                0xa0000528                Meter2Str
                0xa0000550                DownArrowStr
                0xa0000570                DecelStr
                0xa0000544                OnBulbStr
                0xa0000538                ReturnStr
                0xa0000548                ExitStr
                0xa0000560                AnimateStr
                0xa00005d8                HomeStr
                0xa0000518                Group1Str
                0xa000059c                RightStr
                0xa0000508                ScreenItems2
                0xa00005c8                OffStr
                0xa00004e8                inc
                0xa0000598                QuestionStr
                0xa00005f4                MeterStr
                0xa0000580                HoldStr
                0xa0000578                AccelStr
                0xa0000510                Group2Str
                0xa00005b0                Rb4Str
                0xa00005a4                LeftStr
                0xa0000588                AlignCenterStr
                0xa00005c0                EnableStr
                0xa000055c                LeftArrowStr
                0xa0000554                UpArrowStr
                0xa0000604                ButtonStr
                0xa00004f8                DTMinusSym
                0xa00004ec                DTUpArrow
                0xa00005b4                Rb3Str
                0xa00005ac                Rb5Str
                0xa0000504                pMyItemList
                0xa0000530                Meter1Str
                0xa00005e0                EcgStr
                0xa00005a8                Rb6Str
                0xa0000540                OffBulbStr
                0xa00005e4                PictureStr
 .sdata         0xa000061c        0x4 Objects - Graphics Object Layer Demo\SideButtons.o
 .sdata         0xa0000620        0x4 Objects - Graphics Object Layer Demo\Meter.o
 .sdata         0xa0000624        0x1 Objects - Graphics Object Layer Demo\Primitive.o
 *fill*         0xa0000625        0x3 00
 .sdata         0xa0000628        0x8 Objects - Graphics Object Layer Demo\ProgressBar.o
 .sdata         0xa0000630        0x4 Objects - Graphics Object Layer Demo\RoundDial.o
 .sdata         0xa0000634        0x4 C:/Program Files/Microchip/MPLAB C32/bin/../lib/gcc/pic32mx/3.4.4/../../../../pic32mx/lib/size\libc.a(_iobdata.o)
                0xa0000634                _libc_data
                0xa0000638                _sdata_end = .

.lit8
 *(.lit8)

.lit4
 *(.lit4)
                0xa0000638                . = ALIGN (0x4)
                0xa0000638                _data_end = .
                0xa0000638                _bss_begin = .

.sbss           0xa0000638      0x1d9
                0xa0000638                _sbss_begin = .
 *(.dynsbss)
 *(.sbss .sbss.* .gnu.linkonce.sb.*)
 .sbss          0xa0000638        0xc Objects - Graphics Object Layer Demo\TouchScreen.o
                0xa0000638                state
                0xa000063c                adcPot
 .sbss          0xa0000644        0x8 Objects - Graphics Object Layer Demo\CustomControlDemo.o
 .sbss          0xa000064c       0x30 Objects - Graphics Object Layer Demo\MainDemo.o
                0xa0000658                screenState
                0xa0000654                tick
                0xa000064c                counter
                0xa0000650                prevState
 .sbss          0xa000067c        0x4 Objects - Graphics Object Layer Demo\Window.o
 .sbss          0xa0000680        0xc Objects - Graphics Object Layer Demo\Button.o
 .sbss          0xa000068c        0x4 Objects - Graphics Object Layer Demo\CheckBox.o
 .sbss          0xa0000690        0x4 Objects - Graphics Object Layer Demo\EditBox.o
 .sbss          0xa0000694       0x1c Objects - Graphics Object Layer Demo\GOL.o
                0xa00006a0                _pGolObjects
                0xa000069c                _pDefaultGolScheme
                0xa0000694                _pRpnlBitmap
                0xa0000698                _pObjectFocused
 .sbss          0xa00006b0        0xc Objects - Graphics Object Layer Demo\GroupBox.o
 .sbss          0xa00006bc        0xc Objects - Graphics Object Layer Demo\ListBox.o
 .sbss          0xa00006c8       0x28 Objects - Graphics Object Layer Demo\Meter.o
 .sbss          0xa00006f0        0xc Objects - Graphics Object Layer Demo\Picture.o
 .sbss          0xa00006fc       0x34 Objects - Graphics Object Layer Demo\Primitive.o
 .sbss          0xa0000730        0x8 Objects - Graphics Object Layer Demo\ProgressBar.o
 .sbss          0xa0000738       0x14 Objects - Graphics Object Layer Demo\RadioButton.o
                0xa0000738                _pListButtons
 .sbss          0xa000074c        0x8 Objects - Graphics Object Layer Demo\RoundDial.o
 .sbss          0xa0000754       0x18 Objects - Graphics Object Layer Demo\Slider.o
 .sbss          0xa000076c        0xc Objects - Graphics Object Layer Demo\StaticText.o
 .sbss          0xa0000778        0x4 C:/Program Files/Microchip/MPLAB C32/bin/../lib/gcc/pic32mx/3.4.4/../../../../pic32mx/lib/size\libc.a(errno.o)
                0xa0000778                errno
 *(.scommon)
 .scommon       0xa000077c        0x2 Objects - Graphics Object Layer Demo\Beep.o
                0xa000077c                pulseCounter
 *fill*         0xa000077e        0x2 00
 .scommon       0xa0000780       0x5a Objects - Graphics Object Layer Demo\MainDemo.o
                0xa0000780                pProgressBar
                0xa0000784                x
                0xa0000788                redScheme
                0xa000078c                alt3Scheme
                0xa0000790                navScheme
                0xa0000794                pDwnBottom
                0xa0000798                altScheme
                0xa000079c                pNavList
                0xa00007a0                greenScheme
                0xa00007a4                pPicture
                0xa00007a8                pGenObj
                0xa00007ac                DateItemID
                0xa00007b0                pSlider
                0xa00007b4                pDwnLeft
                0xa00007b8                timeScheme
                0xa00007bc                alt4Scheme
                0xa00007c0                y
                0xa00007c2                pDwnRight
                0xa00007c4                alt2Scheme
                0xa00007c8                meterScheme
                0xa00007cc                animate
                0xa00007d0                pListSaved
                0xa00007d4                yellowScheme
                0xa00007d8                pDwnTop
 .scommon       0xa00007da        0x1 Objects - Graphics Object Layer Demo\rtcc.o
                0xa00007da                _rtcc_flag
 *fill*         0xa00007db        0x1 00
 .scommon       0xa00007dc       0x12 Objects - Graphics Object Layer Demo\GOL.o
                0xa00007dc                _rpnlX2
                0xa00007de                _rpnlR
                0xa00007e0                _rpnlX1
                0xa00007e2                _rpnlEmbossDkColor
                0xa00007e4                _rpnlEmbossSize
                0xa00007e6                _rpnlY2
                0xa00007e8                _rpnlEmbossLtColor
                0xa00007ea                _rpnlFaceColor
                0xa00007ec                _rpnlY1
 *fill*         0xa00007ee        0x2 00
 .scommon       0xa00007f0       0x13 Objects - Graphics Object Layer Demo\Primitive.o
                0xa00007f0                _cursorY
                0xa00007f2                _fontOrientation
                0xa00007f4                _fontFirstChar
                0xa00007f6                _fontHeight
                0xa00007f8                _cursorX
                0xa00007fa                _fontLastChar
                0xa00007fc                _font
                0xa0000800                _lineType
                0xa0000802                _lineThickness
 *fill*         0xa0000803        0x1 00
 .scommon       0xa0000804        0xd Objects - Graphics Object Layer Demo\DisplayDriver.o
                0xa0000804                _clipRgn
                0xa0000806                _clipRight
                0xa0000808                _clipBottom
                0xa000080a                _clipTop
                0xa000080c                _color
                0xa000080e                _clipLeft
                0xa0000810                value
                0xa0000811                _sbss_end = .

.bss            0xa0000814      0xaf0
 *(.dynbss)
 *(.bss .bss.* .gnu.linkonce.b.*)
 .bss           0xa0000814      0x2f0 C:/Program Files/Microchip/MPLAB C32/bin/../lib/gcc/pic32mx/3.4.4/../../../../pic32mx/lib/size\libc.a(malloc.o)
 .bss           0xa0000b04       0x88 C:/Program Files/Microchip/MPLAB C32/bin/../lib/gcc/pic32mx/3.4.4/../../../../pic32mx/lib/size\libc.a(_iobdata.o)
 .bss           0xa0000b8c       0x80 C:/Program Files/Microchip/MPLAB C32/bin/../lib/gcc/pic32mx/3.4.4/../../../../pic32mx/lib/size\libc.a(_iobfuncs.o)
 .bss           0xa0000c0c        0x4 C:/Program Files/Microchip/MPLAB C32/bin/../lib/gcc/pic32mx/3.4.4/../../../../pic32mx/lib/size\libc.a(stubs.o)
                0xa0000c0c                __isthreaded
 .bss           0xa0000c10       0x24 C:/Program Files/Microchip/MPLAB C32/bin/../lib/gcc/pic32mx/3.4.4/../../../../pic32mx/lib/size\libc.a(sbrk.o)
                0xa0000c14                _minbrk
                0xa0000c10                _maxbrk
 *(COMMON)
 COMMON         0xa0000c34      0x6ae Objects - Graphics Object Layer Demo\MainDemo.o
                0xa0000c34                tempBuffer
                0xa0000c48                ecgBuffer
                0xa0000e48                buffer
                0xa0001048                potBuffer
                0xa00012c8                dateTimeStr
 *fill*         0xa00012e2        0x2 00
 COMMON         0xa00012e4       0x20 Objects - Graphics Object Layer Demo\rtcc.o
                0xa00012e4                _time
                0xa00012f4                _time_chk
                0xa0001304                . = ALIGN (0x4)
                0xa0001304                . = ALIGN (0x4)
                0xa0001304                _end = .
                0xa0001304                _bss_end = .

.heap           0xa0001304     0x2000
                0xa0001304                _heap = .
                0xa0003304                . = (. + _min_heap_size)
 *fill*         0xa0001304     0x2000 00

.stack          0xa0003304      0x800
                0xa0003b04                . = (. + _min_stack_size)
 *fill*         0xa0003304      0x800 00

.ramfunc        0xa0004000        0x0 load address 0x9d020924
                0xa0004000                _ramfunc_begin = .
 *(.ramfunc .ramfunc.*)
                0xa0004000                . = ALIGN (0x4)
                0xa0004000                _ramfunc_end = .
                0x9d020924                _ramfunc_image_begin = LOADADDR (.ramfunc)
                0x00000000                _ramfunc_length = SIZEOF (.ramfunc)
                0x00004000                _bmxdkpba_address = (_ramfunc_begin - 0xa0000000)
                0x00008000                _bmxdudba_address = 0x8000
                0x00008000                _bmxdupba_address = 0x8000
                0xa0008000                _stack = (_ramfunc_length > 0x0)?(_ramfunc_begin - 0x4):0xa0008000
                0x00000001                ASSERT (((_min_stack_size + _min_heap_size) <= (_stack - _heap)), Not enough space to allocate both stack and heap.  Reduce heap and/or stack size.)

.pdr            0x00000000     0x2520
 *(.pdr)
 .pdr           0x00000000       0xa0 C:/Program Files/Microchip/MPLAB C32/bin/../lib/gcc/pic32mx/3.4.4/../../../../pic32mx/lib/size/crt0.o
 .pdr           0x000000a0      0x140 Objects - Graphics Object Layer Demo\TouchScreen.o
 .pdr           0x000001e0       0x60 Objects - Graphics Object Layer Demo\Beep.o
 .pdr           0x00000240       0x80 Objects - Graphics Object Layer Demo\CustomControlDemo.o
 .pdr           0x000002c0      0x740 Objects - Graphics Object Layer Demo\MainDemo.o
 .pdr           0x00000a00       0x20 Objects - Graphics Object Layer Demo\SideButtons.o
 .pdr           0x00000a20      0x160 Objects - Graphics Object Layer Demo\rtcc.o
 .pdr           0x00000b80       0x80 Objects - Graphics Object Layer Demo\Window.o
 .pdr           0x00000c00       0xa0 Objects - Graphics Object Layer Demo\Button.o
 .pdr           0x00000ca0       0xa0 Objects - Graphics Object Layer Demo\CheckBox.o
 .pdr           0x00000d40       0xe0 Objects - Graphics Object Layer Demo\EditBox.o
 .pdr           0x00000e20      0x1c0 Objects - Graphics Object Layer Demo\GOL.o
 .pdr           0x00000fe0       0x60 Objects - Graphics Object Layer Demo\GroupBox.o
 .pdr           0x00001040      0x160 Objects - Graphics Object Layer Demo\ListBox.o
 .pdr           0x000011a0       0xc0 Objects - Graphics Object Layer Demo\Meter.o
 .pdr           0x00001260       0x60 Objects - Graphics Object Layer Demo\Picture.o
 .pdr           0x000012c0      0x1c0 Objects - Graphics Object Layer Demo\Primitive.o
 .pdr           0x00001480       0xc0 Objects - Graphics Object Layer Demo\ProgressBar.o
 .pdr           0x00001540       0xe0 Objects - Graphics Object Layer Demo\RadioButton.o
 .pdr           0x00001620       0x80 Objects - Graphics Object Layer Demo\RoundDial.o
 .pdr           0x000016a0      0x160 Objects - Graphics Object Layer Demo\Slider.o
 .pdr           0x00001800       0x80 Objects - Graphics Object Layer Demo\StaticText.o
 .pdr           0x00001880      0x260 Objects - Graphics Object Layer Demo\DisplayDriver.o
 .pdr           0x00001ae0      0x1a0 Objects - Graphics Object Layer Demo\SST25VF016.o
 .pdr           0x00001c80       0x20 C:/Program Files/Microchip/MPLAB C32/bin/../lib/gcc/pic32mx/3.4.4/../../../../pic32mx/lib/size\libc.a(memcpy.o)
 .pdr           0x00001ca0       0x20 C:/Program Files/Microchip/MPLAB C32/bin/../lib/gcc/pic32mx/3.4.4/../../../../pic32mx/lib/size\libc.a(general-exception.o)
 .pdr           0x00001cc0       0x20 C:/Program Files/Microchip/MPLAB C32/bin/../lib/gcc/pic32mx/3.4.4/../../../../pic32mx/lib/size\libc.a(exit.o)
 .pdr           0x00001ce0      0x140 C:/Program Files/Microchip/MPLAB C32/bin/../lib/gcc/pic32mx/3.4.4/../../../../pic32mx/lib/size\libc.a(malloc.o)
 .pdr           0x00001e20       0xa0 C:/Program Files/Microchip/MPLAB C32/bin/../lib/gcc/pic32mx/3.4.4/../../../../pic32mx/lib/size\libc.a(_iobfuncs.o)
 .pdr           0x00001ec0      0x2c0 C:/Program Files/Microchip/MPLAB C32/bin/../lib/gcc/pic32mx/3.4.4/../../../../pic32mx/lib/size\libc.a(stubs.o)
 .pdr           0x00002180       0xa0 C:/Program Files/Microchip/MPLAB C32/bin/../lib/gcc/pic32mx/3.4.4/../../../../pic32mx/lib/size\libc.a(sbrk.o)
 .pdr           0x00002220       0x20 C:/Program Files/Microchip/MPLAB C32/bin/../lib/gcc/pic32mx/3.4.4/../../../../pic32mx/lib/size\libc.a(default-general-exception-handler.o)
 .pdr           0x00002240       0x20 C:/Program Files/Microchip/MPLAB C32/bin/../lib/gcc/pic32mx/3.4.4/../../../../pic32mx/lib/size\libc.a(default-bootstrap-exception-handler.o)
 .pdr           0x00002260       0x20 C:/Program Files/Microchip/MPLAB C32/bin/../lib/gcc/pic32mx/3.4.4/../../../../pic32mx/lib/size\libc.a(default-on-reset.o)
 .pdr           0x00002280       0x20 C:/Program Files/Microchip/MPLAB C32/bin/../lib/gcc/pic32mx/3.4.4/../../../../pic32mx/lib/size\libc.a(default-on-bootstrap.o)
 .pdr           0x000022a0       0x20 C:/Program Files/Microchip/MPLAB C32/bin/../lib/gcc/pic32mx/3.4.4/../../../../pic32mx/lib/size\libc.a(default-nmi-handler.o)
 .pdr           0x000022c0       0x20 C:/Program Files/Microchip/MPLAB C32/bin/../lib/gcc/pic32mx/3.4.4/../../../../pic32mx/lib/size\libc.a(_mon_getc.o)
 .pdr           0x000022e0       0x20 C:/Program Files/Microchip/MPLAB C32/bin/../lib/gcc/pic32mx/3.4.4/../../../../pic32mx/lib/size\libc.a(_mon_write.o)
 .pdr           0x00002300       0x20 C:/Program Files/Microchip/MPLAB C32/bin/../lib/gcc/pic32mx/3.4.4/../../../../pic32mx/lib/size\libc.a(_exit.o)
 .pdr           0x00002320       0x20 C:/Program Files/Microchip/MPLAB C32/bin/../lib/gcc/pic32mx/3.4.4/../../../../pic32mx/lib/size\libc.a(memset.o)
 .pdr           0x00002340       0x20 C:/Program Files/Microchip/MPLAB C32/bin/../lib/gcc/pic32mx/3.4.4/../../../../pic32mx/lib/size\libc.a(_mon_putc.o)
 .pdr           0x00002360       0x20 C:/Program Files/Microchip/MPLAB C32/bin/../lib/gcc/pic32mx/3.4.4/../../../../pic32mx/lib/size\libmchp_peripheral.a(rtcc_init_lib.o)
 .pdr           0x00002380       0x20 C:/Program Files/Microchip/MPLAB C32/bin/../lib/gcc/pic32mx/3.4.4/../../../../pic32mx/lib/size\libmchp_peripheral.a(rtcc_set_date_lib.o)
 .pdr           0x000023a0       0x20 C:/Program Files/Microchip/MPLAB C32/bin/../lib/gcc/pic32mx/3.4.4/../../../../pic32mx/lib/size\libmchp_peripheral.a(rtcc_set_time_lib.o)
 .pdr           0x000023c0       0x20 C:/Program Files/Microchip/MPLAB C32/bin/../lib/gcc/pic32mx/3.4.4/../../../../pic32mx/lib/size\libmchp_peripheral.a(int_disable_interrupts_lib.o)
 .pdr           0x000023e0       0x20 C:/Program Files/Microchip/MPLAB C32/bin/../lib/gcc/pic32mx/3.4.4/../../../../pic32mx/lib/size\libmchp_peripheral.a(int_enable_mv_int_lib.o)
 .pdr           0x00002400       0x20 C:/Program Files/Microchip/MPLAB C32/bin/../lib/gcc/pic32mx/3.4.4/../../../../pic32mx/lib/size\libmchp_peripheral.a(int_restore_interrupts_lib.o)
 .pdr           0x00002420       0x20 C:/Program Files/Microchip/MPLAB C32/bin/../lib/gcc/pic32mx/3.4.4/../../../../pic32mx/lib/size\libmchp_peripheral.a(open_core_timer_lib.o)
 .pdr           0x00002440       0x40 C:/Program Files/Microchip/MPLAB C32/bin/../lib/gcc/pic32mx/3.4.4/../../../../pic32mx/lib/size\libmchp_peripheral.a(pcache.o)
 .pdr           0x00002480       0x20 C:/Program Files/Microchip/MPLAB C32/bin/../lib/gcc/pic32mx/3.4.4/../../../../pic32mx/lib/size\libmchp_peripheral.a(_rtcc_set_time_and_date_lib.o)
 .pdr           0x000024a0       0x40 C:/Program Files/Microchip/MPLAB C32/bin/../lib/gcc/pic32mx/3.4.4/../../../../pic32mx/lib/size\libmchp_peripheral.a(_rtcc_wait_clock_off_lib.o)
 .pdr           0x000024e0       0x20 C:/Program Files/Microchip/MPLAB C32/bin/../lib/gcc/pic32mx/3.4.4/../../../../pic32mx/lib/size\libmchp_peripheral.a(int_enable_interrupts_lib.o)
 .pdr           0x00002500       0x20 C:/Program Files/Microchip/MPLAB C32/bin/../lib/gcc/pic32mx/3.4.4/../../../../pic32mx/lib/size\libmchp_peripheral.a(read_core_timer_lib.o)

.reginfo        0x00000000       0x18
 *(.reginfo)
 .reginfo       0x00000000       0x18 C:/Program Files/Microchip/MPLAB C32/bin/../lib/gcc/pic32mx/3.4.4/../../../../pic32mx/lib/size/crt0.o

.stab
 *(.stab)

.stabstr
 *(.stabstr)

.stab.excl
 *(.stab.excl)

.stab.exclstr
 *(.stab.exclstr)

.stab.index
 *(.stab.index)

.stab.indexstr
 *(.stab.indexstr)

.comment        0x00000000     0x1358
 *(.comment)
 .comment       0x00000000       0x4d Objects - Graphics Object Layer Demo\TouchScreen.o
 .comment       0x0000004d       0x4d Objects - Graphics Object Layer Demo\Beep.o
 .comment       0x0000009a       0x4d Objects - Graphics Object Layer Demo\CustomControlDemo.o
 .comment       0x000000e7       0x4d Objects - Graphics Object Layer Demo\Fonts.o
 .comment       0x00000134       0x4d Objects - Graphics Object Layer Demo\MainDemo.o
 .comment       0x00000181       0x4d Objects - Graphics Object Layer Demo\SideButtons.o
 .comment       0x000001ce       0x4d Objects - Graphics Object Layer Demo\rtcc.o
 .comment       0x0000021b       0x4d Objects - Graphics Object Layer Demo\EEPROM.o
 .comment       0x00000268       0x4d Objects - Graphics Object Layer Demo\Pictures PIC32.o
 .comment       0x000002b5       0x4d Objects - Graphics Object Layer Demo\Window.o
 .comment       0x00000302       0x4d Objects - Graphics Object Layer Demo\Button.o
 .comment       0x0000034f       0x4d Objects - Graphics Object Layer Demo\Chart.o
 .comment       0x0000039c       0x4d Objects - Graphics Object Layer Demo\CheckBox.o
 .comment       0x000003e9       0x4d Objects - Graphics Object Layer Demo\EditBox.o
 .comment       0x00000436       0x4d Objects - Graphics Object Layer Demo\GOL.o
 .comment       0x00000483       0x4d Objects - Graphics Object Layer Demo\GOLFontDefault.o
 .comment       0x000004d0       0x4d Objects - Graphics Object Layer Demo\Grid.o
 .comment       0x0000051d       0x4d Objects - Graphics Object Layer Demo\GroupBox.o
 .comment       0x0000056a       0x4d Objects - Graphics Object Layer Demo\ListBox.o
 .comment       0x000005b7       0x4d Objects - Graphics Object Layer Demo\Meter.o
 .comment       0x00000604       0x4d Objects - Graphics Object Layer Demo\Picture.o
 .comment       0x00000651       0x4d Objects - Graphics Object Layer Demo\Primitive.o
 .comment       0x0000069e       0x4d Objects - Graphics Object Layer Demo\ProgressBar.o
 .comment       0x000006eb       0x4d Objects - Graphics Object Layer Demo\RadioButton.o
 .comment       0x00000738       0x4d Objects - Graphics Object Layer Demo\RoundDial.o
 .comment       0x00000785       0x4d Objects - Graphics Object Layer Demo\Slider.o
 .comment       0x000007d2       0x4d Objects - Graphics Object Layer Demo\StaticText.o
 .comment       0x0000081f       0x4d Objects - Graphics Object Layer Demo\DisplayDriver.o
 .comment       0x0000086c       0x4d Objects - Graphics Object Layer Demo\SST25VF016.o
 .comment       0x000008b9       0x9a C:/Program Files/Microchip/MPLAB C32/bin/../lib/gcc/pic32mx/3.4.4/../../../../pic32mx/lib/size\libc.a(exit.o)
 .comment       0x00000953       0x9c C:/Program Files/Microchip/MPLAB C32/bin/../lib/gcc/pic32mx/3.4.4/../../../../pic32mx/lib/size\libc.a(malloc.o)
 .comment       0x000009ef       0xa0 C:/Program Files/Microchip/MPLAB C32/bin/../lib/gcc/pic32mx/3.4.4/../../../../pic32mx/lib/size\libc.a(_iobdata.o)
 .comment       0x00000a8f       0xa1 C:/Program Files/Microchip/MPLAB C32/bin/../lib/gcc/pic32mx/3.4.4/../../../../pic32mx/lib/size\libc.a(_iobfuncs.o)
 .comment       0x00000b30       0x9b C:/Program Files/Microchip/MPLAB C32/bin/../lib/gcc/pic32mx/3.4.4/../../../../pic32mx/lib/size\libc.a(stubs.o)
 .comment       0x00000bcb       0x98 C:/Program Files/Microchip/MPLAB C32/bin/../lib/gcc/pic32mx/3.4.4/../../../../pic32mx/lib/size\libc.a(sbrk.o)
 .comment       0x00000c63       0x4d C:/Program Files/Microchip/MPLAB C32/bin/../lib/gcc/pic32mx/3.4.4/../../../../pic32mx/lib/size\libc.a(default-general-exception-handler.o)
 .comment       0x00000cb0       0x4d C:/Program Files/Microchip/MPLAB C32/bin/../lib/gcc/pic32mx/3.4.4/../../../../pic32mx/lib/size\libc.a(default-bootstrap-exception-handler.o)
 .comment       0x00000cfd       0x4d C:/Program Files/Microchip/MPLAB C32/bin/../lib/gcc/pic32mx/3.4.4/../../../../pic32mx/lib/size\libc.a(default-on-reset.o)
 .comment       0x00000d4a       0x4d C:/Program Files/Microchip/MPLAB C32/bin/../lib/gcc/pic32mx/3.4.4/../../../../pic32mx/lib/size\libc.a(default-on-bootstrap.o)
 .comment       0x00000d97       0x4d C:/Program Files/Microchip/MPLAB C32/bin/../lib/gcc/pic32mx/3.4.4/../../../../pic32mx/lib/size\libc.a(_mon_getc.o)
 .comment       0x00000de4       0x4d C:/Program Files/Microchip/MPLAB C32/bin/../lib/gcc/pic32mx/3.4.4/../../../../pic32mx/lib/size\libc.a(_mon_write.o)
 .comment       0x00000e31       0x4d C:/Program Files/Microchip/MPLAB C32/bin/../lib/gcc/pic32mx/3.4.4/../../../../pic32mx/lib/size\libc.a(_exit.o)
 .comment       0x00000e7e       0x56 C:/Program Files/Microchip/MPLAB C32/bin/../lib/gcc/pic32mx/3.4.4/../../../../pic32mx/lib/size\libc.a(memset.o)
 .comment       0x00000ed4       0x9b C:/Program Files/Microchip/MPLAB C32/bin/../lib/gcc/pic32mx/3.4.4/../../../../pic32mx/lib/size\libc.a(errno.o)
 .comment       0x00000f6f       0x4d C:/Program Files/Microchip/MPLAB C32/bin/../lib/gcc/pic32mx/3.4.4/../../../../pic32mx/lib/size\libc.a(_mon_putc.o)
 .comment       0x00000fbc       0x4d C:/Program Files/Microchip/MPLAB C32/bin/../lib/gcc/pic32mx/3.4.4/../../../../pic32mx/lib/size\libmchp_peripheral.a(rtcc_init_lib.o)
 .comment       0x00001009       0x4d C:/Program Files/Microchip/MPLAB C32/bin/../lib/gcc/pic32mx/3.4.4/../../../../pic32mx/lib/size\libmchp_peripheral.a(rtcc_set_date_lib.o)
 .comment       0x00001056       0x4d C:/Program Files/Microchip/MPLAB C32/bin/../lib/gcc/pic32mx/3.4.4/../../../../pic32mx/lib/size\libmchp_peripheral.a(rtcc_set_time_lib.o)
 .comment       0x000010a3       0x4d C:/Program Files/Microchip/MPLAB C32/bin/../lib/gcc/pic32mx/3.4.4/../../../../pic32mx/lib/size\libmchp_peripheral.a(int_disable_interrupts_lib.o)
 .comment       0x000010f0       0x4d C:/Program Files/Microchip/MPLAB C32/bin/../lib/gcc/pic32mx/3.4.4/../../../../pic32mx/lib/size\libmchp_peripheral.a(int_enable_mv_int_lib.o)
 .comment       0x0000113d       0x4d C:/Program Files/Microchip/MPLAB C32/bin/../lib/gcc/pic32mx/3.4.4/../../../../pic32mx/lib/size\libmchp_peripheral.a(int_restore_interrupts_lib.o)
 .comment       0x0000118a       0x4d C:/Program Files/Microchip/MPLAB C32/bin/../lib/gcc/pic32mx/3.4.4/../../../../pic32mx/lib/size\libmchp_peripheral.a(open_core_timer_lib.o)
 .comment       0x000011d7       0x4d C:/Program Files/Microchip/MPLAB C32/bin/../lib/gcc/pic32mx/3.4.4/../../../../pic32mx/lib/size\libmchp_peripheral.a(pcache.o)
 .comment       0x00001224       0x4d C:/Program Files/Microchip/MPLAB C32/bin/../lib/gcc/pic32mx/3.4.4/../../../../pic32mx/lib/size\libmchp_peripheral.a(_rtcc_set_time_and_date_lib.o)
 .comment       0x00001271       0x4d C:/Program Files/Microchip/MPLAB C32/bin/../lib/gcc/pic32mx/3.4.4/../../../../pic32mx/lib/size\libmchp_peripheral.a(_rtcc_wait_clock_off_lib.o)
 .comment       0x000012be       0x4d C:/Program Files/Microchip/MPLAB C32/bin/../lib/gcc/pic32mx/3.4.4/../../../../pic32mx/lib/size\libmchp_peripheral.a(int_enable_interrupts_lib.o)
 .comment       0x0000130b       0x4d C:/Program Files/Microchip/MPLAB C32/bin/../lib/gcc/pic32mx/3.4.4/../../../../pic32mx/lib/size\libmchp_peripheral.a(read_core_timer_lib.o)

.debug
 *(.debug)

.line
 *(.line)

.debug_srcinfo
 *(.debug_srcinfo)
